
*** Running vivado
    with args -log bft.vdi -applog -m64 -product Vivado -messageDb vivado.pb -mode batch -source bft.tcl -notrace



****** Vivado v2024.1 (64-bit)
  **** SW Build 5076996 on Wed May 22 18:37:14 MDT 2024
  **** IP Build 5075265 on Wed May 22 21:45:21 MDT 2024
  **** SharedData Build 5076995 on Wed May 22 18:29:18 MDT 2024
  **** Start of session at: Wed Sep  3 15:40:58 2025
    ** Copyright 1986-2022 Xilinx, Inc. All Rights Reserved.
    ** Copyright 2022-2024 Advanced Micro Devices, Inc. All Rights Reserved.

source bft.tcl -notrace
create_project: Time (s): cpu = 00:00:12 ; elapsed = 00:00:13 . Memory (MB): peak = 507.211 ; gain = 199.340
Command: link_design -top bft -part xc7z020clg400-1
Design is defaulting to srcset: sources_1
Design is defaulting to constrset: constrs_1
INFO: [Device 21-403] Loading part xc7z020clg400-1
INFO: [Device 21-9227] Part: xc7z020clg400-1 does not have CEAM library.
Netlist sorting complete. Time (s): cpu = 00:00:00 ; elapsed = 00:00:00.077 . Memory (MB): peak = 943.172 ; gain = 0.000
INFO: [Netlist 29-17] Analyzing 160 Unisim elements for replacement
INFO: [Netlist 29-28] Unisim Transformation completed in 0 CPU seconds
INFO: [Project 1-479] Netlist was created with Vivado 2024.1
INFO: [Project 1-570] Preparing netlist for logic optimization
Parsing XDC File [C:/Users/oleja/Documents/7.semester/DDS1/Git/TFE4141_Digital_Design_1/ole_tutorial/project_2/project_2.srcs/constrs_1/imports/Sources/bft_full_kintex7.xdc]
CRITICAL WARNING: [Common 17-69] Command failed: 'V22' is not a valid site or package pin name. [C:/Users/oleja/Documents/7.semester/DDS1/Git/TFE4141_Digital_Design_1/ole_tutorial/project_2/project_2.srcs/constrs_1/imports/Sources/bft_full_kintex7.xdc:9]
CRITICAL WARNING: [Common 17-69] Command failed: 'E21' is not a valid site or package pin name. [C:/Users/oleja/Documents/7.semester/DDS1/Git/TFE4141_Digital_Design_1/ole_tutorial/project_2/project_2.srcs/constrs_1/imports/Sources/bft_full_kintex7.xdc:10]
CRITICAL WARNING: [Common 17-69] Command failed: 'T18' is not a valid site or package pin name. [C:/Users/oleja/Documents/7.semester/DDS1/Git/TFE4141_Digital_Design_1/ole_tutorial/project_2/project_2.srcs/constrs_1/imports/Sources/bft_full_kintex7.xdc:13]
CRITICAL WARNING: [Common 17-69] Command failed: 'E22' is not a valid site or package pin name. [C:/Users/oleja/Documents/7.semester/DDS1/Git/TFE4141_Digital_Design_1/ole_tutorial/project_2/project_2.srcs/constrs_1/imports/Sources/bft_full_kintex7.xdc:15]
CRITICAL WARNING: [Common 17-69] Command failed: 'P17' is not a valid site or package pin name. [C:/Users/oleja/Documents/7.semester/DDS1/Git/TFE4141_Digital_Design_1/ole_tutorial/project_2/project_2.srcs/constrs_1/imports/Sources/bft_full_kintex7.xdc:17]
CRITICAL WARNING: [Common 17-69] Command failed: 'H22' is not a valid site or package pin name. [C:/Users/oleja/Documents/7.semester/DDS1/Git/TFE4141_Digital_Design_1/ole_tutorial/project_2/project_2.srcs/constrs_1/imports/Sources/bft_full_kintex7.xdc:20]
CRITICAL WARNING: [Common 17-69] Command failed: 'N22' is not a valid site or package pin name. [C:/Users/oleja/Documents/7.semester/DDS1/Git/TFE4141_Digital_Design_1/ole_tutorial/project_2/project_2.srcs/constrs_1/imports/Sources/bft_full_kintex7.xdc:21]
CRITICAL WARNING: [Common 17-69] Command failed: 'P21' is not a valid site or package pin name. [C:/Users/oleja/Documents/7.semester/DDS1/Git/TFE4141_Digital_Design_1/ole_tutorial/project_2/project_2.srcs/constrs_1/imports/Sources/bft_full_kintex7.xdc:22]
CRITICAL WARNING: [Common 17-69] Command failed: 'W21' is not a valid site or package pin name. [C:/Users/oleja/Documents/7.semester/DDS1/Git/TFE4141_Digital_Design_1/ole_tutorial/project_2/project_2.srcs/constrs_1/imports/Sources/bft_full_kintex7.xdc:23]
CRITICAL WARNING: [Common 17-69] Command failed: 'H19' is not a valid site or package pin name. [C:/Users/oleja/Documents/7.semester/DDS1/Git/TFE4141_Digital_Design_1/ole_tutorial/project_2/project_2.srcs/constrs_1/imports/Sources/bft_full_kintex7.xdc:24]
CRITICAL WARNING: [Common 17-69] Command failed: 'G22' is not a valid site or package pin name. [C:/Users/oleja/Documents/7.semester/DDS1/Git/TFE4141_Digital_Design_1/ole_tutorial/project_2/project_2.srcs/constrs_1/imports/Sources/bft_full_kintex7.xdc:25]
CRITICAL WARNING: [Common 17-69] Command failed: 'M22' is not a valid site or package pin name. [C:/Users/oleja/Documents/7.semester/DDS1/Git/TFE4141_Digital_Design_1/ole_tutorial/project_2/project_2.srcs/constrs_1/imports/Sources/bft_full_kintex7.xdc:26]
CRITICAL WARNING: [Common 17-69] Command failed: 'P22' is not a valid site or package pin name. [C:/Users/oleja/Documents/7.semester/DDS1/Git/TFE4141_Digital_Design_1/ole_tutorial/project_2/project_2.srcs/constrs_1/imports/Sources/bft_full_kintex7.xdc:27]
CRITICAL WARNING: [Common 17-69] Command failed: 'W22' is not a valid site or package pin name. [C:/Users/oleja/Documents/7.semester/DDS1/Git/TFE4141_Digital_Design_1/ole_tutorial/project_2/project_2.srcs/constrs_1/imports/Sources/bft_full_kintex7.xdc:28]
CRITICAL WARNING: [Common 17-69] Command failed: 'G21' is not a valid site or package pin name. [C:/Users/oleja/Documents/7.semester/DDS1/Git/TFE4141_Digital_Design_1/ole_tutorial/project_2/project_2.srcs/constrs_1/imports/Sources/bft_full_kintex7.xdc:31]
CRITICAL WARNING: [Common 17-69] Command failed: 'K21' is not a valid site or package pin name. [C:/Users/oleja/Documents/7.semester/DDS1/Git/TFE4141_Digital_Design_1/ole_tutorial/project_2/project_2.srcs/constrs_1/imports/Sources/bft_full_kintex7.xdc:32]
CRITICAL WARNING: [Common 17-69] Command failed: 'W17' is not a valid site or package pin name. [C:/Users/oleja/Documents/7.semester/DDS1/Git/TFE4141_Digital_Design_1/ole_tutorial/project_2/project_2.srcs/constrs_1/imports/Sources/bft_full_kintex7.xdc:34]
CRITICAL WARNING: [Common 17-69] Command failed: 'F21' is not a valid site or package pin name. [C:/Users/oleja/Documents/7.semester/DDS1/Git/TFE4141_Digital_Design_1/ole_tutorial/project_2/project_2.srcs/constrs_1/imports/Sources/bft_full_kintex7.xdc:37]
CRITICAL WARNING: [Common 17-69] Command failed: 'K22' is not a valid site or package pin name. [C:/Users/oleja/Documents/7.semester/DDS1/Git/TFE4141_Digital_Design_1/ole_tutorial/project_2/project_2.srcs/constrs_1/imports/Sources/bft_full_kintex7.xdc:38]
CRITICAL WARNING: [Common 17-69] Command failed: 'Y22' is not a valid site or package pin name. [C:/Users/oleja/Documents/7.semester/DDS1/Git/TFE4141_Digital_Design_1/ole_tutorial/project_2/project_2.srcs/constrs_1/imports/Sources/bft_full_kintex7.xdc:39]
CRITICAL WARNING: [Common 17-69] Command failed: 'J21' is not a valid site or package pin name. [C:/Users/oleja/Documents/7.semester/DDS1/Git/TFE4141_Digital_Design_1/ole_tutorial/project_2/project_2.srcs/constrs_1/imports/Sources/bft_full_kintex7.xdc:43]
CRITICAL WARNING: [Common 17-69] Command failed: 'AA20' is not a valid site or package pin name. [C:/Users/oleja/Documents/7.semester/DDS1/Git/TFE4141_Digital_Design_1/ole_tutorial/project_2/project_2.srcs/constrs_1/imports/Sources/bft_full_kintex7.xdc:45]
CRITICAL WARNING: [Common 17-69] Command failed: 'R21' is not a valid site or package pin name. [C:/Users/oleja/Documents/7.semester/DDS1/Git/TFE4141_Digital_Design_1/ole_tutorial/project_2/project_2.srcs/constrs_1/imports/Sources/bft_full_kintex7.xdc:46]
CRITICAL WARNING: [Common 17-69] Command failed: 'J22' is not a valid site or package pin name. [C:/Users/oleja/Documents/7.semester/DDS1/Git/TFE4141_Digital_Design_1/ole_tutorial/project_2/project_2.srcs/constrs_1/imports/Sources/bft_full_kintex7.xdc:49]
CRITICAL WARNING: [Common 17-69] Command failed: 'AB21' is not a valid site or package pin name. [C:/Users/oleja/Documents/7.semester/DDS1/Git/TFE4141_Digital_Design_1/ole_tutorial/project_2/project_2.srcs/constrs_1/imports/Sources/bft_full_kintex7.xdc:50]
CRITICAL WARNING: [Common 17-69] Command failed: 'M21' is not a valid site or package pin name. [C:/Users/oleja/Documents/7.semester/DDS1/Git/TFE4141_Digital_Design_1/ole_tutorial/project_2/project_2.srcs/constrs_1/imports/Sources/bft_full_kintex7.xdc:51]
CRITICAL WARNING: [Common 17-69] Command failed: 'R22' is not a valid site or package pin name. [C:/Users/oleja/Documents/7.semester/DDS1/Git/TFE4141_Digital_Design_1/ole_tutorial/project_2/project_2.srcs/constrs_1/imports/Sources/bft_full_kintex7.xdc:52]
CRITICAL WARNING: [Common 17-69] Command failed: 'AA21' is not a valid site or package pin name. [C:/Users/oleja/Documents/7.semester/DDS1/Git/TFE4141_Digital_Design_1/ole_tutorial/project_2/project_2.srcs/constrs_1/imports/Sources/bft_full_kintex7.xdc:56]
CRITICAL WARNING: [Common 17-69] Command failed: 'M16' is not a valid site or package pin name. [C:/Users/oleja/Documents/7.semester/DDS1/Git/TFE4141_Digital_Design_1/ole_tutorial/project_2/project_2.srcs/constrs_1/imports/Sources/bft_full_kintex7.xdc:58]
CRITICAL WARNING: [Common 17-69] Command failed: 'Y21' is not a valid site or package pin name. [C:/Users/oleja/Documents/7.semester/DDS1/Git/TFE4141_Digital_Design_1/ole_tutorial/project_2/project_2.srcs/constrs_1/imports/Sources/bft_full_kintex7.xdc:59]
CRITICAL WARNING: [Common 17-69] Command failed: 'AB22' is not a valid site or package pin name. [C:/Users/oleja/Documents/7.semester/DDS1/Git/TFE4141_Digital_Design_1/ole_tutorial/project_2/project_2.srcs/constrs_1/imports/Sources/bft_full_kintex7.xdc:61]
CRITICAL WARNING: [Common 17-69] Command failed: 'L21' is not a valid site or package pin name. [C:/Users/oleja/Documents/7.semester/DDS1/Git/TFE4141_Digital_Design_1/ole_tutorial/project_2/project_2.srcs/constrs_1/imports/Sources/bft_full_kintex7.xdc:63]
CRITICAL WARNING: [Common 17-69] Command failed: 'L18' is not a valid site or package pin name. [C:/Users/oleja/Documents/7.semester/DDS1/Git/TFE4141_Digital_Design_1/ole_tutorial/project_2/project_2.srcs/constrs_1/imports/Sources/bft_full_kintex7.xdc:65]
CRITICAL WARNING: [Common 17-69] Command failed: 'T21' is not a valid site or package pin name. [C:/Users/oleja/Documents/7.semester/DDS1/Git/TFE4141_Digital_Design_1/ole_tutorial/project_2/project_2.srcs/constrs_1/imports/Sources/bft_full_kintex7.xdc:68]
CRITICAL WARNING: [Common 17-69] Command failed: 'U21' is not a valid site or package pin name. [C:/Users/oleja/Documents/7.semester/DDS1/Git/TFE4141_Digital_Design_1/ole_tutorial/project_2/project_2.srcs/constrs_1/imports/Sources/bft_full_kintex7.xdc:72]
CRITICAL WARNING: [Common 17-69] Command failed: 'U22' is not a valid site or package pin name. [C:/Users/oleja/Documents/7.semester/DDS1/Git/TFE4141_Digital_Design_1/ole_tutorial/project_2/project_2.srcs/constrs_1/imports/Sources/bft_full_kintex7.xdc:76]
CRITICAL WARNING: [Common 17-69] Command failed: 'N19' is not a valid site or package pin name. [C:/Users/oleja/Documents/7.semester/DDS1/Git/TFE4141_Digital_Design_1/ole_tutorial/project_2/project_2.srcs/constrs_1/imports/Sources/bft_full_kintex7.xdc:78]
Finished Parsing XDC File [C:/Users/oleja/Documents/7.semester/DDS1/Git/TFE4141_Digital_Design_1/ole_tutorial/project_2/project_2.srcs/constrs_1/imports/Sources/bft_full_kintex7.xdc]
INFO: [Opt 31-138] Pushed 0 inverter(s) to 0 load pin(s).
Netlist sorting complete. Time (s): cpu = 00:00:00 ; elapsed = 00:00:00.001 . Memory (MB): peak = 1089.406 ; gain = 0.000
INFO: [Project 1-111] Unisim Transformation Summary:
No Unisim elements were transformed.

8 Infos, 0 Warnings, 37 Critical Warnings and 0 Errors encountered.
link_design completed successfully
link_design: Time (s): cpu = 00:00:07 ; elapsed = 00:00:08 . Memory (MB): peak = 1089.406 ; gain = 582.195
Command: opt_design
Attempting to get a license for feature 'Implementation' and/or device 'xc7z020'
INFO: [Common 17-349] Got license for feature 'Implementation' and/or device 'xc7z020'
Running DRC as a precondition to command opt_design

Starting DRC Task
INFO: [DRC 23-27] Running DRC with 2 threads
INFO: [Project 1-461] DRC finished with 0 Errors
INFO: [Project 1-462] Please refer to the DRC report (report_drc) for more information.

Time (s): cpu = 00:00:01 ; elapsed = 00:00:01 . Memory (MB): peak = 1119.746 ; gain = 30.340

Starting Cache Timing Information Task
INFO: [Timing 38-35] Done setting XDC timing constraints.
Ending Cache Timing Information Task | Checksum: 2340b8841

Time (s): cpu = 00:00:09 ; elapsed = 00:00:10 . Memory (MB): peak = 1663.156 ; gain = 543.410

Starting Logic Optimization Task

Phase 1 Initialization

Phase 1.1 Core Generation And Design Setup
Phase 1.1 Core Generation And Design Setup | Checksum: 2340b8841

Time (s): cpu = 00:00:00 ; elapsed = 00:00:00.001 . Memory (MB): peak = 2040.828 ; gain = 0.000

Phase 1.2 Setup Constraints And Sort Netlist
Phase 1.2 Setup Constraints And Sort Netlist | Checksum: 2340b8841

Time (s): cpu = 00:00:00 ; elapsed = 00:00:00.004 . Memory (MB): peak = 2040.828 ; gain = 0.000
Phase 1 Initialization | Checksum: 2340b8841

Time (s): cpu = 00:00:00 ; elapsed = 00:00:00.004 . Memory (MB): peak = 2040.828 ; gain = 0.000

Phase 2 Timer Update And Timing Data Collection

Phase 2.1 Timer Update
Phase 2.1 Timer Update | Checksum: 2340b8841

Time (s): cpu = 00:00:00 ; elapsed = 00:00:00.096 . Memory (MB): peak = 2040.828 ; gain = 0.000

Phase 2.2 Timing Data Collection
Phase 2.2 Timing Data Collection | Checksum: 2340b8841

Time (s): cpu = 00:00:00 ; elapsed = 00:00:00.107 . Memory (MB): peak = 2040.828 ; gain = 0.000
Phase 2 Timer Update And Timing Data Collection | Checksum: 2340b8841

Time (s): cpu = 00:00:00 ; elapsed = 00:00:00.108 . Memory (MB): peak = 2040.828 ; gain = 0.000

Phase 3 Retarget
INFO: [Opt 31-1834] Total Chains To Be Transformed Were: 0 AND Number of Transformed insts Created are: 0
INFO: [Opt 31-138] Pushed 0 inverter(s) to 0 load pin(s).
INFO: [Opt 31-49] Retargeted 0 cell(s).
Phase 3 Retarget | Checksum: 2340b8841

Time (s): cpu = 00:00:00 ; elapsed = 00:00:00.181 . Memory (MB): peak = 2040.828 ; gain = 0.000
Retarget | Checksum: 2340b8841
INFO: [Opt 31-389] Phase Retarget created 0 cells and removed 0 cells

Phase 4 Constant propagation
INFO: [Opt 31-138] Pushed 0 inverter(s) to 0 load pin(s).
Phase 4 Constant propagation | Checksum: 2340b8841

Time (s): cpu = 00:00:00 ; elapsed = 00:00:00.224 . Memory (MB): peak = 2040.828 ; gain = 0.000
Constant propagation | Checksum: 2340b8841
INFO: [Opt 31-389] Phase Constant propagation created 0 cells and removed 0 cells

Phase 5 Sweep
Phase 5 Sweep | Checksum: 1d5870691

Time (s): cpu = 00:00:00 ; elapsed = 00:00:00.359 . Memory (MB): peak = 2040.828 ; gain = 0.000
Sweep | Checksum: 1d5870691
INFO: [Opt 31-389] Phase Sweep created 0 cells and removed 224 cells

Phase 6 BUFG optimization
Phase 6 BUFG optimization | Checksum: 1d5870691

Time (s): cpu = 00:00:00 ; elapsed = 00:00:00.435 . Memory (MB): peak = 2040.828 ; gain = 0.000
BUFG optimization | Checksum: 1d5870691
INFO: [Opt 31-662] Phase BUFG optimization created 0 cells of which 0 are BUFGs and removed 0 cells.

Phase 7 Shift Register Optimization
INFO: [Opt 31-1064] SRL Remap converted 0 SRLs to 0 registers and converted 0 registers of register chains to 0 SRLs
Phase 7 Shift Register Optimization | Checksum: 1d5870691

Time (s): cpu = 00:00:00 ; elapsed = 00:00:00.439 . Memory (MB): peak = 2040.828 ; gain = 0.000
Shift Register Optimization | Checksum: 1d5870691
INFO: [Opt 31-389] Phase Shift Register Optimization created 0 cells and removed 0 cells

Phase 8 Post Processing Netlist
Phase 8 Post Processing Netlist | Checksum: 1d5870691

Time (s): cpu = 00:00:00 ; elapsed = 00:00:00.448 . Memory (MB): peak = 2040.828 ; gain = 0.000
Post Processing Netlist | Checksum: 1d5870691
INFO: [Opt 31-389] Phase Post Processing Netlist created 0 cells and removed 0 cells

Phase 9 Finalization

Phase 9.1 Finalizing Design Cores and Updating Shapes
Phase 9.1 Finalizing Design Cores and Updating Shapes | Checksum: 1e9336a0b

Time (s): cpu = 00:00:01 ; elapsed = 00:00:00.543 . Memory (MB): peak = 2040.828 ; gain = 0.000

Phase 9.2 Verifying Netlist Connectivity

Starting Connectivity Check Task

Time (s): cpu = 00:00:00 ; elapsed = 00:00:00.005 . Memory (MB): peak = 2040.828 ; gain = 0.000
Phase 9.2 Verifying Netlist Connectivity | Checksum: 1e9336a0b

Time (s): cpu = 00:00:01 ; elapsed = 00:00:00.549 . Memory (MB): peak = 2040.828 ; gain = 0.000
Phase 9 Finalization | Checksum: 1e9336a0b

Time (s): cpu = 00:00:01 ; elapsed = 00:00:00.550 . Memory (MB): peak = 2040.828 ; gain = 0.000
Opt_design Change Summary
=========================


-------------------------------------------------------------------------------------------------------------------------
|  Phase                        |  #Cells created  |  #Cells Removed  |  #Constrained objects preventing optimizations  |
-------------------------------------------------------------------------------------------------------------------------
|  Retarget                     |               0  |               0  |                                              0  |
|  Constant propagation         |               0  |               0  |                                              0  |
|  Sweep                        |               0  |             224  |                                              0  |
|  BUFG optimization            |               0  |               0  |                                              0  |
|  Shift Register Optimization  |               0  |               0  |                                              0  |
|  Post Processing Netlist      |               0  |               0  |                                              0  |
-------------------------------------------------------------------------------------------------------------------------


Ending Logic Optimization Task | Checksum: 1e9336a0b

Time (s): cpu = 00:00:01 ; elapsed = 00:00:00.552 . Memory (MB): peak = 2040.828 ; gain = 0.000

Starting Power Optimization Task
INFO: [Pwropt 34-132] Skipping clock gating for clocks with a period < 2.00 ns.
INFO: [Timing 38-35] Done setting XDC timing constraints.
INFO: [Pwropt 34-9] Applying IDT optimizations ...
INFO: [Pwropt 34-10] Applying ODC optimizations ...
Running Vector-less Activity Propagation...

Finished Running Vector-less Activity Propagation


Starting PowerOpt Patch Enables Task
INFO: [Pwropt 34-162] WRITE_MODE attribute of 0 BRAM(s) out of a total of 16 has been updated to save power. Run report_power_opt to get a complete listing of the BRAMs updated.
INFO: [Pwropt 34-201] Structural ODC has moved 0 WE to EN ports
Number of BRAM Ports augmented: 0 newly gated: 0 Total Ports: 32
Ending PowerOpt Patch Enables Task | Checksum: 1e9336a0b

Time (s): cpu = 00:00:00 ; elapsed = 00:00:00.065 . Memory (MB): peak = 2106.820 ; gain = 0.000
Ending Power Optimization Task | Checksum: 1e9336a0b

Time (s): cpu = 00:00:03 ; elapsed = 00:00:02 . Memory (MB): peak = 2106.820 ; gain = 65.992

Starting Final Cleanup Task
Ending Final Cleanup Task | Checksum: 1e9336a0b

Time (s): cpu = 00:00:00 ; elapsed = 00:00:00.001 . Memory (MB): peak = 2106.820 ; gain = 0.000

Starting Netlist Obfuscation Task
Netlist sorting complete. Time (s): cpu = 00:00:00 ; elapsed = 00:00:00.001 . Memory (MB): peak = 2106.820 ; gain = 0.000
Ending Netlist Obfuscation Task | Checksum: 1e9336a0b

Time (s): cpu = 00:00:00 ; elapsed = 00:00:00.001 . Memory (MB): peak = 2106.820 ; gain = 0.000
INFO: [Common 17-83] Releasing license: Implementation
31 Infos, 0 Warnings, 37 Critical Warnings and 0 Errors encountered.
opt_design completed successfully
opt_design: Time (s): cpu = 00:00:18 ; elapsed = 00:00:17 . Memory (MB): peak = 2106.820 ; gain = 1017.414
INFO: [Vivado 12-24828] Executing command : report_drc -file bft_drc_opted.rpt -pb bft_drc_opted.pb -rpx bft_drc_opted.rpx
Command: report_drc -file bft_drc_opted.rpt -pb bft_drc_opted.pb -rpx bft_drc_opted.rpx
INFO: [IP_Flow 19-234] Refreshing IP repositories
INFO: [IP_Flow 19-1704] No user IP repositories specified
INFO: [IP_Flow 19-2313] Loaded Vivado IP repository 'C:/ASCII_approvd/Vivado/2024.1/data/ip'.
INFO: [DRC 23-27] Running DRC with 2 threads
INFO: [Vivado_Tcl 2-168] The results of DRC are in file C:/Users/oleja/Documents/7.semester/DDS1/Git/TFE4141_Digital_Design_1/ole_tutorial/project_2/project_2.runs/impl_1/bft_drc_opted.rpt.
report_drc completed successfully
INFO: [Timing 38-480] Writing timing data to binary archive.
Write ShapeDB Complete: Time (s): cpu = 00:00:00 ; elapsed = 00:00:00.004 . Memory (MB): peak = 2106.820 ; gain = 0.000
Wrote PlaceDB: Time (s): cpu = 00:00:00 ; elapsed = 00:00:00.010 . Memory (MB): peak = 2106.820 ; gain = 0.000
Wrote PulsedLatchDB: Time (s): cpu = 00:00:00 ; elapsed = 00:00:00.001 . Memory (MB): peak = 2106.820 ; gain = 0.000
Writing XDEF routing.
Writing XDEF routing logical nets.
Writing XDEF routing special nets.
Wrote RouteStorage: Time (s): cpu = 00:00:01 ; elapsed = 00:00:00.064 . Memory (MB): peak = 2106.820 ; gain = 0.000
Wrote Netlist Cache: Time (s): cpu = 00:00:00 ; elapsed = 00:00:00 . Memory (MB): peak = 2106.820 ; gain = 0.000
Wrote Device Cache: Time (s): cpu = 00:00:00 ; elapsed = 00:00:00.010 . Memory (MB): peak = 2106.820 ; gain = 0.000
Write Physdb Complete: Time (s): cpu = 00:00:01 ; elapsed = 00:00:00.091 . Memory (MB): peak = 2106.820 ; gain = 0.000
INFO: [Common 17-1381] The checkpoint 'C:/Users/oleja/Documents/7.semester/DDS1/Git/TFE4141_Digital_Design_1/ole_tutorial/project_2/project_2.runs/impl_1/bft_opt.dcp' has been generated.
Command: place_design
Attempting to get a license for feature 'Implementation' and/or device 'xc7z020'
INFO: [Common 17-349] Got license for feature 'Implementation' and/or device 'xc7z020'
INFO: [Common 17-83] Releasing license: Implementation
INFO: [DRC 23-27] Running DRC with 2 threads
INFO: [Vivado_Tcl 4-198] DRC finished with 0 Errors
INFO: [Vivado_Tcl 4-199] Please refer to the DRC report (report_drc) for more information.
Running DRC as a precondition to command place_design
INFO: [DRC 23-27] Running DRC with 2 threads
INFO: [Vivado_Tcl 4-198] DRC finished with 0 Errors, 21 Warnings
INFO: [Vivado_Tcl 4-199] Please refer to the DRC report (report_drc) for more information.
INFO: [Place 30-611] Multithreading enabled for place_design using a maximum of 2 CPUs

Starting Placer Task

Phase 1 Placer Initialization

Phase 1.1 Placer Initialization Netlist Sorting
Netlist sorting complete. Time (s): cpu = 00:00:00 ; elapsed = 00:00:00.001 . Memory (MB): peak = 2106.820 ; gain = 0.000
Phase 1.1 Placer Initialization Netlist Sorting | Checksum: 1c4c0ba0c

Time (s): cpu = 00:00:00 ; elapsed = 00:00:00.002 . Memory (MB): peak = 2106.820 ; gain = 0.000
Netlist sorting complete. Time (s): cpu = 00:00:00 ; elapsed = 00:00:00 . Memory (MB): peak = 2106.820 ; gain = 0.000

Phase 1.2 IO Placement/ Clock Placement/ Build Placer Device
WARNING: [Place 30-87] Partially locked IO Bus is found. Following components of the IO Bus wbInputData are not locked:  'wbInputData[29]'  'wbInputData[22]'  'wbInputData[18]'  'wbInputData[17]'  'wbInputData[16]'  'wbInputData[15]'  'wbInputData[14]'  'wbInputData[13]'  'wbInputData[12]'  'wbInputData[11]'  'wbInputData[5]'  'wbInputData[2]'  'wbInputData[1]'  'wbInputData[0]' 
WARNING: [Place 30-87] Partially locked IO Bus is found. Following components of the IO Bus wbOutputData are not locked:  'wbOutputData[31]'  'wbOutputData[29]'  'wbOutputData[27]'  'wbOutputData[21]'  'wbOutputData[20]'  'wbOutputData[19]'  'wbOutputData[16]'  'wbOutputData[15]'  'wbOutputData[14]'  'wbOutputData[12]'  'wbOutputData[11]'  'wbOutputData[10]'  'wbOutputData[9]'  'wbOutputData[8]'  'wbOutputData[6]'  'wbOutputData[5]'  'wbOutputData[0]' 
INFO: [Timing 38-35] Done setting XDC timing constraints.
ERROR: [Place 30-574] Poor placement for routing between an IO pin and BUFG. If this sub optimal condition is acceptable for this design, you may use the CLOCK_DEDICATED_ROUTE constraint in the .xdc file to demote this message to a WARNING. However, the use of this override is highly discouraged. These examples can be used directly in the .xdc file to override this clock rule.
	< set_property CLOCK_DEDICATED_ROUTE FALSE [get_nets wbClk_IBUF] >

	Clock Rule: rule_gclkio_bufg
	Status: FAILED
	Rule Description: An IOB driving a BUFG must use a CCIO in the same half side (top/bottom) of chip as the BUFG

	wbClk_IBUF_inst (IBUF.O) is locked to IOB_X1Y68
	wbClk_IBUF_BUFG_inst (BUFG.I) is provisionally placed by clockplacer on BUFGCTRL_X0Y31
Resolution: Poor placement of an IO pin and a BUFG has resulted in the router using a non-dedicated path between the two.  There are several things that could trigger this DRC, each of which can cause unpredictable clock insertion delays that result in poor timing.  This DRC could be caused by any of the following: (a) a clock port was placed on a pin that is not a CCIO-pin (b)the BUFG has not been placed in the same half of the device or SLR as the CCIO-pin (c) a single ended clock has been placed on the N-Side of a differential pair CCIO-pin.
Phase 1.2 IO Placement/ Clock Placement/ Build Placer Device | Checksum: 1643bf4bb

Time (s): cpu = 00:00:02 ; elapsed = 00:00:01 . Memory (MB): peak = 2106.820 ; gain = 0.000
Phase 1 Placer Initialization | Checksum: 1643bf4bb

Time (s): cpu = 00:00:02 ; elapsed = 00:00:01 . Memory (MB): peak = 2106.820 ; gain = 0.000
ERROR: [Place 30-99] Placer failed with error: 'IO Clock Placer failed'
Please review all ERROR, CRITICAL WARNING, and WARNING messages during placement to understand the cause for failure.
Ending Placer Task | Checksum: 1643bf4bb

Time (s): cpu = 00:00:02 ; elapsed = 00:00:01 . Memory (MB): peak = 2106.820 ; gain = 0.000
49 Infos, 2 Warnings, 37 Critical Warnings and 3 Errors encountered.
place_design failed
ERROR: [Common 17-69] Command failed: Placer could not place all instances
INFO: [Common 17-206] Exiting Vivado at Wed Sep  3 15:41:44 2025...

*** Running vivado
    with args -log bft.vdi -applog -m64 -product Vivado -messageDb vivado.pb -mode batch -source bft.tcl -notrace



****** Vivado v2024.1 (64-bit)
  **** SW Build 5076996 on Wed May 22 18:37:14 MDT 2024
  **** IP Build 5075265 on Wed May 22 21:45:21 MDT 2024
  **** SharedData Build 5076995 on Wed May 22 18:29:18 MDT 2024
  **** Start of session at: Wed Sep  3 15:49:08 2025
    ** Copyright 1986-2022 Xilinx, Inc. All Rights Reserved.
    ** Copyright 2022-2024 Advanced Micro Devices, Inc. All Rights Reserved.

source bft.tcl -notrace
Command: open_checkpoint bft_opt.dcp
INFO: [Device 21-403] Loading part xc7z020clg400-1
INFO: [Device 21-9227] Part: xc7z020clg400-1 does not have CEAM library.
Netlist sorting complete. Time (s): cpu = 00:00:00 ; elapsed = 00:00:00.066 . Memory (MB): peak = 944.184 ; gain = 0.000
INFO: [Netlist 29-17] Analyzing 128 Unisim elements for replacement
INFO: [Netlist 29-28] Unisim Transformation completed in 0 CPU seconds
INFO: [Project 1-479] Netlist was created with Vivado 2024.1
INFO: [Project 1-570] Preparing netlist for logic optimization
Read ShapeDB Complete: Time (s): cpu = 00:00:00 ; elapsed = 00:00:00.009 . Memory (MB): peak = 1046.133 ; gain = 0.477
INFO: [Timing 38-478] Restoring timing data from binary archive.
INFO: [Timing 38-479] Binary timing data restore complete.
INFO: [Project 1-856] Restoring constraints from binary archive.
INFO: [Project 1-853] Binary constraint restore complete.
INFO: [Designutils 20-5722] Start Reading Physical Databases.
Reading placement.
Read Netlist Cache: Time (s): cpu = 00:00:00 ; elapsed = 00:00:00 . Memory (MB): peak = 1565.801 ; gain = 0.000
Reading placer database...
Read Device Cache: Time (s): cpu = 00:00:00 ; elapsed = 00:00:00.018 . Memory (MB): peak = 1565.801 ; gain = 0.000
Read PlaceDB: Time (s): cpu = 00:00:00 ; elapsed = 00:00:00.001 . Memory (MB): peak = 1565.801 ; gain = 0.000
Read PulsedLatchDB: Time (s): cpu = 00:00:00 ; elapsed = 00:00:00 . Memory (MB): peak = 1565.801 ; gain = 0.000
Reading routing.
Read RouteStorage: Time (s): cpu = 00:00:00 ; elapsed = 00:00:00.115 . Memory (MB): peak = 1565.801 ; gain = 0.000
Read Physdb Files: Time (s): cpu = 00:00:00 ; elapsed = 00:00:00.149 . Memory (MB): peak = 1565.801 ; gain = 0.000
Restored from archive | CPU: 0.000000 secs | Memory: 0.000000 MB |
Finished XDEF File Restore: Time (s): cpu = 00:00:00 ; elapsed = 00:00:00.214 . Memory (MB): peak = 1565.801 ; gain = 0.000
Netlist sorting complete. Time (s): cpu = 00:00:00 ; elapsed = 00:00:00.001 . Memory (MB): peak = 1565.801 ; gain = 0.000
INFO: [Project 1-111] Unisim Transformation Summary:
No Unisim elements were transformed.

INFO: [Project 1-604] Checkpoint was created with Vivado v2024.1 (64-bit) build 5076996
open_checkpoint: Time (s): cpu = 00:00:31 ; elapsed = 00:00:33 . Memory (MB): peak = 1565.801 ; gain = 1258.180
Command: place_design
Attempting to get a license for feature 'Implementation' and/or device 'xc7z020'
INFO: [Common 17-349] Got license for feature 'Implementation' and/or device 'xc7z020'
INFO: [Common 17-83] Releasing license: Implementation
INFO: [DRC 23-27] Running DRC with 2 threads
INFO: [Vivado_Tcl 4-198] DRC finished with 0 Errors
INFO: [Vivado_Tcl 4-199] Please refer to the DRC report (report_drc) for more information.
Running DRC as a precondition to command place_design
INFO: [DRC 23-27] Running DRC with 2 threads
INFO: [Vivado_Tcl 4-198] DRC finished with 0 Errors, 21 Warnings
INFO: [Vivado_Tcl 4-199] Please refer to the DRC report (report_drc) for more information.
INFO: [Place 30-611] Multithreading enabled for place_design using a maximum of 2 CPUs

Starting Placer Task

Phase 1 Placer Initialization

Phase 1.1 Placer Initialization Netlist Sorting
Netlist sorting complete. Time (s): cpu = 00:00:00 ; elapsed = 00:00:00.001 . Memory (MB): peak = 1597.258 ; gain = 0.000
Phase 1.1 Placer Initialization Netlist Sorting | Checksum: 1c4c0ba0c

Time (s): cpu = 00:00:00 ; elapsed = 00:00:00.066 . Memory (MB): peak = 1597.258 ; gain = 0.000
Netlist sorting complete. Time (s): cpu = 00:00:00 ; elapsed = 00:00:00.002 . Memory (MB): peak = 1597.258 ; gain = 0.000

Phase 1.2 IO Placement/ Clock Placement/ Build Placer Device
WARNING: [Place 30-87] Partially locked IO Bus is found. Following components of the IO Bus wbInputData are not locked:  'wbInputData[29]'  'wbInputData[22]'  'wbInputData[18]'  'wbInputData[17]'  'wbInputData[16]'  'wbInputData[15]'  'wbInputData[14]'  'wbInputData[13]'  'wbInputData[12]'  'wbInputData[11]'  'wbInputData[5]'  'wbInputData[2]'  'wbInputData[1]'  'wbInputData[0]' 
WARNING: [Place 30-87] Partially locked IO Bus is found. Following components of the IO Bus wbOutputData are not locked:  'wbOutputData[31]'  'wbOutputData[29]'  'wbOutputData[27]'  'wbOutputData[21]'  'wbOutputData[20]'  'wbOutputData[19]'  'wbOutputData[16]'  'wbOutputData[15]'  'wbOutputData[14]'  'wbOutputData[12]'  'wbOutputData[11]'  'wbOutputData[10]'  'wbOutputData[9]'  'wbOutputData[8]'  'wbOutputData[6]'  'wbOutputData[5]'  'wbOutputData[0]' 
INFO: [Timing 38-35] Done setting XDC timing constraints.
ERROR: [Place 30-574] Poor placement for routing between an IO pin and BUFG. If this sub optimal condition is acceptable for this design, you may use the CLOCK_DEDICATED_ROUTE constraint in the .xdc file to demote this message to a WARNING. However, the use of this override is highly discouraged. These examples can be used directly in the .xdc file to override this clock rule.
	< set_property CLOCK_DEDICATED_ROUTE FALSE [get_nets wbClk_IBUF] >

	Clock Rule: rule_gclkio_bufg
	Status: FAILED
	Rule Description: An IOB driving a BUFG must use a CCIO in the same half side (top/bottom) of chip as the BUFG

	wbClk_IBUF_inst (IBUF.O) is locked to IOB_X1Y68
	wbClk_IBUF_BUFG_inst (BUFG.I) is provisionally placed by clockplacer on BUFGCTRL_X0Y31
Resolution: Poor placement of an IO pin and a BUFG has resulted in the router using a non-dedicated path between the two.  There are several things that could trigger this DRC, each of which can cause unpredictable clock insertion delays that result in poor timing.  This DRC could be caused by any of the following: (a) a clock port was placed on a pin that is not a CCIO-pin (b)the BUFG has not been placed in the same half of the device or SLR as the CCIO-pin (c) a single ended clock has been placed on the N-Side of a differential pair CCIO-pin.
Phase 1.2 IO Placement/ Clock Placement/ Build Placer Device | Checksum: 1643bf4bb

Time (s): cpu = 00:00:01 ; elapsed = 00:00:01 . Memory (MB): peak = 1677.250 ; gain = 79.992
Phase 1 Placer Initialization | Checksum: 1643bf4bb

Time (s): cpu = 00:00:01 ; elapsed = 00:00:01 . Memory (MB): peak = 1677.250 ; gain = 79.992
ERROR: [Place 30-99] Placer failed with error: 'IO Clock Placer failed'
Please review all ERROR, CRITICAL WARNING, and WARNING messages during placement to understand the cause for failure.
Ending Placer Task | Checksum: 1643bf4bb

Time (s): cpu = 00:00:01 ; elapsed = 00:00:01 . Memory (MB): peak = 1677.250 ; gain = 79.992
23 Infos, 2 Warnings, 0 Critical Warnings and 3 Errors encountered.
place_design failed
ERROR: [Common 17-69] Command failed: Placer could not place all instances
INFO: [Common 17-206] Exiting Vivado at Wed Sep  3 15:49:49 2025...
