
*** Running vivado
    with args -log assignment_5.vds -m64 -product Vivado -mode batch -messageDb vivado.pb -notrace -source assignment_5.tcl



****** Vivado v2024.1 (64-bit)
  **** SW Build 5076996 on Wed May 22 18:37:14 MDT 2024
  **** IP Build 5075265 on Wed May 22 21:45:21 MDT 2024
  **** SharedData Build 5076995 on Wed May 22 18:29:18 MDT 2024
  **** Start of session at: Wed Oct  8 16:40:34 2025
    ** Copyright 1986-2022 Xilinx, Inc. All Rights Reserved.
    ** Copyright 2022-2024 Advanced Micro Devices, Inc. All Rights Reserved.

source assignment_5.tcl -notrace
create_project: Time (s): cpu = 00:00:10 ; elapsed = 00:00:11 . Memory (MB): peak = 507.387 ; gain = 198.625
Command: synth_design -top assignment_5 -part xc7z020clg400-1
Starting synth_design
Attempting to get a license for feature 'Synthesis' and/or device 'xc7z020'
INFO: [Common 17-349] Got license for feature 'Synthesis' and/or device 'xc7z020'
INFO: [Device 21-403] Loading part xc7z020clg400-1
INFO: [Device 21-9227] Part: xc7z020clg400-1 does not have CEAM library.
INFO: [Synth 8-7079] Multithreading enabled for synth_design using a maximum of 2 processes.
INFO: [Synth 8-7078] Launching helper process for spawning children vivado processes
INFO: [Synth 8-7075] Helper process launched with PID 22124
---------------------------------------------------------------------------------
Starting RTL Elaboration : Time (s): cpu = 00:00:06 ; elapsed = 00:00:06 . Memory (MB): peak = 1388.641 ; gain = 448.098
---------------------------------------------------------------------------------
INFO: [Synth 8-638] synthesizing module 'assignment_5' [C:/Users/susan/Documents/studiene/DDS1/TFE4141_Digital_Design_1/oving/oving_5/assignment_5/assignment_5/source/assignment_5.vhd:44]
INFO: [Synth 8-638] synthesizing module 'controller' [C:/Users/susan/Documents/studiene/DDS1/TFE4141_Digital_Design_1/oving/oving_5/assignment_5/assignment_5/source/controller.vhd:56]
	Parameter bit_width bound to: 16 - type: integer 
INFO: [Synth 8-256] done synthesizing module 'controller' (0#1) [C:/Users/susan/Documents/studiene/DDS1/TFE4141_Digital_Design_1/oving/oving_5/assignment_5/assignment_5/source/controller.vhd:56]
INFO: [Synth 8-638] synthesizing module 'ALU' [C:/Users/susan/Documents/studiene/DDS1/TFE4141_Digital_Design_1/oving/oving_5/assignment_5/assignment_5/source/ALU.vhd:42]
	Parameter bit_width bound to: 16 - type: integer 
INFO: [Synth 8-226] default block is never used [C:/Users/susan/Documents/studiene/DDS1/TFE4141_Digital_Design_1/oving/oving_5/assignment_5/assignment_5/source/ALU.vhd:46]
INFO: [Synth 8-256] done synthesizing module 'ALU' (0#1) [C:/Users/susan/Documents/studiene/DDS1/TFE4141_Digital_Design_1/oving/oving_5/assignment_5/assignment_5/source/ALU.vhd:42]
INFO: [Synth 8-256] done synthesizing module 'assignment_5' (0#1) [C:/Users/susan/Documents/studiene/DDS1/TFE4141_Digital_Design_1/oving/oving_5/assignment_5/assignment_5/source/assignment_5.vhd:44]
WARNING: [Synth 8-7129] Port data_in[15] in module controller is either unconnected or has no load
WARNING: [Synth 8-7129] Port data_in[14] in module controller is either unconnected or has no load
WARNING: [Synth 8-7129] Port data_in[13] in module controller is either unconnected or has no load
WARNING: [Synth 8-7129] Port data_in[12] in module controller is either unconnected or has no load
WARNING: [Synth 8-7129] Port data_in[11] in module controller is either unconnected or has no load
WARNING: [Synth 8-7129] Port data_in[10] in module controller is either unconnected or has no load
WARNING: [Synth 8-7129] Port data_in[9] in module controller is either unconnected or has no load
WARNING: [Synth 8-7129] Port data_in[8] in module controller is either unconnected or has no load
WARNING: [Synth 8-7129] Port data_in[7] in module controller is either unconnected or has no load
WARNING: [Synth 8-7129] Port data_in[6] in module controller is either unconnected or has no load
WARNING: [Synth 8-7129] Port data_in[5] in module controller is either unconnected or has no load
WARNING: [Synth 8-7129] Port data_in[4] in module controller is either unconnected or has no load
WARNING: [Synth 8-7129] Port data_in[3] in module controller is either unconnected or has no load
WARNING: [Synth 8-7129] Port data_in[2] in module controller is either unconnected or has no load
WARNING: [Synth 8-7129] Port data_in[1] in module controller is either unconnected or has no load
WARNING: [Synth 8-7129] Port data_in[0] in module controller is either unconnected or has no load
---------------------------------------------------------------------------------
Finished RTL Elaboration : Time (s): cpu = 00:00:08 ; elapsed = 00:00:08 . Memory (MB): peak = 1500.145 ; gain = 559.602
---------------------------------------------------------------------------------
---------------------------------------------------------------------------------
Start Handling Custom Attributes
---------------------------------------------------------------------------------
---------------------------------------------------------------------------------
Finished Handling Custom Attributes : Time (s): cpu = 00:00:08 ; elapsed = 00:00:08 . Memory (MB): peak = 1500.145 ; gain = 559.602
---------------------------------------------------------------------------------
---------------------------------------------------------------------------------
Finished RTL Optimization Phase 1 : Time (s): cpu = 00:00:08 ; elapsed = 00:00:08 . Memory (MB): peak = 1500.145 ; gain = 559.602
---------------------------------------------------------------------------------
Netlist sorting complete. Time (s): cpu = 00:00:00 ; elapsed = 00:00:00.004 . Memory (MB): peak = 1500.145 ; gain = 0.000
INFO: [Project 1-570] Preparing netlist for logic optimization

Processing XDC Constraints
Initializing timing engine
Parsing XDC File [C:/Users/susan/Documents/studiene/DDS1/TFE4141_Digital_Design_1/oving/oving_5/assignment_5/Master_constraints/PYNQ-Z1_C.xdc]
INFO: [Vivado 12-2286] Implicit search of objects for pattern 'clk' matched to 'port' objects. [C:/Users/susan/Documents/studiene/DDS1/TFE4141_Digital_Design_1/oving/oving_5/assignment_5/Master_constraints/PYNQ-Z1_C.xdc:197]
Resolution: To avoid ambiguous patterns, provide proper objects using get commands e.g. [get_nets xyz].
Finished Parsing XDC File [C:/Users/susan/Documents/studiene/DDS1/TFE4141_Digital_Design_1/oving/oving_5/assignment_5/Master_constraints/PYNQ-Z1_C.xdc]
Completed Processing XDC Constraints

Netlist sorting complete. Time (s): cpu = 00:00:00 ; elapsed = 00:00:00 . Memory (MB): peak = 1588.805 ; gain = 0.000
INFO: [Project 1-111] Unisim Transformation Summary:
No Unisim elements were transformed.

Constraint Validation Runtime : Time (s): cpu = 00:00:00 ; elapsed = 00:00:00.011 . Memory (MB): peak = 1588.805 ; gain = 0.000
---------------------------------------------------------------------------------
Finished Constraint Validation : Time (s): cpu = 00:00:17 ; elapsed = 00:00:19 . Memory (MB): peak = 1588.805 ; gain = 648.262
---------------------------------------------------------------------------------
---------------------------------------------------------------------------------
Start Loading Part and Timing Information
---------------------------------------------------------------------------------
Loading part: xc7z020clg400-1
---------------------------------------------------------------------------------
Finished Loading Part and Timing Information : Time (s): cpu = 00:00:17 ; elapsed = 00:00:19 . Memory (MB): peak = 1588.805 ; gain = 648.262
---------------------------------------------------------------------------------
---------------------------------------------------------------------------------
Start Applying 'set_property' XDC Constraints
---------------------------------------------------------------------------------
---------------------------------------------------------------------------------
Finished applying 'set_property' XDC Constraints : Time (s): cpu = 00:00:17 ; elapsed = 00:00:19 . Memory (MB): peak = 1588.805 ; gain = 648.262
---------------------------------------------------------------------------------
INFO: [Synth 8-802] inferred FSM for state register 'state_reg' in module 'controller'
---------------------------------------------------------------------------------------------------
                   State |                     New Encoding |                Previous Encoding 
---------------------------------------------------------------------------------------------------
                  iSTATE |                              000 |                              000
*
                  read_a |                              001 |                              001
                  read_b |                              010 |                              010
                  sub_ab |                              011 |                              011
                  sub_ba |                              100 |                              100
             wait_output |                              101 |                              101
---------------------------------------------------------------------------------------------------
INFO: [Synth 8-3354] encoded FSM with state register 'state_reg' using encoding 'sequential' in module 'controller'
---------------------------------------------------------------------------------
Finished RTL Optimization Phase 2 : Time (s): cpu = 00:00:17 ; elapsed = 00:00:19 . Memory (MB): peak = 1588.805 ; gain = 648.262
---------------------------------------------------------------------------------
---------------------------------------------------------------------------------
Start RTL Component Statistics 
---------------------------------------------------------------------------------
Detailed RTL Component Info : 
+---Adders : 
	   2 Input   16 Bit       Adders := 1     
	   3 Input   16 Bit       Adders := 1     
+---XORs : 
	   2 Input     16 Bit         XORs := 1     
+---Registers : 
	               16 Bit    Registers := 5     
+---Muxes : 
	   6 Input    5 Bit        Muxes := 1     
	   6 Input    3 Bit        Muxes := 2     
	   2 Input    3 Bit        Muxes := 4     
	   6 Input    2 Bit        Muxes := 1     
	   6 Input    1 Bit        Muxes := 3     
---------------------------------------------------------------------------------
Finished RTL Component Statistics 
---------------------------------------------------------------------------------
---------------------------------------------------------------------------------
Start Part Resource Summary
---------------------------------------------------------------------------------
Part Resources:
DSPs: 220 (col length:60)
BRAMs: 280 (col length: RAMB18 60 RAMB36 30)
---------------------------------------------------------------------------------
Finished Part Resource Summary
---------------------------------------------------------------------------------
---------------------------------------------------------------------------------
Start Cross Boundary and Area Optimization
---------------------------------------------------------------------------------
WARNING: [Synth 8-7080] Parallel synthesis criteria is not met
---------------------------------------------------------------------------------
Finished Cross Boundary and Area Optimization : Time (s): cpu = 00:00:20 ; elapsed = 00:00:21 . Memory (MB): peak = 1588.805 ; gain = 648.262
---------------------------------------------------------------------------------
---------------------------------------------------------------------------------
Start Applying XDC Timing Constraints
---------------------------------------------------------------------------------
---------------------------------------------------------------------------------
Finished Applying XDC Timing Constraints : Time (s): cpu = 00:00:27 ; elapsed = 00:00:29 . Memory (MB): peak = 1588.805 ; gain = 648.262
---------------------------------------------------------------------------------
---------------------------------------------------------------------------------
Start Timing Optimization
---------------------------------------------------------------------------------
---------------------------------------------------------------------------------
Finished Timing Optimization : Time (s): cpu = 00:00:27 ; elapsed = 00:00:29 . Memory (MB): peak = 1588.805 ; gain = 648.262
---------------------------------------------------------------------------------
---------------------------------------------------------------------------------
Start Technology Mapping
---------------------------------------------------------------------------------
---------------------------------------------------------------------------------
Finished Technology Mapping : Time (s): cpu = 00:00:27 ; elapsed = 00:00:29 . Memory (MB): peak = 1588.805 ; gain = 648.262
---------------------------------------------------------------------------------
---------------------------------------------------------------------------------
Start IO Insertion
---------------------------------------------------------------------------------
---------------------------------------------------------------------------------
Start Flattening Before IO Insertion
---------------------------------------------------------------------------------
---------------------------------------------------------------------------------
Finished Flattening Before IO Insertion
---------------------------------------------------------------------------------
---------------------------------------------------------------------------------
Start Final Netlist Cleanup
---------------------------------------------------------------------------------
---------------------------------------------------------------------------------
Finished Final Netlist Cleanup
---------------------------------------------------------------------------------
---------------------------------------------------------------------------------
Finished IO Insertion : Time (s): cpu = 00:00:32 ; elapsed = 00:00:34 . Memory (MB): peak = 1588.805 ; gain = 648.262
---------------------------------------------------------------------------------
---------------------------------------------------------------------------------
Start Renaming Generated Instances
---------------------------------------------------------------------------------
---------------------------------------------------------------------------------
Finished Renaming Generated Instances : Time (s): cpu = 00:00:32 ; elapsed = 00:00:34 . Memory (MB): peak = 1588.805 ; gain = 648.262
---------------------------------------------------------------------------------
---------------------------------------------------------------------------------
Start Rebuilding User Hierarchy
---------------------------------------------------------------------------------
---------------------------------------------------------------------------------
Finished Rebuilding User Hierarchy : Time (s): cpu = 00:00:32 ; elapsed = 00:00:34 . Memory (MB): peak = 1588.805 ; gain = 648.262
---------------------------------------------------------------------------------
---------------------------------------------------------------------------------
Start Renaming Generated Ports
---------------------------------------------------------------------------------
---------------------------------------------------------------------------------
Finished Renaming Generated Ports : Time (s): cpu = 00:00:32 ; elapsed = 00:00:34 . Memory (MB): peak = 1588.805 ; gain = 648.262
---------------------------------------------------------------------------------
---------------------------------------------------------------------------------
Start Handling Custom Attributes
---------------------------------------------------------------------------------
---------------------------------------------------------------------------------
Finished Handling Custom Attributes : Time (s): cpu = 00:00:32 ; elapsed = 00:00:34 . Memory (MB): peak = 1588.805 ; gain = 648.262
---------------------------------------------------------------------------------
---------------------------------------------------------------------------------
Start Renaming Generated Nets
---------------------------------------------------------------------------------
---------------------------------------------------------------------------------
Finished Renaming Generated Nets : Time (s): cpu = 00:00:32 ; elapsed = 00:00:34 . Memory (MB): peak = 1588.805 ; gain = 648.262
---------------------------------------------------------------------------------
---------------------------------------------------------------------------------
Start Writing Synthesis Report
---------------------------------------------------------------------------------

Report BlackBoxes: 
+-+--------------+----------+
| |BlackBox name |Instances |
+-+--------------+----------+
+-+--------------+----------+

Report Cell Usage: 
+------+-------+------+
|      |Cell   |Count |
+------+-------+------+
|1     |BUFG   |     1|
|2     |CARRY4 |     8|
|3     |LUT1   |     1|
|4     |LUT2   |     2|
|5     |LUT3   |     5|
|6     |LUT4   |     4|
|7     |LUT5   |    48|
|8     |LUT6   |    47|
|9     |FDCE   |    50|
|10    |FDPE   |     1|
|11    |IBUF   |    20|
|12    |OBUF   |    18|
+------+-------+------+
---------------------------------------------------------------------------------
Finished Writing Synthesis Report : Time (s): cpu = 00:00:32 ; elapsed = 00:00:34 . Memory (MB): peak = 1588.805 ; gain = 648.262
---------------------------------------------------------------------------------
Synthesis finished with 0 errors, 0 critical warnings and 1 warnings.
Synthesis Optimization Runtime : Time (s): cpu = 00:00:22 ; elapsed = 00:00:32 . Memory (MB): peak = 1588.805 ; gain = 559.602
Synthesis Optimization Complete : Time (s): cpu = 00:00:32 ; elapsed = 00:00:34 . Memory (MB): peak = 1588.805 ; gain = 648.262
INFO: [Project 1-571] Translating synthesized netlist
Netlist sorting complete. Time (s): cpu = 00:00:00 ; elapsed = 00:00:00.004 . Memory (MB): peak = 1588.805 ; gain = 0.000
INFO: [Netlist 29-17] Analyzing 8 Unisim elements for replacement
INFO: [Netlist 29-28] Unisim Transformation completed in 0 CPU seconds
INFO: [Project 1-570] Preparing netlist for logic optimization
INFO: [Opt 31-138] Pushed 0 inverter(s) to 0 load pin(s).
Netlist sorting complete. Time (s): cpu = 00:00:00 ; elapsed = 00:00:00.001 . Memory (MB): peak = 1588.805 ; gain = 0.000
INFO: [Project 1-111] Unisim Transformation Summary:
No Unisim elements were transformed.

Synth Design complete | Checksum: 2eff1851
INFO: [Common 17-83] Releasing license: Synthesis
25 Infos, 17 Warnings, 0 Critical Warnings and 0 Errors encountered.
synth_design completed successfully
synth_design: Time (s): cpu = 00:00:38 ; elapsed = 00:00:43 . Memory (MB): peak = 1588.805 ; gain = 1081.418
Write ShapeDB Complete: Time (s): cpu = 00:00:00 ; elapsed = 00:00:00.002 . Memory (MB): peak = 1588.805 ; gain = 0.000
INFO: [Common 17-1381] The checkpoint 'C:/Users/susan/Documents/studiene/DDS1/TFE4141_Digital_Design_1/oving/oving_5/assignment_5/assignment_5/assignment_5/assignment_5.runs/synth_1/assignment_5.dcp' has been generated.
INFO: [Vivado 12-24828] Executing command : report_utilization -file assignment_5_utilization_synth.rpt -pb assignment_5_utilization_synth.pb
INFO: [Common 17-206] Exiting Vivado at Wed Oct  8 16:41:33 2025...
