Copyright 1986-2022 Xilinx, Inc. All Rights Reserved. Copyright 2022-2025 Advanced Micro Devices, Inc. All Rights Reserved.
-----------------------------------------------------------------------------------------------------------------------------------------------------
| Tool Version : Vivado v.2025.1 (lin64) Build 6140274 Wed May 21 22:58:25 MDT 2025
| Date         : Wed Sep  3 17:41:49 2025
| Host         : laptop running 64-bit Ubuntu 24.04.3 LTS
| Command      : report_methodology -file logic_methodology_drc_routed.rpt -pb logic_methodology_drc_routed.pb -rpx logic_methodology_drc_routed.rpx
| Design       : logic
| Device       : xc7z020clg400-1
| Speed File   : -1
| Design State : Fully Routed
-----------------------------------------------------------------------------------------------------------------------------------------------------

Report Methodology

Table of Contents
-----------------
1. REPORT SUMMARY
2. REPORT DETAILS

1. REPORT SUMMARY
-----------------
            Netlist: netlist
          Floorplan: design_1
      Design limits: <entire design considered>
             Max checks: <unlimited>
             Checks found: 1
+-----------+----------+--------------------------+--------+
| Rule      | Severity | Description              | Checks |
+-----------+----------+--------------------------+--------+
| TIMING-23 | Warning  | Combinational loop found | 1      |
+-----------+----------+--------------------------+--------+

2. REPORT DETAILS
-----------------
TIMING-23#1 Warning
Combinational loop found  
A timing loop has been detected on a combinational path. A timing arc has been disabled between Q_OBUF_inst_i_1/I1 and Q_OBUF_inst_i_1/O to disable the timing loop
Related violations: <none>


