
*** Running vivado
    with args -log logic.vdi -applog -m64 -product Vivado -messageDb vivado.pb -mode batch -source logic.tcl -notrace


****** Vivado v2025.1 (64-bit)
  **** SW Build 6140274 on Wed May 21 22:58:25 MDT 2025
  **** IP Build 6138677 on Thu May 22 03:10:11 MDT 2025
  **** SharedData Build 6139179 on Tue May 20 17:58:58 MDT 2025
  **** Start of session at: Wed Sep  3 17:41:01 2025
    ** Copyright 1986-2022 Xilinx, Inc. All Rights Reserved.
    ** Copyright 2022-2025 Advanced Micro Devices, Inc. All Rights Reserved.

source logic.tcl -notrace
Command: link_design -top logic -part xc7z020clg400-1
Design is defaulting to srcset: sources_1
Design is defaulting to constrset: constrs_1
INFO: [Device 21-403] Loading part xc7z020clg400-1
Netlist sorting complete. Time (s): cpu = 00:00:00 ; elapsed = 00:00:00 . Memory (MB): peak = 1693.449 ; gain = 0.000 ; free physical = 1092 ; free virtual = 3947
INFO: [Project 1-479] Netlist was created with Vivado 2025.1
INFO: [Project 1-570] Preparing netlist for logic optimization
Parsing XDC File [/home/lorang/Documents/TFE4141_Design_av_Digitale_Systemer_1/oving/oving_2/oppgave_4/project_4/project_4.srcs/constrs_1/imports/oving_2/bft_zynq.xdc]
WARNING: [Vivado 12-584] No ports matched 'wbClk'. [/home/lorang/Documents/TFE4141_Design_av_Digitale_Systemer_1/oving/oving_2/oppgave_4/project_4/project_4.srcs/constrs_1/imports/oving_2/bft_zynq.xdc:1]
CRITICAL WARNING: [Vivado 12-4739] create_clock:No valid object(s) found for '-objects [get_ports wbClk]'. [/home/lorang/Documents/TFE4141_Design_av_Digitale_Systemer_1/oving/oving_2/oppgave_4/project_4/project_4.srcs/constrs_1/imports/oving_2/bft_zynq.xdc:1]
Resolution: Check if the specified object(s) exists in the current design. If it does, ensure that the correct design hierarchy was specified for the object. If you are working with clocks, make sure create_clock was used to create the clock object before it is referenced.
WARNING: [Vivado 12-584] No ports matched 'bftClk'. [/home/lorang/Documents/TFE4141_Design_av_Digitale_Systemer_1/oving/oving_2/oppgave_4/project_4/project_4.srcs/constrs_1/imports/oving_2/bft_zynq.xdc:2]
CRITICAL WARNING: [Vivado 12-4739] create_clock:No valid object(s) found for '-objects [get_ports bftClk]'. [/home/lorang/Documents/TFE4141_Design_av_Digitale_Systemer_1/oving/oving_2/oppgave_4/project_4/project_4.srcs/constrs_1/imports/oving_2/bft_zynq.xdc:2]
Resolution: Check if the specified object(s) exists in the current design. If it does, ensure that the correct design hierarchy was specified for the object. If you are working with clocks, make sure create_clock was used to create the clock object before it is referenced.
WARNING: [Vivado 12-507] No nets matched 'bftClk'. [/home/lorang/Documents/TFE4141_Design_av_Digitale_Systemer_1/oving/oving_2/oppgave_4/project_4/project_4.srcs/constrs_1/imports/oving_2/bft_zynq.xdc:3]
CRITICAL WARNING: [Common 17-55] 'set_property' expects at least one object. [/home/lorang/Documents/TFE4141_Design_av_Digitale_Systemer_1/oving/oving_2/oppgave_4/project_4/project_4.srcs/constrs_1/imports/oving_2/bft_zynq.xdc:3]
Resolution: If [get_<value>] was used to populate the object, check to make sure this command returns at least one valid object.
INFO: [Timing 38-35] Done setting XDC timing constraints. [/home/lorang/Documents/TFE4141_Design_av_Digitale_Systemer_1/oving/oving_2/oppgave_4/project_4/project_4.srcs/constrs_1/imports/oving_2/bft_zynq.xdc:4]
WARNING: [Vivado 12-627] No clocks matched 'wbClk'. [/home/lorang/Documents/TFE4141_Design_av_Digitale_Systemer_1/oving/oving_2/oppgave_4/project_4/project_4.srcs/constrs_1/imports/oving_2/bft_zynq.xdc:4]
INFO: [Vivado 12-626] No clocks found. Please use 'create_clock' or 'create_generated_clock' command to create clocks. [/home/lorang/Documents/TFE4141_Design_av_Digitale_Systemer_1/oving/oving_2/oppgave_4/project_4/project_4.srcs/constrs_1/imports/oving_2/bft_zynq.xdc:4]
get_clocks: Time (s): cpu = 00:00:06 ; elapsed = 00:00:06 . Memory (MB): peak = 2283.793 ; gain = 490.812 ; free physical = 559 ; free virtual = 3392
WARNING: [Vivado 12-627] No clocks matched 'bftClk'. [/home/lorang/Documents/TFE4141_Design_av_Digitale_Systemer_1/oving/oving_2/oppgave_4/project_4/project_4.srcs/constrs_1/imports/oving_2/bft_zynq.xdc:4]
INFO: [Vivado 12-626] No clocks found. Please use 'create_clock' or 'create_generated_clock' command to create clocks. [/home/lorang/Documents/TFE4141_Design_av_Digitale_Systemer_1/oving/oving_2/oppgave_4/project_4/project_4.srcs/constrs_1/imports/oving_2/bft_zynq.xdc:4]
CRITICAL WARNING: [Vivado 12-4739] set_false_path:No valid object(s) found for '-from [get_clocks wbClk]'. [/home/lorang/Documents/TFE4141_Design_av_Digitale_Systemer_1/oving/oving_2/oppgave_4/project_4/project_4.srcs/constrs_1/imports/oving_2/bft_zynq.xdc:4]
Resolution: Check if the specified object(s) exists in the current design. If it does, ensure that the correct design hierarchy was specified for the object. If you are working with clocks, make sure create_clock was used to create the clock object before it is referenced.
WARNING: [Vivado 12-627] No clocks matched 'bftClk'. [/home/lorang/Documents/TFE4141_Design_av_Digitale_Systemer_1/oving/oving_2/oppgave_4/project_4/project_4.srcs/constrs_1/imports/oving_2/bft_zynq.xdc:5]
INFO: [Vivado 12-626] No clocks found. Please use 'create_clock' or 'create_generated_clock' command to create clocks. [/home/lorang/Documents/TFE4141_Design_av_Digitale_Systemer_1/oving/oving_2/oppgave_4/project_4/project_4.srcs/constrs_1/imports/oving_2/bft_zynq.xdc:5]
WARNING: [Vivado 12-627] No clocks matched 'wbClk'. [/home/lorang/Documents/TFE4141_Design_av_Digitale_Systemer_1/oving/oving_2/oppgave_4/project_4/project_4.srcs/constrs_1/imports/oving_2/bft_zynq.xdc:5]
INFO: [Vivado 12-626] No clocks found. Please use 'create_clock' or 'create_generated_clock' command to create clocks. [/home/lorang/Documents/TFE4141_Design_av_Digitale_Systemer_1/oving/oving_2/oppgave_4/project_4/project_4.srcs/constrs_1/imports/oving_2/bft_zynq.xdc:5]
CRITICAL WARNING: [Vivado 12-4739] set_false_path:No valid object(s) found for '-from [get_clocks bftClk]'. [/home/lorang/Documents/TFE4141_Design_av_Digitale_Systemer_1/oving/oving_2/oppgave_4/project_4/project_4.srcs/constrs_1/imports/oving_2/bft_zynq.xdc:5]
Resolution: Check if the specified object(s) exists in the current design. If it does, ensure that the correct design hierarchy was specified for the object. If you are working with clocks, make sure create_clock was used to create the clock object before it is referenced.
WARNING: [Vivado 12-584] No ports matched 'bftClk'. [/home/lorang/Documents/TFE4141_Design_av_Digitale_Systemer_1/oving/oving_2/oppgave_4/project_4/project_4.srcs/constrs_1/imports/oving_2/bft_zynq.xdc:11]
CRITICAL WARNING: [Common 17-55] 'set_property' expects at least one object. [/home/lorang/Documents/TFE4141_Design_av_Digitale_Systemer_1/oving/oving_2/oppgave_4/project_4/project_4.srcs/constrs_1/imports/oving_2/bft_zynq.xdc:11]
Resolution: If [get_<value>] was used to populate the object, check to make sure this command returns at least one valid object.
WARNING: [Vivado 12-584] No ports matched 'wbClk'. [/home/lorang/Documents/TFE4141_Design_av_Digitale_Systemer_1/oving/oving_2/oppgave_4/project_4/project_4.srcs/constrs_1/imports/oving_2/bft_zynq.xdc:12]
CRITICAL WARNING: [Common 17-55] 'set_property' expects at least one object. [/home/lorang/Documents/TFE4141_Design_av_Digitale_Systemer_1/oving/oving_2/oppgave_4/project_4/project_4.srcs/constrs_1/imports/oving_2/bft_zynq.xdc:12]
Resolution: If [get_<value>] was used to populate the object, check to make sure this command returns at least one valid object.
WARNING: [Vivado 12-584] No ports matched 'wbOutputData[0]'. [/home/lorang/Documents/TFE4141_Design_av_Digitale_Systemer_1/oving/oving_2/oppgave_4/project_4/project_4.srcs/constrs_1/imports/oving_2/bft_zynq.xdc:13]
CRITICAL WARNING: [Common 17-55] 'set_property' expects at least one object. [/home/lorang/Documents/TFE4141_Design_av_Digitale_Systemer_1/oving/oving_2/oppgave_4/project_4/project_4.srcs/constrs_1/imports/oving_2/bft_zynq.xdc:13]
Resolution: If [get_<value>] was used to populate the object, check to make sure this command returns at least one valid object.
WARNING: [Vivado 12-584] No ports matched 'wbOutputData[2]'. [/home/lorang/Documents/TFE4141_Design_av_Digitale_Systemer_1/oving/oving_2/oppgave_4/project_4/project_4.srcs/constrs_1/imports/oving_2/bft_zynq.xdc:14]
CRITICAL WARNING: [Common 17-55] 'set_property' expects at least one object. [/home/lorang/Documents/TFE4141_Design_av_Digitale_Systemer_1/oving/oving_2/oppgave_4/project_4/project_4.srcs/constrs_1/imports/oving_2/bft_zynq.xdc:14]
Resolution: If [get_<value>] was used to populate the object, check to make sure this command returns at least one valid object.
WARNING: [Vivado 12-584] No ports matched 'wbOutputData[3]'. [/home/lorang/Documents/TFE4141_Design_av_Digitale_Systemer_1/oving/oving_2/oppgave_4/project_4/project_4.srcs/constrs_1/imports/oving_2/bft_zynq.xdc:15]
CRITICAL WARNING: [Common 17-55] 'set_property' expects at least one object. [/home/lorang/Documents/TFE4141_Design_av_Digitale_Systemer_1/oving/oving_2/oppgave_4/project_4/project_4.srcs/constrs_1/imports/oving_2/bft_zynq.xdc:15]
Resolution: If [get_<value>] was used to populate the object, check to make sure this command returns at least one valid object.
WARNING: [Vivado 12-584] No ports matched 'wbOutputData[6]'. [/home/lorang/Documents/TFE4141_Design_av_Digitale_Systemer_1/oving/oving_2/oppgave_4/project_4/project_4.srcs/constrs_1/imports/oving_2/bft_zynq.xdc:16]
CRITICAL WARNING: [Common 17-55] 'set_property' expects at least one object. [/home/lorang/Documents/TFE4141_Design_av_Digitale_Systemer_1/oving/oving_2/oppgave_4/project_4/project_4.srcs/constrs_1/imports/oving_2/bft_zynq.xdc:16]
Resolution: If [get_<value>] was used to populate the object, check to make sure this command returns at least one valid object.
WARNING: [Vivado 12-584] No ports matched 'wbOutputData[7]'. [/home/lorang/Documents/TFE4141_Design_av_Digitale_Systemer_1/oving/oving_2/oppgave_4/project_4/project_4.srcs/constrs_1/imports/oving_2/bft_zynq.xdc:17]
CRITICAL WARNING: [Common 17-55] 'set_property' expects at least one object. [/home/lorang/Documents/TFE4141_Design_av_Digitale_Systemer_1/oving/oving_2/oppgave_4/project_4/project_4.srcs/constrs_1/imports/oving_2/bft_zynq.xdc:17]
Resolution: If [get_<value>] was used to populate the object, check to make sure this command returns at least one valid object.
WARNING: [Vivado 12-584] No ports matched 'wbOutputData[8]'. [/home/lorang/Documents/TFE4141_Design_av_Digitale_Systemer_1/oving/oving_2/oppgave_4/project_4/project_4.srcs/constrs_1/imports/oving_2/bft_zynq.xdc:18]
CRITICAL WARNING: [Common 17-55] 'set_property' expects at least one object. [/home/lorang/Documents/TFE4141_Design_av_Digitale_Systemer_1/oving/oving_2/oppgave_4/project_4/project_4.srcs/constrs_1/imports/oving_2/bft_zynq.xdc:18]
Resolution: If [get_<value>] was used to populate the object, check to make sure this command returns at least one valid object.
WARNING: [Vivado 12-584] No ports matched 'wbOutputData[9]'. [/home/lorang/Documents/TFE4141_Design_av_Digitale_Systemer_1/oving/oving_2/oppgave_4/project_4/project_4.srcs/constrs_1/imports/oving_2/bft_zynq.xdc:19]
CRITICAL WARNING: [Common 17-55] 'set_property' expects at least one object. [/home/lorang/Documents/TFE4141_Design_av_Digitale_Systemer_1/oving/oving_2/oppgave_4/project_4/project_4.srcs/constrs_1/imports/oving_2/bft_zynq.xdc:19]
Resolution: If [get_<value>] was used to populate the object, check to make sure this command returns at least one valid object.
WARNING: [Vivado 12-584] No ports matched 'wbOutputData[27]'. [/home/lorang/Documents/TFE4141_Design_av_Digitale_Systemer_1/oving/oving_2/oppgave_4/project_4/project_4.srcs/constrs_1/imports/oving_2/bft_zynq.xdc:20]
CRITICAL WARNING: [Common 17-55] 'set_property' expects at least one object. [/home/lorang/Documents/TFE4141_Design_av_Digitale_Systemer_1/oving/oving_2/oppgave_4/project_4/project_4.srcs/constrs_1/imports/oving_2/bft_zynq.xdc:20]
Resolution: If [get_<value>] was used to populate the object, check to make sure this command returns at least one valid object.
WARNING: [Vivado 12-584] No ports matched 'wbOutputData[5]'. [/home/lorang/Documents/TFE4141_Design_av_Digitale_Systemer_1/oving/oving_2/oppgave_4/project_4/project_4.srcs/constrs_1/imports/oving_2/bft_zynq.xdc:21]
CRITICAL WARNING: [Common 17-55] 'set_property' expects at least one object. [/home/lorang/Documents/TFE4141_Design_av_Digitale_Systemer_1/oving/oving_2/oppgave_4/project_4/project_4.srcs/constrs_1/imports/oving_2/bft_zynq.xdc:21]
Resolution: If [get_<value>] was used to populate the object, check to make sure this command returns at least one valid object.
WARNING: [Vivado 12-584] No ports matched 'wbOutputData[29]'. [/home/lorang/Documents/TFE4141_Design_av_Digitale_Systemer_1/oving/oving_2/oppgave_4/project_4/project_4.srcs/constrs_1/imports/oving_2/bft_zynq.xdc:22]
CRITICAL WARNING: [Common 17-55] 'set_property' expects at least one object. [/home/lorang/Documents/TFE4141_Design_av_Digitale_Systemer_1/oving/oving_2/oppgave_4/project_4/project_4.srcs/constrs_1/imports/oving_2/bft_zynq.xdc:22]
Resolution: If [get_<value>] was used to populate the object, check to make sure this command returns at least one valid object.
WARNING: [Vivado 12-584] No ports matched 'wbOutputData[24]'. [/home/lorang/Documents/TFE4141_Design_av_Digitale_Systemer_1/oving/oving_2/oppgave_4/project_4/project_4.srcs/constrs_1/imports/oving_2/bft_zynq.xdc:23]
CRITICAL WARNING: [Common 17-55] 'set_property' expects at least one object. [/home/lorang/Documents/TFE4141_Design_av_Digitale_Systemer_1/oving/oving_2/oppgave_4/project_4/project_4.srcs/constrs_1/imports/oving_2/bft_zynq.xdc:23]
Resolution: If [get_<value>] was used to populate the object, check to make sure this command returns at least one valid object.
WARNING: [Vivado 12-584] No ports matched 'wbOutputData[18]'. [/home/lorang/Documents/TFE4141_Design_av_Digitale_Systemer_1/oving/oving_2/oppgave_4/project_4/project_4.srcs/constrs_1/imports/oving_2/bft_zynq.xdc:24]
CRITICAL WARNING: [Common 17-55] 'set_property' expects at least one object. [/home/lorang/Documents/TFE4141_Design_av_Digitale_Systemer_1/oving/oving_2/oppgave_4/project_4/project_4.srcs/constrs_1/imports/oving_2/bft_zynq.xdc:24]
Resolution: If [get_<value>] was used to populate the object, check to make sure this command returns at least one valid object.
WARNING: [Vivado 12-584] No ports matched 'wbOutputData[25]'. [/home/lorang/Documents/TFE4141_Design_av_Digitale_Systemer_1/oving/oving_2/oppgave_4/project_4/project_4.srcs/constrs_1/imports/oving_2/bft_zynq.xdc:25]
CRITICAL WARNING: [Common 17-55] 'set_property' expects at least one object. [/home/lorang/Documents/TFE4141_Design_av_Digitale_Systemer_1/oving/oving_2/oppgave_4/project_4/project_4.srcs/constrs_1/imports/oving_2/bft_zynq.xdc:25]
Resolution: If [get_<value>] was used to populate the object, check to make sure this command returns at least one valid object.
WARNING: [Vivado 12-584] No ports matched 'wbOutputData[22]'. [/home/lorang/Documents/TFE4141_Design_av_Digitale_Systemer_1/oving/oving_2/oppgave_4/project_4/project_4.srcs/constrs_1/imports/oving_2/bft_zynq.xdc:26]
CRITICAL WARNING: [Common 17-55] 'set_property' expects at least one object. [/home/lorang/Documents/TFE4141_Design_av_Digitale_Systemer_1/oving/oving_2/oppgave_4/project_4/project_4.srcs/constrs_1/imports/oving_2/bft_zynq.xdc:26]
Resolution: If [get_<value>] was used to populate the object, check to make sure this command returns at least one valid object.
WARNING: [Vivado 12-584] No ports matched 'wbOutputData[11]'. [/home/lorang/Documents/TFE4141_Design_av_Digitale_Systemer_1/oving/oving_2/oppgave_4/project_4/project_4.srcs/constrs_1/imports/oving_2/bft_zynq.xdc:27]
CRITICAL WARNING: [Common 17-55] 'set_property' expects at least one object. [/home/lorang/Documents/TFE4141_Design_av_Digitale_Systemer_1/oving/oving_2/oppgave_4/project_4/project_4.srcs/constrs_1/imports/oving_2/bft_zynq.xdc:27]
Resolution: If [get_<value>] was used to populate the object, check to make sure this command returns at least one valid object.
WARNING: [Vivado 12-584] No ports matched 'wbOutputData[4]'. [/home/lorang/Documents/TFE4141_Design_av_Digitale_Systemer_1/oving/oving_2/oppgave_4/project_4/project_4.srcs/constrs_1/imports/oving_2/bft_zynq.xdc:28]
CRITICAL WARNING: [Common 17-55] 'set_property' expects at least one object. [/home/lorang/Documents/TFE4141_Design_av_Digitale_Systemer_1/oving/oving_2/oppgave_4/project_4/project_4.srcs/constrs_1/imports/oving_2/bft_zynq.xdc:28]
Resolution: If [get_<value>] was used to populate the object, check to make sure this command returns at least one valid object.
WARNING: [Vivado 12-584] No ports matched 'wbOutputData[23]'. [/home/lorang/Documents/TFE4141_Design_av_Digitale_Systemer_1/oving/oving_2/oppgave_4/project_4/project_4.srcs/constrs_1/imports/oving_2/bft_zynq.xdc:29]
CRITICAL WARNING: [Common 17-55] 'set_property' expects at least one object. [/home/lorang/Documents/TFE4141_Design_av_Digitale_Systemer_1/oving/oving_2/oppgave_4/project_4/project_4.srcs/constrs_1/imports/oving_2/bft_zynq.xdc:29]
Resolution: If [get_<value>] was used to populate the object, check to make sure this command returns at least one valid object.
WARNING: [Vivado 12-584] No ports matched 'wbOutputData[26]'. [/home/lorang/Documents/TFE4141_Design_av_Digitale_Systemer_1/oving/oving_2/oppgave_4/project_4/project_4.srcs/constrs_1/imports/oving_2/bft_zynq.xdc:30]
CRITICAL WARNING: [Common 17-55] 'set_property' expects at least one object. [/home/lorang/Documents/TFE4141_Design_av_Digitale_Systemer_1/oving/oving_2/oppgave_4/project_4/project_4.srcs/constrs_1/imports/oving_2/bft_zynq.xdc:30]
Resolution: If [get_<value>] was used to populate the object, check to make sure this command returns at least one valid object.
WARNING: [Vivado 12-584] No ports matched 'wbOutputData[17]'. [/home/lorang/Documents/TFE4141_Design_av_Digitale_Systemer_1/oving/oving_2/oppgave_4/project_4/project_4.srcs/constrs_1/imports/oving_2/bft_zynq.xdc:31]
CRITICAL WARNING: [Common 17-55] 'set_property' expects at least one object. [/home/lorang/Documents/TFE4141_Design_av_Digitale_Systemer_1/oving/oving_2/oppgave_4/project_4/project_4.srcs/constrs_1/imports/oving_2/bft_zynq.xdc:31]
Resolution: If [get_<value>] was used to populate the object, check to make sure this command returns at least one valid object.
WARNING: [Vivado 12-584] No ports matched 'wbOutputData[20]'. [/home/lorang/Documents/TFE4141_Design_av_Digitale_Systemer_1/oving/oving_2/oppgave_4/project_4/project_4.srcs/constrs_1/imports/oving_2/bft_zynq.xdc:32]
CRITICAL WARNING: [Common 17-55] 'set_property' expects at least one object. [/home/lorang/Documents/TFE4141_Design_av_Digitale_Systemer_1/oving/oving_2/oppgave_4/project_4/project_4.srcs/constrs_1/imports/oving_2/bft_zynq.xdc:32]
Resolution: If [get_<value>] was used to populate the object, check to make sure this command returns at least one valid object.
WARNING: [Vivado 12-584] No ports matched 'wbOutputData[28]'. [/home/lorang/Documents/TFE4141_Design_av_Digitale_Systemer_1/oving/oving_2/oppgave_4/project_4/project_4.srcs/constrs_1/imports/oving_2/bft_zynq.xdc:33]
CRITICAL WARNING: [Common 17-55] 'set_property' expects at least one object. [/home/lorang/Documents/TFE4141_Design_av_Digitale_Systemer_1/oving/oving_2/oppgave_4/project_4/project_4.srcs/constrs_1/imports/oving_2/bft_zynq.xdc:33]
Resolution: If [get_<value>] was used to populate the object, check to make sure this command returns at least one valid object.
WARNING: [Vivado 12-584] No ports matched 'wbOutputData[21]'. [/home/lorang/Documents/TFE4141_Design_av_Digitale_Systemer_1/oving/oving_2/oppgave_4/project_4/project_4.srcs/constrs_1/imports/oving_2/bft_zynq.xdc:34]
CRITICAL WARNING: [Common 17-55] 'set_property' expects at least one object. [/home/lorang/Documents/TFE4141_Design_av_Digitale_Systemer_1/oving/oving_2/oppgave_4/project_4/project_4.srcs/constrs_1/imports/oving_2/bft_zynq.xdc:34]
Resolution: If [get_<value>] was used to populate the object, check to make sure this command returns at least one valid object.
WARNING: [Vivado 12-584] No ports matched 'wbOutputData[19]'. [/home/lorang/Documents/TFE4141_Design_av_Digitale_Systemer_1/oving/oving_2/oppgave_4/project_4/project_4.srcs/constrs_1/imports/oving_2/bft_zynq.xdc:35]
CRITICAL WARNING: [Common 17-55] 'set_property' expects at least one object. [/home/lorang/Documents/TFE4141_Design_av_Digitale_Systemer_1/oving/oving_2/oppgave_4/project_4/project_4.srcs/constrs_1/imports/oving_2/bft_zynq.xdc:35]
Resolution: If [get_<value>] was used to populate the object, check to make sure this command returns at least one valid object.
WARNING: [Vivado 12-584] No ports matched 'wbOutputData[31]'. [/home/lorang/Documents/TFE4141_Design_av_Digitale_Systemer_1/oving/oving_2/oppgave_4/project_4/project_4.srcs/constrs_1/imports/oving_2/bft_zynq.xdc:36]
CRITICAL WARNING: [Common 17-55] 'set_property' expects at least one object. [/home/lorang/Documents/TFE4141_Design_av_Digitale_Systemer_1/oving/oving_2/oppgave_4/project_4/project_4.srcs/constrs_1/imports/oving_2/bft_zynq.xdc:36]
Resolution: If [get_<value>] was used to populate the object, check to make sure this command returns at least one valid object.
WARNING: [Vivado 12-584] No ports matched 'wbOutputData[16]'. [/home/lorang/Documents/TFE4141_Design_av_Digitale_Systemer_1/oving/oving_2/oppgave_4/project_4/project_4.srcs/constrs_1/imports/oving_2/bft_zynq.xdc:37]
CRITICAL WARNING: [Common 17-55] 'set_property' expects at least one object. [/home/lorang/Documents/TFE4141_Design_av_Digitale_Systemer_1/oving/oving_2/oppgave_4/project_4/project_4.srcs/constrs_1/imports/oving_2/bft_zynq.xdc:37]
Resolution: If [get_<value>] was used to populate the object, check to make sure this command returns at least one valid object.
WARNING: [Vivado 12-584] No ports matched 'wbOutputData[13]'. [/home/lorang/Documents/TFE4141_Design_av_Digitale_Systemer_1/oving/oving_2/oppgave_4/project_4/project_4.srcs/constrs_1/imports/oving_2/bft_zynq.xdc:38]
CRITICAL WARNING: [Common 17-55] 'set_property' expects at least one object. [/home/lorang/Documents/TFE4141_Design_av_Digitale_Systemer_1/oving/oving_2/oppgave_4/project_4/project_4.srcs/constrs_1/imports/oving_2/bft_zynq.xdc:38]
Resolution: If [get_<value>] was used to populate the object, check to make sure this command returns at least one valid object.
WARNING: [Vivado 12-584] No ports matched 'wbOutputData[1]'. [/home/lorang/Documents/TFE4141_Design_av_Digitale_Systemer_1/oving/oving_2/oppgave_4/project_4/project_4.srcs/constrs_1/imports/oving_2/bft_zynq.xdc:39]
CRITICAL WARNING: [Common 17-55] 'set_property' expects at least one object. [/home/lorang/Documents/TFE4141_Design_av_Digitale_Systemer_1/oving/oving_2/oppgave_4/project_4/project_4.srcs/constrs_1/imports/oving_2/bft_zynq.xdc:39]
Resolution: If [get_<value>] was used to populate the object, check to make sure this command returns at least one valid object.
WARNING: [Vivado 12-584] No ports matched 'wbOutputData[30]'. [/home/lorang/Documents/TFE4141_Design_av_Digitale_Systemer_1/oving/oving_2/oppgave_4/project_4/project_4.srcs/constrs_1/imports/oving_2/bft_zynq.xdc:40]
CRITICAL WARNING: [Common 17-55] 'set_property' expects at least one object. [/home/lorang/Documents/TFE4141_Design_av_Digitale_Systemer_1/oving/oving_2/oppgave_4/project_4/project_4.srcs/constrs_1/imports/oving_2/bft_zynq.xdc:40]
Resolution: If [get_<value>] was used to populate the object, check to make sure this command returns at least one valid object.
WARNING: [Vivado 12-584] No ports matched 'wbOutputData[15]'. [/home/lorang/Documents/TFE4141_Design_av_Digitale_Systemer_1/oving/oving_2/oppgave_4/project_4/project_4.srcs/constrs_1/imports/oving_2/bft_zynq.xdc:41]
CRITICAL WARNING: [Common 17-55] 'set_property' expects at least one object. [/home/lorang/Documents/TFE4141_Design_av_Digitale_Systemer_1/oving/oving_2/oppgave_4/project_4/project_4.srcs/constrs_1/imports/oving_2/bft_zynq.xdc:41]
Resolution: If [get_<value>] was used to populate the object, check to make sure this command returns at least one valid object.
WARNING: [Vivado 12-584] No ports matched 'wbOutputData[12]'. [/home/lorang/Documents/TFE4141_Design_av_Digitale_Systemer_1/oving/oving_2/oppgave_4/project_4/project_4.srcs/constrs_1/imports/oving_2/bft_zynq.xdc:42]
CRITICAL WARNING: [Common 17-55] 'set_property' expects at least one object. [/home/lorang/Documents/TFE4141_Design_av_Digitale_Systemer_1/oving/oving_2/oppgave_4/project_4/project_4.srcs/constrs_1/imports/oving_2/bft_zynq.xdc:42]
Resolution: If [get_<value>] was used to populate the object, check to make sure this command returns at least one valid object.
WARNING: [Vivado 12-584] No ports matched 'wbOutputData[14]'. [/home/lorang/Documents/TFE4141_Design_av_Digitale_Systemer_1/oving/oving_2/oppgave_4/project_4/project_4.srcs/constrs_1/imports/oving_2/bft_zynq.xdc:43]
CRITICAL WARNING: [Common 17-55] 'set_property' expects at least one object. [/home/lorang/Documents/TFE4141_Design_av_Digitale_Systemer_1/oving/oving_2/oppgave_4/project_4/project_4.srcs/constrs_1/imports/oving_2/bft_zynq.xdc:43]
Resolution: If [get_<value>] was used to populate the object, check to make sure this command returns at least one valid object.
WARNING: [Vivado 12-584] No ports matched 'wbOutputData[10]'. [/home/lorang/Documents/TFE4141_Design_av_Digitale_Systemer_1/oving/oving_2/oppgave_4/project_4/project_4.srcs/constrs_1/imports/oving_2/bft_zynq.xdc:44]
CRITICAL WARNING: [Common 17-55] 'set_property' expects at least one object. [/home/lorang/Documents/TFE4141_Design_av_Digitale_Systemer_1/oving/oving_2/oppgave_4/project_4/project_4.srcs/constrs_1/imports/oving_2/bft_zynq.xdc:44]
Resolution: If [get_<value>] was used to populate the object, check to make sure this command returns at least one valid object.
WARNING: [Vivado 12-584] No ports matched 'wbInputData[14]'. [/home/lorang/Documents/TFE4141_Design_av_Digitale_Systemer_1/oving/oving_2/oppgave_4/project_4/project_4.srcs/constrs_1/imports/oving_2/bft_zynq.xdc:45]
CRITICAL WARNING: [Common 17-55] 'set_property' expects at least one object. [/home/lorang/Documents/TFE4141_Design_av_Digitale_Systemer_1/oving/oving_2/oppgave_4/project_4/project_4.srcs/constrs_1/imports/oving_2/bft_zynq.xdc:45]
Resolution: If [get_<value>] was used to populate the object, check to make sure this command returns at least one valid object.
WARNING: [Vivado 12-584] No ports matched 'wbInputData[15]'. [/home/lorang/Documents/TFE4141_Design_av_Digitale_Systemer_1/oving/oving_2/oppgave_4/project_4/project_4.srcs/constrs_1/imports/oving_2/bft_zynq.xdc:46]
CRITICAL WARNING: [Common 17-55] 'set_property' expects at least one object. [/home/lorang/Documents/TFE4141_Design_av_Digitale_Systemer_1/oving/oving_2/oppgave_4/project_4/project_4.srcs/constrs_1/imports/oving_2/bft_zynq.xdc:46]
Resolution: If [get_<value>] was used to populate the object, check to make sure this command returns at least one valid object.
WARNING: [Vivado 12-584] No ports matched 'wbInputData[16]'. [/home/lorang/Documents/TFE4141_Design_av_Digitale_Systemer_1/oving/oving_2/oppgave_4/project_4/project_4.srcs/constrs_1/imports/oving_2/bft_zynq.xdc:47]
CRITICAL WARNING: [Common 17-55] 'set_property' expects at least one object. [/home/lorang/Documents/TFE4141_Design_av_Digitale_Systemer_1/oving/oving_2/oppgave_4/project_4/project_4.srcs/constrs_1/imports/oving_2/bft_zynq.xdc:47]
Resolution: If [get_<value>] was used to populate the object, check to make sure this command returns at least one valid object.
WARNING: [Vivado 12-584] No ports matched 'wbInputData[17]'. [/home/lorang/Documents/TFE4141_Design_av_Digitale_Systemer_1/oving/oving_2/oppgave_4/project_4/project_4.srcs/constrs_1/imports/oving_2/bft_zynq.xdc:48]
CRITICAL WARNING: [Common 17-55] 'set_property' expects at least one object. [/home/lorang/Documents/TFE4141_Design_av_Digitale_Systemer_1/oving/oving_2/oppgave_4/project_4/project_4.srcs/constrs_1/imports/oving_2/bft_zynq.xdc:48]
Resolution: If [get_<value>] was used to populate the object, check to make sure this command returns at least one valid object.
WARNING: [Vivado 12-584] No ports matched 'wbInputData[18]'. [/home/lorang/Documents/TFE4141_Design_av_Digitale_Systemer_1/oving/oving_2/oppgave_4/project_4/project_4.srcs/constrs_1/imports/oving_2/bft_zynq.xdc:49]
CRITICAL WARNING: [Common 17-55] 'set_property' expects at least one object. [/home/lorang/Documents/TFE4141_Design_av_Digitale_Systemer_1/oving/oving_2/oppgave_4/project_4/project_4.srcs/constrs_1/imports/oving_2/bft_zynq.xdc:49]
Resolution: If [get_<value>] was used to populate the object, check to make sure this command returns at least one valid object.
WARNING: [Vivado 12-584] No ports matched 'wbInputData[19]'. [/home/lorang/Documents/TFE4141_Design_av_Digitale_Systemer_1/oving/oving_2/oppgave_4/project_4/project_4.srcs/constrs_1/imports/oving_2/bft_zynq.xdc:50]
CRITICAL WARNING: [Common 17-55] 'set_property' expects at least one object. [/home/lorang/Documents/TFE4141_Design_av_Digitale_Systemer_1/oving/oving_2/oppgave_4/project_4/project_4.srcs/constrs_1/imports/oving_2/bft_zynq.xdc:50]
Resolution: If [get_<value>] was used to populate the object, check to make sure this command returns at least one valid object.
WARNING: [Vivado 12-584] No ports matched 'wbInputData[21]'. [/home/lorang/Documents/TFE4141_Design_av_Digitale_Systemer_1/oving/oving_2/oppgave_4/project_4/project_4.srcs/constrs_1/imports/oving_2/bft_zynq.xdc:51]
CRITICAL WARNING: [Common 17-55] 'set_property' expects at least one object. [/home/lorang/Documents/TFE4141_Design_av_Digitale_Systemer_1/oving/oving_2/oppgave_4/project_4/project_4.srcs/constrs_1/imports/oving_2/bft_zynq.xdc:51]
Resolution: If [get_<value>] was used to populate the object, check to make sure this command returns at least one valid object.
WARNING: [Vivado 12-584] No ports matched 'wbInputData[28]'. [/home/lorang/Documents/TFE4141_Design_av_Digitale_Systemer_1/oving/oving_2/oppgave_4/project_4/project_4.srcs/constrs_1/imports/oving_2/bft_zynq.xdc:52]
CRITICAL WARNING: [Common 17-55] 'set_property' expects at least one object. [/home/lorang/Documents/TFE4141_Design_av_Digitale_Systemer_1/oving/oving_2/oppgave_4/project_4/project_4.srcs/constrs_1/imports/oving_2/bft_zynq.xdc:52]
Resolution: If [get_<value>] was used to populate the object, check to make sure this command returns at least one valid object.
WARNING: [Vivado 12-584] No ports matched 'wbInputData[30]'. [/home/lorang/Documents/TFE4141_Design_av_Digitale_Systemer_1/oving/oving_2/oppgave_4/project_4/project_4.srcs/constrs_1/imports/oving_2/bft_zynq.xdc:53]
CRITICAL WARNING: [Common 17-55] 'set_property' expects at least one object. [/home/lorang/Documents/TFE4141_Design_av_Digitale_Systemer_1/oving/oving_2/oppgave_4/project_4/project_4.srcs/constrs_1/imports/oving_2/bft_zynq.xdc:53]
Resolution: If [get_<value>] was used to populate the object, check to make sure this command returns at least one valid object.
WARNING: [Vivado 12-584] No ports matched 'wbInputData[27]'. [/home/lorang/Documents/TFE4141_Design_av_Digitale_Systemer_1/oving/oving_2/oppgave_4/project_4/project_4.srcs/constrs_1/imports/oving_2/bft_zynq.xdc:54]
CRITICAL WARNING: [Common 17-55] 'set_property' expects at least one object. [/home/lorang/Documents/TFE4141_Design_av_Digitale_Systemer_1/oving/oving_2/oppgave_4/project_4/project_4.srcs/constrs_1/imports/oving_2/bft_zynq.xdc:54]
Resolution: If [get_<value>] was used to populate the object, check to make sure this command returns at least one valid object.
WARNING: [Vivado 12-584] No ports matched 'wbInputData[25]'. [/home/lorang/Documents/TFE4141_Design_av_Digitale_Systemer_1/oving/oving_2/oppgave_4/project_4/project_4.srcs/constrs_1/imports/oving_2/bft_zynq.xdc:55]
CRITICAL WARNING: [Common 17-55] 'set_property' expects at least one object. [/home/lorang/Documents/TFE4141_Design_av_Digitale_Systemer_1/oving/oving_2/oppgave_4/project_4/project_4.srcs/constrs_1/imports/oving_2/bft_zynq.xdc:55]
Resolution: If [get_<value>] was used to populate the object, check to make sure this command returns at least one valid object.
WARNING: [Vivado 12-584] No ports matched 'wbInputData[31]'. [/home/lorang/Documents/TFE4141_Design_av_Digitale_Systemer_1/oving/oving_2/oppgave_4/project_4/project_4.srcs/constrs_1/imports/oving_2/bft_zynq.xdc:56]
CRITICAL WARNING: [Common 17-55] 'set_property' expects at least one object. [/home/lorang/Documents/TFE4141_Design_av_Digitale_Systemer_1/oving/oving_2/oppgave_4/project_4/project_4.srcs/constrs_1/imports/oving_2/bft_zynq.xdc:56]
Resolution: If [get_<value>] was used to populate the object, check to make sure this command returns at least one valid object.
WARNING: [Vivado 12-584] No ports matched 'wbInputData[24]'. [/home/lorang/Documents/TFE4141_Design_av_Digitale_Systemer_1/oving/oving_2/oppgave_4/project_4/project_4.srcs/constrs_1/imports/oving_2/bft_zynq.xdc:57]
CRITICAL WARNING: [Common 17-55] 'set_property' expects at least one object. [/home/lorang/Documents/TFE4141_Design_av_Digitale_Systemer_1/oving/oving_2/oppgave_4/project_4/project_4.srcs/constrs_1/imports/oving_2/bft_zynq.xdc:57]
Resolution: If [get_<value>] was used to populate the object, check to make sure this command returns at least one valid object.
WARNING: [Vivado 12-584] No ports matched 'wbInputData[26]'. [/home/lorang/Documents/TFE4141_Design_av_Digitale_Systemer_1/oving/oving_2/oppgave_4/project_4/project_4.srcs/constrs_1/imports/oving_2/bft_zynq.xdc:58]
CRITICAL WARNING: [Common 17-55] 'set_property' expects at least one object. [/home/lorang/Documents/TFE4141_Design_av_Digitale_Systemer_1/oving/oving_2/oppgave_4/project_4/project_4.srcs/constrs_1/imports/oving_2/bft_zynq.xdc:58]
Resolution: If [get_<value>] was used to populate the object, check to make sure this command returns at least one valid object.
WARNING: [Vivado 12-584] No ports matched 'wbInputData[29]'. [/home/lorang/Documents/TFE4141_Design_av_Digitale_Systemer_1/oving/oving_2/oppgave_4/project_4/project_4.srcs/constrs_1/imports/oving_2/bft_zynq.xdc:59]
CRITICAL WARNING: [Common 17-55] 'set_property' expects at least one object. [/home/lorang/Documents/TFE4141_Design_av_Digitale_Systemer_1/oving/oving_2/oppgave_4/project_4/project_4.srcs/constrs_1/imports/oving_2/bft_zynq.xdc:59]
Resolution: If [get_<value>] was used to populate the object, check to make sure this command returns at least one valid object.
WARNING: [Vivado 12-584] No ports matched 'wbInputData[22]'. [/home/lorang/Documents/TFE4141_Design_av_Digitale_Systemer_1/oving/oving_2/oppgave_4/project_4/project_4.srcs/constrs_1/imports/oving_2/bft_zynq.xdc:60]
CRITICAL WARNING: [Common 17-55] 'set_property' expects at least one object. [/home/lorang/Documents/TFE4141_Design_av_Digitale_Systemer_1/oving/oving_2/oppgave_4/project_4/project_4.srcs/constrs_1/imports/oving_2/bft_zynq.xdc:60]
Resolution: If [get_<value>] was used to populate the object, check to make sure this command returns at least one valid object.
WARNING: [Vivado 12-584] No ports matched 'wbInputData[20]'. [/home/lorang/Documents/TFE4141_Design_av_Digitale_Systemer_1/oving/oving_2/oppgave_4/project_4/project_4.srcs/constrs_1/imports/oving_2/bft_zynq.xdc:61]
CRITICAL WARNING: [Common 17-55] 'set_property' expects at least one object. [/home/lorang/Documents/TFE4141_Design_av_Digitale_Systemer_1/oving/oving_2/oppgave_4/project_4/project_4.srcs/constrs_1/imports/oving_2/bft_zynq.xdc:61]
Resolution: If [get_<value>] was used to populate the object, check to make sure this command returns at least one valid object.
WARNING: [Vivado 12-584] No ports matched 'wbInputData[23]'. [/home/lorang/Documents/TFE4141_Design_av_Digitale_Systemer_1/oving/oving_2/oppgave_4/project_4/project_4.srcs/constrs_1/imports/oving_2/bft_zynq.xdc:62]
CRITICAL WARNING: [Common 17-55] 'set_property' expects at least one object. [/home/lorang/Documents/TFE4141_Design_av_Digitale_Systemer_1/oving/oving_2/oppgave_4/project_4/project_4.srcs/constrs_1/imports/oving_2/bft_zynq.xdc:62]
Resolution: If [get_<value>] was used to populate the object, check to make sure this command returns at least one valid object.
WARNING: [Vivado 12-584] No ports matched 'wbInputData[3]'. [/home/lorang/Documents/TFE4141_Design_av_Digitale_Systemer_1/oving/oving_2/oppgave_4/project_4/project_4.srcs/constrs_1/imports/oving_2/bft_zynq.xdc:63]
CRITICAL WARNING: [Common 17-55] 'set_property' expects at least one object. [/home/lorang/Documents/TFE4141_Design_av_Digitale_Systemer_1/oving/oving_2/oppgave_4/project_4/project_4.srcs/constrs_1/imports/oving_2/bft_zynq.xdc:63]
Resolution: If [get_<value>] was used to populate the object, check to make sure this command returns at least one valid object.
WARNING: [Vivado 12-584] No ports matched 'wbInputData[13]'. [/home/lorang/Documents/TFE4141_Design_av_Digitale_Systemer_1/oving/oving_2/oppgave_4/project_4/project_4.srcs/constrs_1/imports/oving_2/bft_zynq.xdc:64]
CRITICAL WARNING: [Common 17-55] 'set_property' expects at least one object. [/home/lorang/Documents/TFE4141_Design_av_Digitale_Systemer_1/oving/oving_2/oppgave_4/project_4/project_4.srcs/constrs_1/imports/oving_2/bft_zynq.xdc:64]
Resolution: If [get_<value>] was used to populate the object, check to make sure this command returns at least one valid object.
WARNING: [Vivado 12-584] No ports matched 'wbInputData[0]'. [/home/lorang/Documents/TFE4141_Design_av_Digitale_Systemer_1/oving/oving_2/oppgave_4/project_4/project_4.srcs/constrs_1/imports/oving_2/bft_zynq.xdc:65]
CRITICAL WARNING: [Common 17-55] 'set_property' expects at least one object. [/home/lorang/Documents/TFE4141_Design_av_Digitale_Systemer_1/oving/oving_2/oppgave_4/project_4/project_4.srcs/constrs_1/imports/oving_2/bft_zynq.xdc:65]
Resolution: If [get_<value>] was used to populate the object, check to make sure this command returns at least one valid object.
WARNING: [Vivado 12-584] No ports matched 'wbInputData[11]'. [/home/lorang/Documents/TFE4141_Design_av_Digitale_Systemer_1/oving/oving_2/oppgave_4/project_4/project_4.srcs/constrs_1/imports/oving_2/bft_zynq.xdc:66]
CRITICAL WARNING: [Common 17-55] 'set_property' expects at least one object. [/home/lorang/Documents/TFE4141_Design_av_Digitale_Systemer_1/oving/oving_2/oppgave_4/project_4/project_4.srcs/constrs_1/imports/oving_2/bft_zynq.xdc:66]
Resolution: If [get_<value>] was used to populate the object, check to make sure this command returns at least one valid object.
WARNING: [Vivado 12-584] No ports matched 'wbInputData[2]'. [/home/lorang/Documents/TFE4141_Design_av_Digitale_Systemer_1/oving/oving_2/oppgave_4/project_4/project_4.srcs/constrs_1/imports/oving_2/bft_zynq.xdc:67]
CRITICAL WARNING: [Common 17-55] 'set_property' expects at least one object. [/home/lorang/Documents/TFE4141_Design_av_Digitale_Systemer_1/oving/oving_2/oppgave_4/project_4/project_4.srcs/constrs_1/imports/oving_2/bft_zynq.xdc:67]
Resolution: If [get_<value>] was used to populate the object, check to make sure this command returns at least one valid object.
WARNING: [Vivado 12-584] No ports matched 'wbInputData[10]'. [/home/lorang/Documents/TFE4141_Design_av_Digitale_Systemer_1/oving/oving_2/oppgave_4/project_4/project_4.srcs/constrs_1/imports/oving_2/bft_zynq.xdc:68]
CRITICAL WARNING: [Common 17-55] 'set_property' expects at least one object. [/home/lorang/Documents/TFE4141_Design_av_Digitale_Systemer_1/oving/oving_2/oppgave_4/project_4/project_4.srcs/constrs_1/imports/oving_2/bft_zynq.xdc:68]
Resolution: If [get_<value>] was used to populate the object, check to make sure this command returns at least one valid object.
WARNING: [Vivado 12-584] No ports matched 'wbInputData[12]'. [/home/lorang/Documents/TFE4141_Design_av_Digitale_Systemer_1/oving/oving_2/oppgave_4/project_4/project_4.srcs/constrs_1/imports/oving_2/bft_zynq.xdc:69]
CRITICAL WARNING: [Common 17-55] 'set_property' expects at least one object. [/home/lorang/Documents/TFE4141_Design_av_Digitale_Systemer_1/oving/oving_2/oppgave_4/project_4/project_4.srcs/constrs_1/imports/oving_2/bft_zynq.xdc:69]
Resolution: If [get_<value>] was used to populate the object, check to make sure this command returns at least one valid object.
WARNING: [Vivado 12-584] No ports matched 'wbInputData[1]'. [/home/lorang/Documents/TFE4141_Design_av_Digitale_Systemer_1/oving/oving_2/oppgave_4/project_4/project_4.srcs/constrs_1/imports/oving_2/bft_zynq.xdc:70]
CRITICAL WARNING: [Common 17-55] 'set_property' expects at least one object. [/home/lorang/Documents/TFE4141_Design_av_Digitale_Systemer_1/oving/oving_2/oppgave_4/project_4/project_4.srcs/constrs_1/imports/oving_2/bft_zynq.xdc:70]
Resolution: If [get_<value>] was used to populate the object, check to make sure this command returns at least one valid object.
WARNING: [Vivado 12-584] No ports matched 'wbInputData[8]'. [/home/lorang/Documents/TFE4141_Design_av_Digitale_Systemer_1/oving/oving_2/oppgave_4/project_4/project_4.srcs/constrs_1/imports/oving_2/bft_zynq.xdc:71]
CRITICAL WARNING: [Common 17-55] 'set_property' expects at least one object. [/home/lorang/Documents/TFE4141_Design_av_Digitale_Systemer_1/oving/oving_2/oppgave_4/project_4/project_4.srcs/constrs_1/imports/oving_2/bft_zynq.xdc:71]
Resolution: If [get_<value>] was used to populate the object, check to make sure this command returns at least one valid object.
WARNING: [Vivado 12-584] No ports matched 'wbInputData[7]'. [/home/lorang/Documents/TFE4141_Design_av_Digitale_Systemer_1/oving/oving_2/oppgave_4/project_4/project_4.srcs/constrs_1/imports/oving_2/bft_zynq.xdc:72]
CRITICAL WARNING: [Common 17-55] 'set_property' expects at least one object. [/home/lorang/Documents/TFE4141_Design_av_Digitale_Systemer_1/oving/oving_2/oppgave_4/project_4/project_4.srcs/constrs_1/imports/oving_2/bft_zynq.xdc:72]
Resolution: If [get_<value>] was used to populate the object, check to make sure this command returns at least one valid object.
WARNING: [Vivado 12-584] No ports matched 'wbInputData[6]'. [/home/lorang/Documents/TFE4141_Design_av_Digitale_Systemer_1/oving/oving_2/oppgave_4/project_4/project_4.srcs/constrs_1/imports/oving_2/bft_zynq.xdc:73]
CRITICAL WARNING: [Common 17-55] 'set_property' expects at least one object. [/home/lorang/Documents/TFE4141_Design_av_Digitale_Systemer_1/oving/oving_2/oppgave_4/project_4/project_4.srcs/constrs_1/imports/oving_2/bft_zynq.xdc:73]
Resolution: If [get_<value>] was used to populate the object, check to make sure this command returns at least one valid object.
WARNING: [Vivado 12-584] No ports matched 'wbInputData[5]'. [/home/lorang/Documents/TFE4141_Design_av_Digitale_Systemer_1/oving/oving_2/oppgave_4/project_4/project_4.srcs/constrs_1/imports/oving_2/bft_zynq.xdc:74]
CRITICAL WARNING: [Common 17-55] 'set_property' expects at least one object. [/home/lorang/Documents/TFE4141_Design_av_Digitale_Systemer_1/oving/oving_2/oppgave_4/project_4/project_4.srcs/constrs_1/imports/oving_2/bft_zynq.xdc:74]
Resolution: If [get_<value>] was used to populate the object, check to make sure this command returns at least one valid object.
WARNING: [Vivado 12-584] No ports matched 'wbInputData[4]'. [/home/lorang/Documents/TFE4141_Design_av_Digitale_Systemer_1/oving/oving_2/oppgave_4/project_4/project_4.srcs/constrs_1/imports/oving_2/bft_zynq.xdc:75]
CRITICAL WARNING: [Common 17-55] 'set_property' expects at least one object. [/home/lorang/Documents/TFE4141_Design_av_Digitale_Systemer_1/oving/oving_2/oppgave_4/project_4/project_4.srcs/constrs_1/imports/oving_2/bft_zynq.xdc:75]
Resolution: If [get_<value>] was used to populate the object, check to make sure this command returns at least one valid object.
WARNING: [Vivado 12-584] No ports matched 'error'. [/home/lorang/Documents/TFE4141_Design_av_Digitale_Systemer_1/oving/oving_2/oppgave_4/project_4/project_4.srcs/constrs_1/imports/oving_2/bft_zynq.xdc:76]
CRITICAL WARNING: [Common 17-55] 'set_property' expects at least one object. [/home/lorang/Documents/TFE4141_Design_av_Digitale_Systemer_1/oving/oving_2/oppgave_4/project_4/project_4.srcs/constrs_1/imports/oving_2/bft_zynq.xdc:76]
Resolution: If [get_<value>] was used to populate the object, check to make sure this command returns at least one valid object.
WARNING: [Vivado 12-584] No ports matched 'reset'. [/home/lorang/Documents/TFE4141_Design_av_Digitale_Systemer_1/oving/oving_2/oppgave_4/project_4/project_4.srcs/constrs_1/imports/oving_2/bft_zynq.xdc:77]
CRITICAL WARNING: [Common 17-55] 'set_property' expects at least one object. [/home/lorang/Documents/TFE4141_Design_av_Digitale_Systemer_1/oving/oving_2/oppgave_4/project_4/project_4.srcs/constrs_1/imports/oving_2/bft_zynq.xdc:77]
Resolution: If [get_<value>] was used to populate the object, check to make sure this command returns at least one valid object.
WARNING: [Vivado 12-584] No ports matched 'wbDataForOutput'. [/home/lorang/Documents/TFE4141_Design_av_Digitale_Systemer_1/oving/oving_2/oppgave_4/project_4/project_4.srcs/constrs_1/imports/oving_2/bft_zynq.xdc:78]
CRITICAL WARNING: [Common 17-55] 'set_property' expects at least one object. [/home/lorang/Documents/TFE4141_Design_av_Digitale_Systemer_1/oving/oving_2/oppgave_4/project_4/project_4.srcs/constrs_1/imports/oving_2/bft_zynq.xdc:78]
Resolution: If [get_<value>] was used to populate the object, check to make sure this command returns at least one valid object.
WARNING: [Vivado 12-584] No ports matched 'wbDataForInput'. [/home/lorang/Documents/TFE4141_Design_av_Digitale_Systemer_1/oving/oving_2/oppgave_4/project_4/project_4.srcs/constrs_1/imports/oving_2/bft_zynq.xdc:79]
CRITICAL WARNING: [Common 17-55] 'set_property' expects at least one object. [/home/lorang/Documents/TFE4141_Design_av_Digitale_Systemer_1/oving/oving_2/oppgave_4/project_4/project_4.srcs/constrs_1/imports/oving_2/bft_zynq.xdc:79]
Resolution: If [get_<value>] was used to populate the object, check to make sure this command returns at least one valid object.
WARNING: [Vivado 12-584] No ports matched 'wbWriteOut'. [/home/lorang/Documents/TFE4141_Design_av_Digitale_Systemer_1/oving/oving_2/oppgave_4/project_4/project_4.srcs/constrs_1/imports/oving_2/bft_zynq.xdc:81]
CRITICAL WARNING: [Common 17-55] 'set_property' expects at least one object. [/home/lorang/Documents/TFE4141_Design_av_Digitale_Systemer_1/oving/oving_2/oppgave_4/project_4/project_4.srcs/constrs_1/imports/oving_2/bft_zynq.xdc:81]
Resolution: If [get_<value>] was used to populate the object, check to make sure this command returns at least one valid object.
WARNING: [Vivado 12-584] No ports matched 'wbInputData[9]'. [/home/lorang/Documents/TFE4141_Design_av_Digitale_Systemer_1/oving/oving_2/oppgave_4/project_4/project_4.srcs/constrs_1/imports/oving_2/bft_zynq.xdc:83]
CRITICAL WARNING: [Common 17-55] 'set_property' expects at least one object. [/home/lorang/Documents/TFE4141_Design_av_Digitale_Systemer_1/oving/oving_2/oppgave_4/project_4/project_4.srcs/constrs_1/imports/oving_2/bft_zynq.xdc:83]
Resolution: If [get_<value>] was used to populate the object, check to make sure this command returns at least one valid object.
Finished Parsing XDC File [/home/lorang/Documents/TFE4141_Design_av_Digitale_Systemer_1/oving/oving_2/oppgave_4/project_4/project_4.srcs/constrs_1/imports/oving_2/bft_zynq.xdc]
INFO: [Opt 31-138] Pushed 0 inverter(s) to 0 load pin(s).
Netlist sorting complete. Time (s): cpu = 00:00:00 ; elapsed = 00:00:00 . Memory (MB): peak = 2283.793 ; gain = 0.000 ; free physical = 558 ; free virtual = 3391
INFO: [Project 1-111] Unisim Transformation Summary:
No Unisim elements were transformed.

10 Infos, 78 Warnings, 76 Critical Warnings and 0 Errors encountered.
link_design completed successfully
link_design: Time (s): cpu = 00:00:10 ; elapsed = 00:00:11 . Memory (MB): peak = 2283.828 ; gain = 769.082 ; free physical = 551 ; free virtual = 3384
Command: opt_design
Attempting to get a license for feature 'Implementation' and/or device 'xc7z020'
INFO: [Common 17-349] Got license for feature 'Implementation' and/or device 'xc7z020'
Running DRC as a precondition to command opt_design

Starting DRC Task
INFO: [DRC 23-27] Running DRC with 8 threads
INFO: [Project 1-461] DRC finished with 0 Errors
INFO: [Project 1-462] Please refer to the DRC report (report_drc) for more information.

Time (s): cpu = 00:00:00.5 ; elapsed = 00:00:00.49 . Memory (MB): peak = 2283.828 ; gain = 0.000 ; free physical = 533 ; free virtual = 3367

Starting Cache Timing Information Task
INFO: [Timing 38-35] Done setting XDC timing constraints.
Ending Cache Timing Information Task | Checksum: cf6d9de5

Time (s): cpu = 00:00:00.01 ; elapsed = 00:00:00 . Memory (MB): peak = 2306.605 ; gain = 22.777 ; free physical = 525 ; free virtual = 3359

Starting Logic Optimization Task

Phase 1 Initialization

Phase 1.1 Core Generation And Design Setup
Phase 1.1 Core Generation And Design Setup | Checksum: cf6d9de5

Time (s): cpu = 00:00:00 ; elapsed = 00:00:00.01 . Memory (MB): peak = 2660.590 ; gain = 0.000 ; free physical = 170 ; free virtual = 3004

Phase 1.2 Setup Constraints And Sort Netlist
Phase 1.2 Setup Constraints And Sort Netlist | Checksum: cf6d9de5

Time (s): cpu = 00:00:00 ; elapsed = 00:00:00.01 . Memory (MB): peak = 2660.590 ; gain = 0.000 ; free physical = 170 ; free virtual = 3004
Phase 1 Initialization | Checksum: cf6d9de5

Time (s): cpu = 00:00:00 ; elapsed = 00:00:00.01 . Memory (MB): peak = 2660.590 ; gain = 0.000 ; free physical = 170 ; free virtual = 3004

Phase 2 Timer Update And Timing Data Collection

Phase 2.1 Timer Update
Phase 2.1 Timer Update | Checksum: cf6d9de5

Time (s): cpu = 00:00:00 ; elapsed = 00:00:00.01 . Memory (MB): peak = 2660.590 ; gain = 0.000 ; free physical = 170 ; free virtual = 3004

Phase 2.2 Timing Data Collection
Phase 2.2 Timing Data Collection | Checksum: cf6d9de5

Time (s): cpu = 00:00:00.01 ; elapsed = 00:00:00.02 . Memory (MB): peak = 2660.590 ; gain = 0.000 ; free physical = 170 ; free virtual = 3004
Phase 2 Timer Update And Timing Data Collection | Checksum: cf6d9de5

Time (s): cpu = 00:00:00.01 ; elapsed = 00:00:00.02 . Memory (MB): peak = 2660.590 ; gain = 0.000 ; free physical = 170 ; free virtual = 3004

Phase 3 Retarget
INFO: [Opt 31-1851] Number of loadless carry chains removed were: 0
INFO: [Opt 31-1834] Total Chains To Be Transformed Were: 0 AND Number of Transformed insts Created are: 0
INFO: [Opt 31-138] Pushed 0 inverter(s) to 0 load pin(s).
INFO: [Opt 31-49] Retargeted 0 cell(s).
Phase 3 Retarget | Checksum: cf6d9de5

Time (s): cpu = 00:00:00.01 ; elapsed = 00:00:00.03 . Memory (MB): peak = 2660.590 ; gain = 0.000 ; free physical = 170 ; free virtual = 3004
Retarget | Checksum: cf6d9de5
INFO: [Opt 31-389] Phase Retarget created 0 cells and removed 0 cells

Phase 4 Constant propagation
INFO: [Opt 31-138] Pushed 0 inverter(s) to 0 load pin(s).
Phase 4 Constant propagation | Checksum: cf6d9de5

Time (s): cpu = 00:00:00.01 ; elapsed = 00:00:00.03 . Memory (MB): peak = 2660.590 ; gain = 0.000 ; free physical = 170 ; free virtual = 3004
Constant propagation | Checksum: cf6d9de5
INFO: [Opt 31-389] Phase Constant propagation created 0 cells and removed 0 cells

Phase 5 Sweep
INFO: [Constraints 18-11670] Building netlist checker database with flags, 0x8
Done building netlist checker database: Time (s): cpu = 00:00:00 ; elapsed = 00:00:00 . Memory (MB): peak = 2660.590 ; gain = 0.000 ; free physical = 170 ; free virtual = 3004
Phase 5 Sweep | Checksum: cf6d9de5

Time (s): cpu = 00:00:00.01 ; elapsed = 00:00:00.03 . Memory (MB): peak = 2660.590 ; gain = 0.000 ; free physical = 170 ; free virtual = 3004
Sweep | Checksum: cf6d9de5
INFO: [Opt 31-389] Phase Sweep created 0 cells and removed 0 cells

Phase 6 BUFG optimization
Phase 6 BUFG optimization | Checksum: cf6d9de5

Time (s): cpu = 00:00:00.02 ; elapsed = 00:00:00.04 . Memory (MB): peak = 2692.605 ; gain = 32.016 ; free physical = 169 ; free virtual = 3003
BUFG optimization | Checksum: cf6d9de5
INFO: [Opt 31-662] Phase BUFG optimization created 0 cells of which 0 are BUFGs and removed 0 cells.

Phase 7 Shift Register Optimization
INFO: [Opt 31-1064] SRL Remap converted 0 SRLs to 0 registers and converted 0 registers of register chains to 0 SRLs
Phase 7 Shift Register Optimization | Checksum: cf6d9de5

Time (s): cpu = 00:00:00.02 ; elapsed = 00:00:00.04 . Memory (MB): peak = 2692.605 ; gain = 32.016 ; free physical = 169 ; free virtual = 3003
Shift Register Optimization | Checksum: cf6d9de5
INFO: [Opt 31-389] Phase Shift Register Optimization created 0 cells and removed 0 cells

Phase 8 Post Processing Netlist
Phase 8 Post Processing Netlist | Checksum: cf6d9de5

Time (s): cpu = 00:00:00.02 ; elapsed = 00:00:00.04 . Memory (MB): peak = 2692.605 ; gain = 32.016 ; free physical = 169 ; free virtual = 3002
Post Processing Netlist | Checksum: cf6d9de5
INFO: [Opt 31-389] Phase Post Processing Netlist created 0 cells and removed 0 cells

Phase 9 Finalization

Phase 9.1 Finalizing Design Cores and Updating Shapes
Phase 9.1 Finalizing Design Cores and Updating Shapes | Checksum: cf6d9de5

Time (s): cpu = 00:00:00.02 ; elapsed = 00:00:00.04 . Memory (MB): peak = 2692.605 ; gain = 32.016 ; free physical = 169 ; free virtual = 3002

Phase 9.2 Verifying Netlist Connectivity

Starting Connectivity Check Task

Time (s): cpu = 00:00:00 ; elapsed = 00:00:00 . Memory (MB): peak = 2692.605 ; gain = 0.000 ; free physical = 169 ; free virtual = 3002
Phase 9.2 Verifying Netlist Connectivity | Checksum: cf6d9de5

Time (s): cpu = 00:00:00.02 ; elapsed = 00:00:00.04 . Memory (MB): peak = 2692.605 ; gain = 32.016 ; free physical = 169 ; free virtual = 3002
Phase 9 Finalization | Checksum: cf6d9de5

Time (s): cpu = 00:00:00.02 ; elapsed = 00:00:00.04 . Memory (MB): peak = 2692.605 ; gain = 32.016 ; free physical = 169 ; free virtual = 3002
Opt_design Change Summary
=========================


-------------------------------------------------------------------------------------------------------------------------
|  Phase                        |  #Cells created  |  #Cells Removed  |  #Constrained objects preventing optimizations  |
-------------------------------------------------------------------------------------------------------------------------
|  Retarget                     |               0  |               0  |                                              0  |
|  Constant propagation         |               0  |               0  |                                              0  |
|  Sweep                        |               0  |               0  |                                              0  |
|  BUFG optimization            |               0  |               0  |                                              0  |
|  Shift Register Optimization  |               0  |               0  |                                              0  |
|  Post Processing Netlist      |               0  |               0  |                                              0  |
-------------------------------------------------------------------------------------------------------------------------


Ending Logic Optimization Task | Checksum: cf6d9de5

Time (s): cpu = 00:00:00.03 ; elapsed = 00:00:00.04 . Memory (MB): peak = 2692.605 ; gain = 32.016 ; free physical = 169 ; free virtual = 3002

Starting Power Optimization Task
INFO: [Pwropt 34-132] Skipping clock gating for clocks with a period < 2.00 ns.
Ending Power Optimization Task | Checksum: cf6d9de5

Time (s): cpu = 00:00:00 ; elapsed = 00:00:00 . Memory (MB): peak = 2692.605 ; gain = 0.000 ; free physical = 169 ; free virtual = 3002

Starting Final Cleanup Task
Ending Final Cleanup Task | Checksum: cf6d9de5

Time (s): cpu = 00:00:00 ; elapsed = 00:00:00 . Memory (MB): peak = 2692.605 ; gain = 0.000 ; free physical = 169 ; free virtual = 3002

Starting Netlist Obfuscation Task
Netlist sorting complete. Time (s): cpu = 00:00:00 ; elapsed = 00:00:00 . Memory (MB): peak = 2692.605 ; gain = 0.000 ; free physical = 169 ; free virtual = 3002
Ending Netlist Obfuscation Task | Checksum: cf6d9de5

Time (s): cpu = 00:00:00 ; elapsed = 00:00:00 . Memory (MB): peak = 2692.605 ; gain = 0.000 ; free physical = 169 ; free virtual = 3002
INFO: [Common 17-83] Releasing license: Implementation
30 Infos, 78 Warnings, 76 Critical Warnings and 0 Errors encountered.
opt_design completed successfully
INFO: [Vivado 12-24828] Executing command : report_drc -file logic_drc_opted.rpt -pb logic_drc_opted.pb -rpx logic_drc_opted.rpx
Command: report_drc -file logic_drc_opted.rpt -pb logic_drc_opted.pb -rpx logic_drc_opted.rpx
INFO: [IP_Flow 19-234] Refreshing IP repositories
INFO: [IP_Flow 19-1704] No user IP repositories specified
INFO: [IP_Flow 19-2313] Loaded Vivado IP repository '/opt/VivadoXilinx/2025.1/Vivado/data/ip'.
INFO: [DRC 23-27] Running DRC with 8 threads
INFO: [Vivado_Tcl 2-168] The results of DRC are in file /home/lorang/Documents/TFE4141_Design_av_Digitale_Systemer_1/oving/oving_2/oppgave_4/project_4/project_4.runs/impl_1/logic_drc_opted.rpt.
report_drc completed successfully
INFO: [Timing 38-480] Writing timing data to binary archive.
Write ShapeDB Complete: Time (s): cpu = 00:00:00 ; elapsed = 00:00:00 . Memory (MB): peak = 2700.543 ; gain = 0.000 ; free physical = 169 ; free virtual = 2999
INFO: [Common 17-1381] The checkpoint '/home/lorang/Documents/TFE4141_Design_av_Digitale_Systemer_1/oving/oving_2/oppgave_4/project_4/project_4.runs/impl_1/logic_opt.dcp' has been generated.
Command: place_design
Attempting to get a license for feature 'Implementation' and/or device 'xc7z020'
INFO: [Common 17-349] Got license for feature 'Implementation' and/or device 'xc7z020'
INFO: [Common 17-83] Releasing license: Implementation
INFO: [DRC 23-27] Running DRC with 8 threads
INFO: [Vivado_Tcl 4-198] DRC finished with 0 Errors
INFO: [Vivado_Tcl 4-199] Please refer to the DRC report (report_drc) for more information.
Running DRC as a precondition to command place_design
INFO: [DRC 23-27] Running DRC with 8 threads
CRITICAL WARNING: [DRC LUTLP-1] Combinatorial Loop Alert: 1 LUT cells form a combinatorial loop. This can create a race condition. Timing analysis may not be accurate. The preferred resolution is to modify the design to remove combinatorial logic loops. If the loop is known and understood, this DRC can be bypassed by acknowledging the condition and setting the following XDC constraint on any one of the nets in the loop: 'set_property ALLOW_COMBINATORIAL_LOOPS TRUE [get_nets <myHier/myNet>]'. One net in the loop is Q_OBUF. Please evaluate your design. The cells in the loop are: Q_OBUF_inst_i_1.
INFO: [Vivado_Tcl 4-198] DRC finished with 0 Errors, 1 Critical Warnings
INFO: [Vivado_Tcl 4-199] Please refer to the DRC report (report_drc) for more information.
INFO: [Place 30-611] Multithreading enabled for place_design using a maximum of 8 CPUs

Starting Placer Task

Phase 1 Placer Initialization

Phase 1.1 Placer Initialization Netlist Sorting
Netlist sorting complete. Time (s): cpu = 00:00:00 ; elapsed = 00:00:00 . Memory (MB): peak = 2705.895 ; gain = 0.000 ; free physical = 156 ; free virtual = 2986
Phase 1.1 Placer Initialization Netlist Sorting | Checksum: 21ffa136

Time (s): cpu = 00:00:00 ; elapsed = 00:00:00 . Memory (MB): peak = 2705.895 ; gain = 0.000 ; free physical = 156 ; free virtual = 2986
Netlist sorting complete. Time (s): cpu = 00:00:00 ; elapsed = 00:00:00 . Memory (MB): peak = 2705.895 ; gain = 0.000 ; free physical = 156 ; free virtual = 2986

Phase 1.2 IO Placement/ Clock Placement/ Build Placer Device
INFO: [Timing 38-35] Done setting XDC timing constraints.
Phase 1.2 IO Placement/ Clock Placement/ Build Placer Device | Checksum: b7bf1c43

Time (s): cpu = 00:00:00.36 ; elapsed = 00:00:00.12 . Memory (MB): peak = 2761.922 ; gain = 56.027 ; free physical = 155 ; free virtual = 2985

Phase 1.3 Build Placer Netlist Model
Phase 1.3 Build Placer Netlist Model | Checksum: ea2fc823

Time (s): cpu = 00:00:00.52 ; elapsed = 00:00:00.16 . Memory (MB): peak = 2761.922 ; gain = 56.027 ; free physical = 155 ; free virtual = 2985

Phase 1.4 Constrain Clocks/Macros
Phase 1.4 Constrain Clocks/Macros | Checksum: ea2fc823

Time (s): cpu = 00:00:00.53 ; elapsed = 00:00:00.17 . Memory (MB): peak = 2761.922 ; gain = 56.027 ; free physical = 155 ; free virtual = 2985
Phase 1 Placer Initialization | Checksum: ea2fc823

Time (s): cpu = 00:00:00.53 ; elapsed = 00:00:00.17 . Memory (MB): peak = 2761.922 ; gain = 56.027 ; free physical = 155 ; free virtual = 2984

Phase 2 Global Placement

Phase 2.1 Floorplanning
Phase 2.1 Floorplanning | Checksum: ea2fc823

Time (s): cpu = 00:00:00.54 ; elapsed = 00:00:00.17 . Memory (MB): peak = 2761.922 ; gain = 56.027 ; free physical = 154 ; free virtual = 2984

Phase 2.2 Update Timing before SLR Path Opt
Phase 2.2 Update Timing before SLR Path Opt | Checksum: ea2fc823

Time (s): cpu = 00:00:00.54 ; elapsed = 00:00:00.17 . Memory (MB): peak = 2761.922 ; gain = 56.027 ; free physical = 154 ; free virtual = 2984

Phase 2.3 Post-Processing in Floorplanning
Phase 2.3 Post-Processing in Floorplanning | Checksum: ea2fc823

Time (s): cpu = 00:00:00.54 ; elapsed = 00:00:00.17 . Memory (MB): peak = 2761.922 ; gain = 56.027 ; free physical = 154 ; free virtual = 2984

Phase 2.4 Global Place Phase1
Phase 2.4 Global Place Phase1 | Checksum: 126b6a9ce

Time (s): cpu = 00:00:02 ; elapsed = 00:00:00.46 . Memory (MB): peak = 2786.934 ; gain = 81.039 ; free physical = 195 ; free virtual = 3004

Phase 2.5 Global Place Phase2
WARNING: [Place 46-29] Timing had been disabled during Placer and, therefore, physical synthesis in Placer will be skipped.
Phase 2.5 Global Place Phase2 | Checksum: 1a58d24f9

Time (s): cpu = 00:00:02 ; elapsed = 00:00:00.53 . Memory (MB): peak = 2786.934 ; gain = 81.039 ; free physical = 194 ; free virtual = 3003
Phase 2 Global Placement | Checksum: 1a58d24f9

Time (s): cpu = 00:00:02 ; elapsed = 00:00:00.54 . Memory (MB): peak = 2786.934 ; gain = 81.039 ; free physical = 194 ; free virtual = 3003

Phase 3 Detail Placement

Phase 3.1 Commit Multi Column Macros
Phase 3.1 Commit Multi Column Macros | Checksum: 1a58d24f9

Time (s): cpu = 00:00:02 ; elapsed = 00:00:00.55 . Memory (MB): peak = 2786.934 ; gain = 81.039 ; free physical = 194 ; free virtual = 3003

Phase 3.2 Commit Most Macros & LUTRAMs
Phase 3.2 Commit Most Macros & LUTRAMs | Checksum: 1178107a3

Time (s): cpu = 00:00:02 ; elapsed = 00:00:00.56 . Memory (MB): peak = 2786.934 ; gain = 81.039 ; free physical = 194 ; free virtual = 3003

Phase 3.3 Area Swap Optimization
Phase 3.3 Area Swap Optimization | Checksum: 1816bd4a2

Time (s): cpu = 00:00:02 ; elapsed = 00:00:00.57 . Memory (MB): peak = 2786.934 ; gain = 81.039 ; free physical = 194 ; free virtual = 3002

Phase 3.4 Pipeline Register Optimization
Phase 3.4 Pipeline Register Optimization | Checksum: 1816bd4a2

Time (s): cpu = 00:00:02 ; elapsed = 00:00:00.57 . Memory (MB): peak = 2786.934 ; gain = 81.039 ; free physical = 194 ; free virtual = 3002

Phase 3.5 Small Shape Detail Placement
Phase 3.5 Small Shape Detail Placement | Checksum: d57db8df

Time (s): cpu = 00:00:03 ; elapsed = 00:00:01 . Memory (MB): peak = 2786.934 ; gain = 81.039 ; free physical = 185 ; free virtual = 2993

Phase 3.6 Re-assign LUT pins
Phase 3.6 Re-assign LUT pins | Checksum: d57db8df

Time (s): cpu = 00:00:03 ; elapsed = 00:00:01 . Memory (MB): peak = 2786.934 ; gain = 81.039 ; free physical = 185 ; free virtual = 2993

Phase 3.7 Pipeline Register Optimization
Phase 3.7 Pipeline Register Optimization | Checksum: d57db8df

Time (s): cpu = 00:00:03 ; elapsed = 00:00:01 . Memory (MB): peak = 2786.934 ; gain = 81.039 ; free physical = 185 ; free virtual = 2993
Phase 3 Detail Placement | Checksum: d57db8df

Time (s): cpu = 00:00:03 ; elapsed = 00:00:01 . Memory (MB): peak = 2786.934 ; gain = 81.039 ; free physical = 185 ; free virtual = 2993

Phase 4 Post Placement Optimization and Clean-Up

Phase 4.1 Post Commit Optimization
Phase 4.1 Post Commit Optimization | Checksum: d57db8df

Time (s): cpu = 00:00:04 ; elapsed = 00:00:01 . Memory (MB): peak = 2786.934 ; gain = 81.039 ; free physical = 184 ; free virtual = 2993

Phase 4.2 Post Placement Cleanup
Phase 4.2 Post Placement Cleanup | Checksum: d57db8df

Time (s): cpu = 00:00:04 ; elapsed = 00:00:01 . Memory (MB): peak = 2786.934 ; gain = 81.039 ; free physical = 184 ; free virtual = 2993

Phase 4.3 Placer Reporting

Phase 4.3.1 Print Estimated Congestion
INFO: [Place 30-612] Post-Placement Estimated Congestion 
 ____________________________________________________
|           | Global Congestion | Short Congestion  |
| Direction | Region Size       | Region Size       |
|___________|___________________|___________________|
|      North|                1x1|                1x1|
|___________|___________________|___________________|
|      South|                1x1|                1x1|
|___________|___________________|___________________|
|       East|                1x1|                1x1|
|___________|___________________|___________________|
|       West|                1x1|                1x1|
|___________|___________________|___________________|

Phase 4.3.1 Print Estimated Congestion | Checksum: d57db8df

Time (s): cpu = 00:00:04 ; elapsed = 00:00:01 . Memory (MB): peak = 2786.934 ; gain = 81.039 ; free physical = 184 ; free virtual = 2993
Phase 4.3 Placer Reporting | Checksum: d57db8df

Time (s): cpu = 00:00:04 ; elapsed = 00:00:01 . Memory (MB): peak = 2786.934 ; gain = 81.039 ; free physical = 184 ; free virtual = 2993

Phase 4.4 Final Placement Cleanup
Netlist sorting complete. Time (s): cpu = 00:00:00 ; elapsed = 00:00:00 . Memory (MB): peak = 2786.934 ; gain = 0.000 ; free physical = 184 ; free virtual = 2993

Time (s): cpu = 00:00:04 ; elapsed = 00:00:01 . Memory (MB): peak = 2786.934 ; gain = 81.039 ; free physical = 184 ; free virtual = 2993
Phase 4 Post Placement Optimization and Clean-Up | Checksum: d57db8df

Time (s): cpu = 00:00:04 ; elapsed = 00:00:01 . Memory (MB): peak = 2786.934 ; gain = 81.039 ; free physical = 184 ; free virtual = 2993
Ending Placer Task | Checksum: 2dc6e3ec

Time (s): cpu = 00:00:04 ; elapsed = 00:00:01 . Memory (MB): peak = 2786.934 ; gain = 81.039 ; free physical = 184 ; free virtual = 2993
49 Infos, 79 Warnings, 77 Critical Warnings and 0 Errors encountered.
place_design completed successfully
INFO: [Vivado 12-24838] Running report commands "report_control_sets, report_io, report_utilization" in parallel.
Running report generation with 3 threads.
INFO: [Vivado 12-24828] Executing command : report_control_sets -verbose -file logic_control_sets_placed.rpt
report_control_sets: Time (s): cpu = 00:00:00.04 ; elapsed = 00:00:00.08 . Memory (MB): peak = 2786.934 ; gain = 0.000 ; free physical = 170 ; free virtual = 2978
INFO: [Vivado 12-24828] Executing command : report_utilization -file logic_utilization_placed.rpt -pb logic_utilization_placed.pb
INFO: [Vivado 12-24828] Executing command : report_io -file logic_io_placed.rpt
report_io: Time (s): cpu = 00:00:00.22 ; elapsed = 00:00:00.23 . Memory (MB): peak = 2786.934 ; gain = 0.000 ; free physical = 169 ; free virtual = 2978
INFO: [Timing 38-480] Writing timing data to binary archive.
Write ShapeDB Complete: Time (s): cpu = 00:00:00 ; elapsed = 00:00:00 . Memory (MB): peak = 2786.934 ; gain = 0.000 ; free physical = 169 ; free virtual = 2978
Wrote PlaceDB: Time (s): cpu = 00:00:00 ; elapsed = 00:00:00 . Memory (MB): peak = 2786.934 ; gain = 0.000 ; free physical = 169 ; free virtual = 2978
Wrote PulsedLatchDB: Time (s): cpu = 00:00:00 ; elapsed = 00:00:00 . Memory (MB): peak = 2786.934 ; gain = 0.000 ; free physical = 169 ; free virtual = 2978
Writing XDEF routing.
Writing XDEF routing logical nets.
Writing XDEF routing special nets.
Wrote RouteStorage: Time (s): cpu = 00:00:00.04 ; elapsed = 00:00:00.02 . Memory (MB): peak = 2786.934 ; gain = 0.000 ; free physical = 169 ; free virtual = 2978
Wrote Netlist Cache: Time (s): cpu = 00:00:00 ; elapsed = 00:00:00 . Memory (MB): peak = 2786.934 ; gain = 0.000 ; free physical = 169 ; free virtual = 2978
Wrote Device Cache: Time (s): cpu = 00:00:00.01 ; elapsed = 00:00:00.01 . Memory (MB): peak = 2786.934 ; gain = 0.000 ; free physical = 169 ; free virtual = 2978
Write Physdb Complete: Time (s): cpu = 00:00:00.06 ; elapsed = 00:00:00.03 . Memory (MB): peak = 2786.934 ; gain = 0.000 ; free physical = 169 ; free virtual = 2978
INFO: [Common 17-1381] The checkpoint '/home/lorang/Documents/TFE4141_Design_av_Digitale_Systemer_1/oving/oving_2/oppgave_4/project_4/project_4.runs/impl_1/logic_placed.dcp' has been generated.
Command: phys_opt_design
Attempting to get a license for feature 'Implementation' and/or device 'xc7z020'
INFO: [Common 17-349] Got license for feature 'Implementation' and/or device 'xc7z020'

Starting Initial Update Timing Task

Time (s): cpu = 00:00:00.01 ; elapsed = 00:00:00.01 . Memory (MB): peak = 2786.934 ; gain = 0.000 ; free physical = 159 ; free virtual = 2968
INFO: [Vivado_Tcl 4-235] No timing constraint found. The netlist was not modified.
INFO: [Common 17-83] Releasing license: Implementation
58 Infos, 79 Warnings, 77 Critical Warnings and 0 Errors encountered.
phys_opt_design completed successfully
INFO: [Timing 38-480] Writing timing data to binary archive.
Write ShapeDB Complete: Time (s): cpu = 00:00:00.01 ; elapsed = 00:00:00 . Memory (MB): peak = 2786.934 ; gain = 0.000 ; free physical = 159 ; free virtual = 2968
Wrote PlaceDB: Time (s): cpu = 00:00:00 ; elapsed = 00:00:00 . Memory (MB): peak = 2788.004 ; gain = 1.070 ; free physical = 159 ; free virtual = 2968
Wrote PulsedLatchDB: Time (s): cpu = 00:00:00 ; elapsed = 00:00:00 . Memory (MB): peak = 2788.004 ; gain = 0.000 ; free physical = 159 ; free virtual = 2968
Writing XDEF routing.
Writing XDEF routing logical nets.
Writing XDEF routing special nets.
Wrote RouteStorage: Time (s): cpu = 00:00:00.06 ; elapsed = 00:00:00.03 . Memory (MB): peak = 2788.004 ; gain = 0.000 ; free physical = 150 ; free virtual = 2959
Wrote Netlist Cache: Time (s): cpu = 00:00:00 ; elapsed = 00:00:00 . Memory (MB): peak = 2788.004 ; gain = 0.000 ; free physical = 150 ; free virtual = 2959
Wrote Device Cache: Time (s): cpu = 00:00:00.01 ; elapsed = 00:00:00.01 . Memory (MB): peak = 2788.004 ; gain = 0.000 ; free physical = 147 ; free virtual = 2957
Write Physdb Complete: Time (s): cpu = 00:00:00.08 ; elapsed = 00:00:00.04 . Memory (MB): peak = 2788.004 ; gain = 1.070 ; free physical = 147 ; free virtual = 2957
INFO: [Common 17-1381] The checkpoint '/home/lorang/Documents/TFE4141_Design_av_Digitale_Systemer_1/oving/oving_2/oppgave_4/project_4/project_4.runs/impl_1/logic_physopt.dcp' has been generated.
Command: route_design
Attempting to get a license for feature 'Implementation' and/or device 'xc7z020'
INFO: [Common 17-349] Got license for feature 'Implementation' and/or device 'xc7z020'


Starting Routing Task
INFO: [Route 35-254] Multithreading enabled for route_design using a maximum of 8 CPUs

Phase 1 Build RT Design
Checksum: PlaceDB: bc742b6 ConstDB: 0 ShapeSum: c062e46 RouteDB: 15f972f0
Post Restoration Checksum: NetGraph: 3cbe364a | NumContArr: 2c874325 | Constraints: c2a8fa9d | Timing: c2a8fa9d
Phase 1 Build RT Design | Checksum: 1ee976ea9

Time (s): cpu = 00:00:28 ; elapsed = 00:00:23 . Memory (MB): peak = 2892.965 ; gain = 104.961 ; free physical = 293 ; free virtual = 2863

Phase 2 Router Initialization
INFO: [Route 35-64] No timing constraints were detected. The router will operate in resource-optimization mode.

Phase 2.1 Fix Topology Constraints
Phase 2.1 Fix Topology Constraints | Checksum: 1ee976ea9

Time (s): cpu = 00:00:28 ; elapsed = 00:00:23 . Memory (MB): peak = 2924.965 ; gain = 136.961 ; free physical = 251 ; free virtual = 2821

Phase 2.2 Pre Route Cleanup
Phase 2.2 Pre Route Cleanup | Checksum: 1ee976ea9

Time (s): cpu = 00:00:28 ; elapsed = 00:00:23 . Memory (MB): peak = 2924.965 ; gain = 136.961 ; free physical = 250 ; free virtual = 2820

Router Utilization Summary
  Global Vertical Routing Utilization    = 0 %
  Global Horizontal Routing Utilization  = 0 %
  Routable Net Status*
  *Does not include unroutable nets such as driverless and loadless.
  Run report_route_status for detailed report.
  Number of Failed Nets               = 4
    (Failed Nets is the sum of unrouted and partially routed nets)
  Number of Unrouted Nets             = 4
  Number of Partially Routed Nets     = 0
  Number of Node Overlaps             = 0

Phase 2 Router Initialization | Checksum: 1ee976ea9

Time (s): cpu = 00:00:29 ; elapsed = 00:00:24 . Memory (MB): peak = 2953.980 ; gain = 165.977 ; free physical = 220 ; free virtual = 2792

Phase 3 Global Routing
Phase 3 Global Routing | Checksum: 1ee976ea9

Time (s): cpu = 00:00:29 ; elapsed = 00:00:24 . Memory (MB): peak = 2953.980 ; gain = 165.977 ; free physical = 220 ; free virtual = 2792

Phase 4 Initial Routing

Phase 4.1 Initial Net Routing Pass
Phase 4.1 Initial Net Routing Pass | Checksum: 34fb70fea

Time (s): cpu = 00:00:30 ; elapsed = 00:00:24 . Memory (MB): peak = 2953.980 ; gain = 165.977 ; free physical = 219 ; free virtual = 2791
Phase 4 Initial Routing | Checksum: 34fb70fea

Time (s): cpu = 00:00:30 ; elapsed = 00:00:24 . Memory (MB): peak = 2953.980 ; gain = 165.977 ; free physical = 219 ; free virtual = 2791

Phase 5 Rip-up And Reroute

Phase 5.1 Global Iteration 0
 Number of Nodes with overlaps = 0
Phase 5.1 Global Iteration 0 | Checksum: 1e4da79c5

Time (s): cpu = 00:00:30 ; elapsed = 00:00:24 . Memory (MB): peak = 2953.980 ; gain = 165.977 ; free physical = 215 ; free virtual = 2792
Phase 5 Rip-up And Reroute | Checksum: 1e4da79c5

Time (s): cpu = 00:00:30 ; elapsed = 00:00:24 . Memory (MB): peak = 2953.980 ; gain = 165.977 ; free physical = 215 ; free virtual = 2792

Phase 6 Delay and Skew Optimization
Phase 6 Delay and Skew Optimization | Checksum: 1e4da79c5

Time (s): cpu = 00:00:30 ; elapsed = 00:00:24 . Memory (MB): peak = 2953.980 ; gain = 165.977 ; free physical = 215 ; free virtual = 2792

Phase 7 Post Hold Fix

Phase 7.1 Hold Fix Iter
Phase 7.1 Hold Fix Iter | Checksum: 1e4da79c5

Time (s): cpu = 00:00:30 ; elapsed = 00:00:24 . Memory (MB): peak = 2953.980 ; gain = 165.977 ; free physical = 215 ; free virtual = 2792
Phase 7 Post Hold Fix | Checksum: 1e4da79c5

Time (s): cpu = 00:00:30 ; elapsed = 00:00:24 . Memory (MB): peak = 2953.980 ; gain = 165.977 ; free physical = 215 ; free virtual = 2792

Phase 8 Route finalize

Router Utilization Summary
  Global Vertical Routing Utilization    = 0.000207104 %
  Global Horizontal Routing Utilization  = 0.000676133 %
  Routable Net Status*
  *Does not include unroutable nets such as driverless and loadless.
  Run report_route_status for detailed report.
  Number of Failed Nets               = 0
    (Failed Nets is the sum of unrouted and partially routed nets)
  Number of Unrouted Nets             = 0
  Number of Partially Routed Nets     = 0
  Number of Node Overlaps             = 0


--GLOBAL Congestion:
Utilization threshold used for congestion level computation: 0.85
Congestion Report
North Dir 1x1 Area, Max Cong = 0%, No Congested Regions.
South Dir 1x1 Area, Max Cong = 1.8018%, No Congested Regions.
East Dir 1x1 Area, Max Cong = 2.94118%, No Congested Regions.
West Dir 1x1 Area, Max Cong = 4.41176%, No Congested Regions.

------------------------------
Reporting congestion hotspots
------------------------------
Direction: North
----------------
Congested clusters found at Level 0
Effective congestion level: 0 Aspect Ratio: 1 Sparse Ratio: 0
Direction: South
----------------
Congested clusters found at Level 0
Effective congestion level: 0 Aspect Ratio: 1 Sparse Ratio: 0
Direction: East
----------------
Congested clusters found at Level 0
Effective congestion level: 0 Aspect Ratio: 1 Sparse Ratio: 0
Direction: West
----------------
Congested clusters found at Level 0
Effective congestion level: 0 Aspect Ratio: 1 Sparse Ratio: 0

Phase 8 Route finalize | Checksum: 1e4da79c5

Time (s): cpu = 00:00:30 ; elapsed = 00:00:24 . Memory (MB): peak = 2953.980 ; gain = 165.977 ; free physical = 217 ; free virtual = 2791

Phase 9 Verifying routed nets

 Verification completed successfully
Phase 9 Verifying routed nets | Checksum: 1e4da79c5

Time (s): cpu = 00:00:30 ; elapsed = 00:00:24 . Memory (MB): peak = 2953.980 ; gain = 165.977 ; free physical = 216 ; free virtual = 2790

Phase 10 Depositing Routes
Phase 10 Depositing Routes | Checksum: 1f8991ebd

Time (s): cpu = 00:00:30 ; elapsed = 00:00:24 . Memory (MB): peak = 2953.980 ; gain = 165.977 ; free physical = 216 ; free virtual = 2790

Phase 11 Post Process Routing
Phase 11 Post Process Routing | Checksum: 1f8991ebd

Time (s): cpu = 00:00:30 ; elapsed = 00:00:24 . Memory (MB): peak = 2953.980 ; gain = 165.977 ; free physical = 216 ; free virtual = 2790
Total Elapsed time in route_design: 23.74 secs

Phase 12 Post-Route Event Processing
Phase 12 Post-Route Event Processing | Checksum: 1398a26c5

Time (s): cpu = 00:00:30 ; elapsed = 00:00:24 . Memory (MB): peak = 2953.980 ; gain = 165.977 ; free physical = 216 ; free virtual = 2790
INFO: [Route 35-16] Router Completed Successfully
Ending Routing Task | Checksum: 1398a26c5

Time (s): cpu = 00:00:30 ; elapsed = 00:00:24 . Memory (MB): peak = 2953.980 ; gain = 165.977 ; free physical = 216 ; free virtual = 2790

Routing Is Done.
INFO: [Common 17-83] Releasing license: Implementation
65 Infos, 79 Warnings, 77 Critical Warnings and 0 Errors encountered.
route_design completed successfully
route_design: Time (s): cpu = 00:00:30 ; elapsed = 00:00:24 . Memory (MB): peak = 2953.980 ; gain = 165.977 ; free physical = 216 ; free virtual = 2790
INFO: [Vivado 12-24828] Executing command : report_drc -file logic_drc_routed.rpt -pb logic_drc_routed.pb -rpx logic_drc_routed.rpx
Command: report_drc -file logic_drc_routed.rpt -pb logic_drc_routed.pb -rpx logic_drc_routed.rpx
INFO: [IP_Flow 19-1839] IP Catalog is up to date.
INFO: [DRC 23-27] Running DRC with 8 threads
INFO: [Vivado_Tcl 2-168] The results of DRC are in file /home/lorang/Documents/TFE4141_Design_av_Digitale_Systemer_1/oving/oving_2/oppgave_4/project_4/project_4.runs/impl_1/logic_drc_routed.rpt.
report_drc completed successfully
INFO: [Vivado 12-24828] Executing command : report_methodology -file logic_methodology_drc_routed.rpt -pb logic_methodology_drc_routed.pb -rpx logic_methodology_drc_routed.rpx
Command: report_methodology -file logic_methodology_drc_routed.rpt -pb logic_methodology_drc_routed.pb -rpx logic_methodology_drc_routed.rpx
INFO: [Timing 38-35] Done setting XDC timing constraints.
INFO: [DRC 23-133] Running Methodology with 8 threads
INFO: [Vivado_Tcl 2-1520] The results of Report Methodology are in file /home/lorang/Documents/TFE4141_Design_av_Digitale_Systemer_1/oving/oving_2/oppgave_4/project_4/project_4.runs/impl_1/logic_methodology_drc_routed.rpt.
report_methodology completed successfully
INFO: [Vivado 12-24828] Executing command : report_timing_summary -max_paths 10 -routable_nets -report_unconstrained -file logic_timing_summary_routed.rpt -pb logic_timing_summary_routed.pb -rpx logic_timing_summary_routed.rpx -warn_on_violation 
INFO: [Timing 38-35] Done setting XDC timing constraints.
INFO: [Timing 38-91] UpdateTimingParams: Speed grade: -1, Delay Type: min_max.
INFO: [Timing 38-191] Multithreading enabled for timing update using a maximum of 8 CPUs
WARNING: [Timing 38-313] There are no user specified timing constraints. Timing constraints are needed for proper timing analysis.
INFO: [Vivado 12-24838] Running report commands "report_bus_skew, report_incremental_reuse, report_route_status" in parallel.
Running report generation with 3 threads.
INFO: [Vivado 12-24828] Executing command : report_route_status -file logic_route_status.rpt -pb logic_route_status.pb
INFO: [Vivado 12-24828] Executing command : report_incremental_reuse -file logic_incremental_reuse_routed.rpt
INFO: [Vivado_Tcl 4-1062] Incremental flow is disabled. No incremental reuse Info to report.
INFO: [Vivado 12-24828] Executing command : report_bus_skew -warn_on_violation -file logic_bus_skew_routed.rpt -pb logic_bus_skew_routed.pb -rpx logic_bus_skew_routed.rpx
INFO: [Timing 38-91] UpdateTimingParams: Speed grade: -1, Delay Type: min_max.
INFO: [Timing 38-191] Multithreading enabled for timing update using a maximum of 8 CPUs
INFO: [Vivado 12-24828] Executing command : report_power -file logic_power_routed.rpt -pb logic_power_summary_routed.pb -rpx logic_power_routed.rpx
Command: report_power -file logic_power_routed.rpt -pb logic_power_summary_routed.pb -rpx logic_power_routed.rpx
WARNING: [Power 33-232] No user defined clocks were found in the design! Power estimation will be inaccurate until this is corrected.
Resolution: Please specify clocks using create_clock/create_generated_clock for sequential elements. For pure combinatorial circuits, please specify a virtual clock, otherwise the vectorless estimation might be inaccurate
Running Vector-less Activity Propagation...

Finished Running Vector-less Activity Propagation
85 Infos, 81 Warnings, 77 Critical Warnings and 0 Errors encountered.
report_power completed successfully
INFO: [Vivado 12-24828] Executing command : report_clock_utilization -file logic_clock_utilization_routed.rpt
INFO: [Timing 38-480] Writing timing data to binary archive.
Write ShapeDB Complete: Time (s): cpu = 00:00:00 ; elapsed = 00:00:00 . Memory (MB): peak = 3023.816 ; gain = 0.000 ; free physical = 184 ; free virtual = 2763
Wrote PlaceDB: Time (s): cpu = 00:00:00 ; elapsed = 00:00:00 . Memory (MB): peak = 3023.816 ; gain = 0.000 ; free physical = 184 ; free virtual = 2763
Wrote PulsedLatchDB: Time (s): cpu = 00:00:00 ; elapsed = 00:00:00 . Memory (MB): peak = 3023.816 ; gain = 0.000 ; free physical = 184 ; free virtual = 2763
Writing XDEF routing.
Writing XDEF routing logical nets.
Writing XDEF routing special nets.
Wrote RouteStorage: Time (s): cpu = 00:00:00.05 ; elapsed = 00:00:00.02 . Memory (MB): peak = 3023.816 ; gain = 0.000 ; free physical = 184 ; free virtual = 2763
Wrote Netlist Cache: Time (s): cpu = 00:00:00 ; elapsed = 00:00:00 . Memory (MB): peak = 3023.816 ; gain = 0.000 ; free physical = 184 ; free virtual = 2763
Wrote Device Cache: Time (s): cpu = 00:00:00.01 ; elapsed = 00:00:00.01 . Memory (MB): peak = 3023.816 ; gain = 0.000 ; free physical = 184 ; free virtual = 2764
Write Physdb Complete: Time (s): cpu = 00:00:00.07 ; elapsed = 00:00:00.03 . Memory (MB): peak = 3023.816 ; gain = 0.000 ; free physical = 184 ; free virtual = 2764
INFO: [Common 17-1381] The checkpoint '/home/lorang/Documents/TFE4141_Design_av_Digitale_Systemer_1/oving/oving_2/oppgave_4/project_4/project_4.runs/impl_1/logic_routed.dcp' has been generated.
INFO: [Common 17-206] Exiting Vivado at Wed Sep  3 17:41:51 2025...
