#-----------------------------------------------------------
# Vivado v2024.1 (64-bit)
# SW Build 5076996 on Wed May 22 18:37:14 MDT 2024
# IP Build 5075265 on Wed May 22 21:45:21 MDT 2024
# SharedData Build 5076995 on Wed May 22 18:29:18 MDT 2024
# Start of session at: Wed Sep  3 15:40:58 2025
# Process ID: 4688
# Current directory: C:/Users/oleja/Documents/7.semester/DDS1/Git/TFE4141_Digital_Design_1/ole_tutorial/project_2/project_2.runs/impl_1
# Command line: vivado.exe -log bft.vdi -applog -product Vivado -messageDb vivado.pb -mode batch -source bft.tcl -notrace
# Log file: C:/Users/oleja/Documents/7.semester/DDS1/Git/TFE4141_Digital_Design_1/ole_tutorial/project_2/project_2.runs/impl_1/bft.vdi
# Journal file: C:/Users/oleja/Documents/7.semester/DDS1/Git/TFE4141_Digital_Design_1/ole_tutorial/project_2/project_2.runs/impl_1\vivado.jou
# Running On        :OOxps13pluss
# Platform          :Windows Server 2016 or Windows 10
# Operating System  :26100
# Processor Detail  :12th Gen Intel(R) Core(TM) i7-1280P
# CPU Frequency     :1997 MHz
# CPU Physical cores:14
# CPU Logical cores :20
# Host memory       :33944 MB
# Swap memory       :60129 MB
# Total Virtual     :94074 MB
# Available Virtual :71634 MB
#-----------------------------------------------------------
source bft.tcl -notrace
