#-----------------------------------------------------------
# Vivado v2024.1 (64-bit)
# SW Build 5076996 on Wed May 22 18:37:14 MDT 2024
# IP Build 5075265 on Wed May 22 21:45:21 MDT 2024
# SharedData Build 5076995 on Wed May 22 18:29:18 MDT 2024
# Start of session at: Wed Sep  3 17:50:38 2025
# Process ID: 31692
# Current directory: C:/Users/oleja/Documents/7.semester/DDS1/Git/TFE4141_Digital_Design_1/ole_tester_ting/oppgave_4/project_1/project_1.runs/synth_1
# Command line: vivado.exe -log main_logic.vds -product Vivado -mode batch -messageDb vivado.pb -notrace -source main_logic.tcl
# Log file: C:/Users/oleja/Documents/7.semester/DDS1/Git/TFE4141_Digital_Design_1/ole_tester_ting/oppgave_4/project_1/project_1.runs/synth_1/main_logic.vds
# Journal file: C:/Users/oleja/Documents/7.semester/DDS1/Git/TFE4141_Digital_Design_1/ole_tester_ting/oppgave_4/project_1/project_1.runs/synth_1\vivado.jou
# Running On        :OOxps13pluss
# Platform          :Windows Server 2016 or Windows 10
# Operating System  :26100
# Processor Detail  :12th Gen Intel(R) Core(TM) i7-1280P
# CPU Frequency     :1997 MHz
# CPU Physical cores:14
# CPU Logical cores :20
# Host memory       :33944 MB
# Swap memory       :60129 MB
# Total Virtual     :94074 MB
# Available Virtual :64700 MB
#-----------------------------------------------------------
source main_logic.tcl -notrace
