#-----------------------------------------------------------
# Vivado v2024.1 (64-bit)
# SW Build 5076996 on Wed May 22 18:37:14 MDT 2024
# IP Build 5075265 on Wed May 22 21:45:21 MDT 2024
# SharedData Build 5076995 on Wed May 22 18:29:18 MDT 2024
# Start of session at: Wed Oct 15 15:53:07 2025
# Process ID: 55288
# Current directory: C:/Users/oleja/Documents/7.semester/DDS1/git_3/TFE4141_Digital_Design_1/TermProject/tfe4141_rsa_integration_kit_2025/RSA_soc/RSA_soc
# Command line: vivado.exe -gui_launcher_event rodinguilauncherevent49016 C:\Users\oleja\Documents\7.semester\DDS1\git_3\TFE4141_Digital_Design_1\TermProject\tfe4141_rsa_integration_kit_2025\RSA_soc\RSA_soc\RSA_soc.xpr
# Log file: C:/Users/oleja/Documents/7.semester/DDS1/git_3/TFE4141_Digital_Design_1/TermProject/tfe4141_rsa_integration_kit_2025/RSA_soc/RSA_soc/vivado.log
# Journal file: C:/Users/oleja/Documents/7.semester/DDS1/git_3/TFE4141_Digital_Design_1/TermProject/tfe4141_rsa_integration_kit_2025/RSA_soc/RSA_soc\vivado.jou
# Running On        :OOxps13pluss
# Platform          :Windows Server 2016 or Windows 10
# Operating System  :26100
# Processor Detail  :12th Gen Intel(R) Core(TM) i7-1280P
# CPU Frequency     :1997 MHz
# CPU Physical cores:14
# CPU Logical cores :20
# Host memory       :33944 MB
# Swap memory       :27917 MB
# Total Virtual     :61862 MB
# Available Virtual :4734 MB
#-----------------------------------------------------------
start_gui
open_project C:/Users/oleja/Documents/7.semester/DDS1/git_3/TFE4141_Digital_Design_1/TermProject/tfe4141_rsa_integration_kit_2025/RSA_soc/RSA_soc/RSA_soc.xpr
update_compile_order -fileset sources_1
