Copyright 1986-2022 Xilinx, Inc. All Rights Reserved. Copyright 2022-2024 Advanced Micro Devices, Inc. All Rights Reserved.
------------------------------------------------------------------------------------------------------------------------------------------------------------------------------------------------------------
| Tool Version : Vivado v.2024.1 (win64) Build 5076996 Wed May 22 18:37:14 MDT 2024
| Date         : Wed Sep  3 17:24:53 2025
| Host         : SusannesPC running 64-bit major release  (build 9200)
| Command      : report_timing_summary -max_paths 10 -report_unconstrained -file logic_timing_summary_routed.rpt -pb logic_timing_summary_routed.pb -rpx logic_timing_summary_routed.rpx -warn_on_violation
| Design       : logic
| Device       : 7z020-clg400
| Speed File   : -1  PRODUCTION 1.12 2019-11-22
| Design State : Routed
------------------------------------------------------------------------------------------------------------------------------------------------------------------------------------------------------------

Timing Summary Report

------------------------------------------------------------------------------------------------
| Timer Settings
| --------------
------------------------------------------------------------------------------------------------

  Enable Multi Corner Analysis               :  Yes
  Enable Pessimism Removal                   :  Yes
  Pessimism Removal Resolution               :  Nearest Common Node
  Enable Input Delay Default Clock           :  No
  Enable Preset / Clear Arcs                 :  No
  Disable Flight Delays                      :  No
  Ignore I/O Paths                           :  No
  Timing Early Launch at Borrowing Latches   :  No
  Borrow Time for Max Delay Exceptions       :  Yes
  Merge Timing Exceptions                    :  Yes
  Inter-SLR Compensation                     :  Conservative

  Corner  Analyze    Analyze    
  Name    Max Paths  Min Paths  
  ------  ---------  ---------  
  Slow    Yes        Yes        
  Fast    Yes        Yes        


------------------------------------------------------------------------------------------------
| Report Methodology
| ------------------
------------------------------------------------------------------------------------------------

Rule       Severity  Description               Violations  
---------  --------  ------------------------  ----------  
TIMING-23  Warning   Combinational loop found  1           

Note: This report is based on the most recent report_methodology run and may not be up-to-date. Run report_methodology on the current design for the latest report.



check_timing report

Table of Contents
-----------------
1. checking no_clock (0)
2. checking constant_clock (0)
3. checking pulse_width_clock (0)
4. checking unconstrained_internal_endpoints (0)
5. checking no_input_delay (0)
6. checking no_output_delay (0)
7. checking multiple_clock (0)
8. checking generated_clocks (0)
9. checking loops (1)
10. checking partial_input_delay (0)
11. checking partial_output_delay (0)
12. checking latch_loops (0)

1. checking no_clock (0)
------------------------
 There are 0 register/latch pins with no clock.


2. checking constant_clock (0)
------------------------------
 There are 0 register/latch pins with constant_clock.


3. checking pulse_width_clock (0)
---------------------------------
 There are 0 register/latch pins which need pulse_width check


4. checking unconstrained_internal_endpoints (0)
------------------------------------------------
 There are 0 pins that are not constrained for maximum delay.

 There are 0 pins that are not constrained for maximum delay due to constant clock.


5. checking no_input_delay (0)
------------------------------
 There are 0 input ports with no input delay specified.

 There are 0 input ports with no input delay but user has a false path constraint.


6. checking no_output_delay (0)
-------------------------------
 There are 0 ports with no output delay specified.

 There are 0 ports with no output delay but user has a false path constraint

 There are 0 ports with no output delay but with a timing clock defined on it or propagating through it


7. checking multiple_clock (0)
------------------------------
 There are 0 register/latch pins with multiple clocks.


8. checking generated_clocks (0)
--------------------------------
 There are 0 generated clocks that are not connected to a clock source.


9. checking loops (1)
---------------------
 There is 1 combinational loop in the design. (HIGH)


10. checking partial_input_delay (0)
------------------------------------
 There are 0 input ports with partial input delay specified.


11. checking partial_output_delay (0)
-------------------------------------
 There are 0 ports with partial output delay specified.


12. checking latch_loops (0)
----------------------------
 There are 0 combinational latch loops in the design through latch input



------------------------------------------------------------------------------------------------
| Design Timing Summary
| ---------------------
------------------------------------------------------------------------------------------------

    WNS(ns)      TNS(ns)  TNS Failing Endpoints  TNS Total Endpoints      WHS(ns)      THS(ns)  THS Failing Endpoints  THS Total Endpoints     WPWS(ns)     TPWS(ns)  TPWS Failing Endpoints  TPWS Total Endpoints  
    -------      -------  ---------------------  -------------------      -------      -------  ---------------------  -------------------     --------     --------  ----------------------  --------------------  
        inf        0.000                      0                    2          inf        0.000                      0                    2           NA           NA                      NA                    NA  


There are no user specified timing constraints.


------------------------------------------------------------------------------------------------
| Clock Summary
| -------------
------------------------------------------------------------------------------------------------


------------------------------------------------------------------------------------------------
| Intra Clock Table
| -----------------
------------------------------------------------------------------------------------------------

Clock             WNS(ns)      TNS(ns)  TNS Failing Endpoints  TNS Total Endpoints      WHS(ns)      THS(ns)  THS Failing Endpoints  THS Total Endpoints     WPWS(ns)     TPWS(ns)  TPWS Failing Endpoints  TPWS Total Endpoints  
-----             -------      -------  ---------------------  -------------------      -------      -------  ---------------------  -------------------     --------     --------  ----------------------  --------------------  


------------------------------------------------------------------------------------------------
| Inter Clock Table
| -----------------
------------------------------------------------------------------------------------------------

From Clock    To Clock          WNS(ns)      TNS(ns)  TNS Failing Endpoints  TNS Total Endpoints      WHS(ns)      THS(ns)  THS Failing Endpoints  THS Total Endpoints  
----------    --------          -------      -------  ---------------------  -------------------      -------      -------  ---------------------  -------------------  


------------------------------------------------------------------------------------------------
| Other Path Groups Table
| -----------------------
------------------------------------------------------------------------------------------------

Path Group    From Clock    To Clock          WNS(ns)      TNS(ns)  TNS Failing Endpoints  TNS Total Endpoints      WHS(ns)      THS(ns)  THS Failing Endpoints  THS Total Endpoints  
----------    ----------    --------          -------      -------  ---------------------  -------------------      -------      -------  ---------------------  -------------------  


------------------------------------------------------------------------------------------------
| User Ignored Path Table
| -----------------------
------------------------------------------------------------------------------------------------

Path Group    From Clock    To Clock    
----------    ----------    --------    


------------------------------------------------------------------------------------------------
| Unconstrained Path Table
| ------------------------
------------------------------------------------------------------------------------------------

Path Group    From Clock    To Clock    
----------    ----------    --------    
(none)                                    


------------------------------------------------------------------------------------------------
| Timing Details
| --------------
------------------------------------------------------------------------------------------------


--------------------------------------------------------------------------------------
Path Group:  (none)
From Clock:  
  To Clock:  

Max Delay             2 Endpoints
Min Delay             2 Endpoints
--------------------------------------------------------------------------------------


Max Delay Paths
--------------------------------------------------------------------------------------
Slack:                    inf
  Source:                 B
                            (input port)
  Destination:            QN
                            (output port)
  Path Group:             (none)
  Path Type:              Max at Slow Process Corner
  Data Path Delay:        7.062ns  (logic 3.853ns (54.558%)  route 3.209ns (45.442%))
  Logic Levels:           4  (IBUF=1 LUT2=1 LUT3=1 OBUF=1)

    Location             Delay type                Incr(ns)  Path(ns)    Netlist Resource(s)
  -------------------------------------------------------------------    -------------------
    V6                                                0.000     0.000 f  B (IN)
                         net (fo=0)                   0.000     0.000    B
    V6                   IBUF (Prop_ibuf_I_O)         0.951     0.951 f  B_IBUF_inst/O
                         net (fo=2, routed)           1.236     2.187    B_IBUF
    SLICE_X0Y7           LUT3 (Prop_lut3_I2_O)        0.124     2.311 f  Q_OBUF_inst_i_1/O
                         net (fo=3, routed)           0.299     2.610    Q_OBUF
    SLICE_X0Y7           LUT2 (Prop_lut2_I1_O)        0.124     2.734 r  QN_OBUF_inst_i_1/O
                         net (fo=1, routed)           1.674     4.408    QN_OBUF
    V11                  OBUF (Prop_obuf_I_O)         2.654     7.062 r  QN_OBUF_inst/O
                         net (fo=0)                   0.000     7.062    QN
    V11                                                               r  QN (OUT)
  -------------------------------------------------------------------    -------------------

Slack:                    inf
  Source:                 B
                            (input port)
  Destination:            Q
                            (output port)
  Path Group:             (none)
  Path Type:              Max at Slow Process Corner
  Data Path Delay:        6.504ns  (logic 3.727ns (57.300%)  route 2.777ns (42.700%))
  Logic Levels:           3  (IBUF=1 LUT3=1 OBUF=1)

    Location             Delay type                Incr(ns)  Path(ns)    Netlist Resource(s)
  -------------------------------------------------------------------    -------------------
    V6                                                0.000     0.000 r  B (IN)
                         net (fo=0)                   0.000     0.000    B
    V6                   IBUF (Prop_ibuf_I_O)         0.951     0.951 r  B_IBUF_inst/O
                         net (fo=2, routed)           1.236     2.187    B_IBUF
    SLICE_X0Y7           LUT3 (Prop_lut3_I2_O)        0.124     2.311 r  Q_OBUF_inst_i_1/O
                         net (fo=3, routed)           1.541     3.852    Q_OBUF
    V10                  OBUF (Prop_obuf_I_O)         2.653     6.504 r  Q_OBUF_inst/O
                         net (fo=0)                   0.000     6.504    Q
    V10                                                               r  Q (OUT)
  -------------------------------------------------------------------    -------------------





Min Delay Paths
--------------------------------------------------------------------------------------
Slack:                    inf
  Source:                 A
                            (input port)
  Destination:            Q
                            (output port)
  Path Group:             (none)
  Path Type:              Min at Fast Process Corner
  Data Path Delay:        2.078ns  (logic 1.399ns (67.312%)  route 0.679ns (32.688%))
  Logic Levels:           3  (IBUF=1 LUT3=1 OBUF=1)

    Location             Delay type                Incr(ns)  Path(ns)    Netlist Resource(s)
  -------------------------------------------------------------------    -------------------
    W6                                                0.000     0.000 f  A (IN)
                         net (fo=0)                   0.000     0.000    A
    W6                   IBUF (Prop_ibuf_I_O)         0.185     0.185 f  A_IBUF_inst/O
                         net (fo=1, routed)           0.385     0.570    A_IBUF
    SLICE_X0Y7           LUT3 (Prop_lut3_I0_O)        0.045     0.615 r  Q_OBUF_inst_i_1/O
                         net (fo=3, routed)           0.294     0.909    Q_OBUF
    V10                  OBUF (Prop_obuf_I_O)         1.169     2.078 r  Q_OBUF_inst/O
                         net (fo=0)                   0.000     2.078    Q
    V10                                                               r  Q (OUT)
  -------------------------------------------------------------------    -------------------

Slack:                    inf
  Source:                 B
                            (input port)
  Destination:            QN
                            (output port)
  Path Group:             (none)
  Path Type:              Min at Fast Process Corner
  Data Path Delay:        2.187ns  (logic 1.396ns (63.814%)  route 0.791ns (36.186%))
  Logic Levels:           3  (IBUF=1 LUT2=1 OBUF=1)

    Location             Delay type                Incr(ns)  Path(ns)    Netlist Resource(s)
  -------------------------------------------------------------------    -------------------
    V6                                                0.000     0.000 f  B (IN)
                         net (fo=0)                   0.000     0.000    B
    V6                   IBUF (Prop_ibuf_I_O)         0.179     0.179 f  B_IBUF_inst/O
                         net (fo=2, routed)           0.466     0.646    B_IBUF
    SLICE_X0Y7           LUT2 (Prop_lut2_I0_O)        0.045     0.691 r  QN_OBUF_inst_i_1/O
                         net (fo=1, routed)           0.325     1.016    QN_OBUF
    V11                  OBUF (Prop_obuf_I_O)         1.171     2.187 r  QN_OBUF_inst/O
                         net (fo=0)                   0.000     2.187    QN
    V11                                                               r  QN (OUT)
  -------------------------------------------------------------------    -------------------





