Copyright 1986-2022 Xilinx, Inc. All Rights Reserved. Copyright 2022-2024 Advanced Micro Devices, Inc. All Rights Reserved.
-------------------------------------------------------------------------------------------------------------------------------------------------
| Tool Version     : Vivado v.2024.1 (win64) Build 5076996 Wed May 22 18:37:14 MDT 2024
| Date             : Mon Sep  1 10:53:47 2025
| Host             : SusannesPC running 64-bit major release  (build 9200)
| Command          : report_power -file bft_power_routed.rpt -pb bft_power_summary_routed.pb -rpx bft_power_routed.rpx
| Design           : bft
| Device           : xc7z020clg400-1
| Design State     : routed
| Grade            : commercial
| Process          : typical
| Characterization : Production
-------------------------------------------------------------------------------------------------------------------------------------------------

Power Report

Table of Contents
-----------------
1. Summary
1.1 On-Chip Components
1.2 Power Supply Summary
1.3 Confidence Level
2. Settings
2.1 Environment
2.2 Clock Constraints
3. Detailed Reports
3.1 By Hierarchy

1. Summary
----------

+--------------------------+--------------+
| Total On-Chip Power (W)  | 0.459        |
| Design Power Budget (W)  | Unspecified* |
| Power Budget Margin (W)  | NA           |
| Dynamic (W)              | 0.346        |
| Device Static (W)        | 0.112        |
| Effective TJA (C/W)      | 11.5         |
| Max Ambient (C)          | 79.7         |
| Junction Temperature (C) | 30.3         |
| Confidence Level         | Low          |
| Setting File             | ---          |
| Simulation Activity File | ---          |
| Design Nets Matched      | NA           |
+--------------------------+--------------+
* Specify Design Power Budget using, set_operating_conditions -design_power_budget <value in Watts>


1.1 On-Chip Components
----------------------

+----------------+-----------+----------+-----------+-----------------+
| On-Chip        | Power (W) | Used     | Available | Utilization (%) |
+----------------+-----------+----------+-----------+-----------------+
| Clocks         |     0.017 |        4 |       --- |             --- |
| Slice Logic    |     0.018 |     3554 |       --- |             --- |
|   LUT as Logic |     0.018 |     1711 |     53200 |            3.22 |
|   Register     |    <0.001 |     1338 |    106400 |            1.26 |
|   CARRY4       |    <0.001 |       48 |     13300 |            0.36 |
|   Others       |     0.000 |      130 |       --- |             --- |
| Signals        |     0.111 |     5181 |       --- |             --- |
| Block RAM      |     0.045 |       16 |       140 |           11.43 |
| DSPs           |     0.155 |       64 |       220 |           29.09 |
| I/O            |    <0.001 |       71 |       125 |           56.80 |
| Static Power   |     0.112 |          |           |                 |
| Total          |     0.459 |          |           |                 |
+----------------+-----------+----------+-----------+-----------------+


1.2 Power Supply Summary
------------------------

+-----------+-------------+-----------+-------------+------------+-------------+-------------+------------+
| Source    | Voltage (V) | Total (A) | Dynamic (A) | Static (A) | Powerup (A) | Budget (A)  | Margin (A) |
+-----------+-------------+-----------+-------------+------------+-------------+-------------+------------+
| Vccint    |       1.000 |     0.352 |       0.343 |      0.009 |       NA    | Unspecified | NA         |
| Vccaux    |       1.800 |     0.011 |       0.000 |      0.011 |       NA    | Unspecified | NA         |
| Vcco33    |       3.300 |     0.001 |       0.000 |      0.001 |       NA    | Unspecified | NA         |
| Vcco25    |       2.500 |     0.000 |       0.000 |      0.000 |       NA    | Unspecified | NA         |
| Vcco18    |       1.800 |     0.000 |       0.000 |      0.000 |       NA    | Unspecified | NA         |
| Vcco15    |       1.500 |     0.000 |       0.000 |      0.000 |       NA    | Unspecified | NA         |
| Vcco135   |       1.350 |     0.000 |       0.000 |      0.000 |       NA    | Unspecified | NA         |
| Vcco12    |       1.200 |     0.000 |       0.000 |      0.000 |       NA    | Unspecified | NA         |
| Vccaux_io |       1.800 |     0.000 |       0.000 |      0.000 |       NA    | Unspecified | NA         |
| Vccbram   |       1.000 |     0.005 |       0.003 |      0.001 |       NA    | Unspecified | NA         |
| MGTAVcc   |       1.000 |     0.000 |       0.000 |      0.000 |       NA    | Unspecified | NA         |
| MGTAVtt   |       1.200 |     0.000 |       0.000 |      0.000 |       NA    | Unspecified | NA         |
| MGTVccaux |       1.800 |     0.000 |       0.000 |      0.000 |       NA    | Unspecified | NA         |
| Vccpint   |       1.000 |     0.019 |       0.000 |      0.019 |       NA    | Unspecified | NA         |
| Vccpaux   |       1.800 |     0.010 |       0.000 |      0.010 |       NA    | Unspecified | NA         |
| Vccpll    |       1.800 |     0.003 |       0.000 |      0.003 |       NA    | Unspecified | NA         |
| Vcco_ddr  |       1.500 |     0.000 |       0.000 |      0.000 |       NA    | Unspecified | NA         |
| Vcco_mio0 |       1.800 |     0.000 |       0.000 |      0.000 |       NA    | Unspecified | NA         |
| Vcco_mio1 |       1.800 |     0.000 |       0.000 |      0.000 |       NA    | Unspecified | NA         |
| Vccadc    |       1.800 |     0.020 |       0.000 |      0.020 |       NA    | Unspecified | NA         |
+-----------+-------------+-----------+-------------+------------+-------------+-------------+------------+


1.3 Confidence Level
--------------------

+-----------------------------+------------+--------------------------------------------------------+------------------------------------------------------------------------------------------------------------+
| User Input Data             | Confidence | Details                                                | Action                                                                                                     |
+-----------------------------+------------+--------------------------------------------------------+------------------------------------------------------------------------------------------------------------+
| Design implementation state | High       | Design is routed                                       |                                                                                                            |
| Clock nodes activity        | High       | User specified more than 95% of clocks                 |                                                                                                            |
| I/O nodes activity          | Low        | More than 75% of inputs are missing user specification | Provide missing input activity with simulation results or by editing the "By Resource Type -> I/Os" view   |
| Internal nodes activity     | Medium     | User specified less than 25% of internal nodes         | Provide missing internal nodes activity with simulation results or by editing the "By Resource Type" views |
| Device models               | High       | Device models are Production                           |                                                                                                            |
|                             |            |                                                        |                                                                                                            |
| Overall confidence level    | Low        |                                                        |                                                                                                            |
+-----------------------------+------------+--------------------------------------------------------+------------------------------------------------------------------------------------------------------------+


2. Settings
-----------

2.1 Environment
---------------

+-----------------------+------------------------+
| Ambient Temp (C)      | 25.0                   |
| ThetaJA (C/W)         | 11.5                   |
| Airflow (LFM)         | 250                    |
| Heat Sink             | none                   |
| ThetaSA (C/W)         | 0.0                    |
| Board Selection       | medium (10"x10")       |
| # of Board Layers     | 8to11 (8 to 11 Layers) |
| Board Temperature (C) | 25.0                   |
+-----------------------+------------------------+


2.2 Clock Constraints
---------------------

+--------+--------+-----------------+
| Clock  | Domain | Constraint (ns) |
+--------+--------+-----------------+
| bftClk | bftClk |             5.0 |
| wbClk  | wbClk  |            10.0 |
+--------+--------+-----------------+


3. Detailed Reports
-------------------

3.1 By Hierarchy
----------------

+------------------------------+-----------+
| Name                         | Power (W) |
+------------------------------+-----------+
| bft                          |     0.346 |
|   arnd1                      |     0.062 |
|     transformLoop[0].ct      |     0.008 |
|     transformLoop[1].ct      |     0.008 |
|     transformLoop[2].ct      |     0.009 |
|     transformLoop[3].ct      |     0.007 |
|     transformLoop[4].ct      |     0.008 |
|     transformLoop[5].ct      |     0.007 |
|     transformLoop[6].ct      |     0.008 |
|     transformLoop[7].ct      |     0.007 |
|   arnd2                      |     0.073 |
|     ct0                      |     0.008 |
|     ct1                      |     0.009 |
|     ct2                      |     0.009 |
|     ct3                      |     0.009 |
|     ct4                      |     0.011 |
|     ct5                      |     0.009 |
|     ct6                      |     0.010 |
|     ct7                      |     0.007 |
|   arnd3                      |     0.075 |
|     transformLoop[0].ct0     |     0.009 |
|     transformLoop[0].ct1     |     0.009 |
|     transformLoop[1].ct0     |     0.011 |
|     transformLoop[1].ct1     |     0.008 |
|     transformLoop[2].ct0     |     0.011 |
|     transformLoop[2].ct1     |     0.010 |
|     transformLoop[3].ct0     |     0.010 |
|     transformLoop[3].ct1     |     0.009 |
|   arnd4                      |     0.062 |
|     transformLoop[0].ct      |     0.007 |
|     transformLoop[1].ct      |     0.008 |
|     transformLoop[2].ct      |     0.007 |
|     transformLoop[3].ct      |     0.007 |
|     transformLoop[4].ct      |     0.009 |
|     transformLoop[5].ct      |     0.008 |
|     transformLoop[6].ct      |     0.008 |
|     transformLoop[7].ct      |     0.008 |
|   egressLoop[0].egressFifo   |     0.005 |
|     buffer_fifo              |     0.005 |
|   egressLoop[1].egressFifo   |     0.005 |
|     buffer_fifo              |     0.005 |
|   egressLoop[2].egressFifo   |     0.005 |
|     buffer_fifo              |     0.005 |
|   egressLoop[3].egressFifo   |     0.005 |
|     buffer_fifo              |     0.005 |
|   egressLoop[4].egressFifo   |     0.005 |
|     buffer_fifo              |     0.005 |
|   egressLoop[5].egressFifo   |     0.005 |
|     buffer_fifo              |     0.005 |
|   egressLoop[6].egressFifo   |     0.005 |
|     buffer_fifo              |     0.005 |
|   egressLoop[7].egressFifo   |     0.005 |
|     buffer_fifo              |     0.005 |
|   ingressLoop[0].ingressFifo |     0.004 |
|     buffer_fifo              |     0.004 |
|   ingressLoop[1].ingressFifo |     0.004 |
|     buffer_fifo              |     0.004 |
|   ingressLoop[2].ingressFifo |     0.004 |
|     buffer_fifo              |     0.004 |
|   ingressLoop[3].ingressFifo |     0.004 |
|     buffer_fifo              |     0.004 |
|   ingressLoop[4].ingressFifo |     0.004 |
|     buffer_fifo              |     0.004 |
|   ingressLoop[5].ingressFifo |     0.004 |
|     buffer_fifo              |     0.004 |
|   ingressLoop[6].ingressFifo |     0.004 |
|     buffer_fifo              |     0.004 |
|   ingressLoop[7].ingressFifo |     0.004 |
|     buffer_fifo              |     0.004 |
+------------------------------+-----------+


