#-----------------------------------------------------------
# Vivado v2024.1 (64-bit)
# SW Build 5076996 on Wed May 22 18:37:14 MDT 2024
# IP Build 5075265 on Wed May 22 21:45:21 MDT 2024
# SharedData Build 5076995 on Wed May 22 18:29:18 MDT 2024
# Start of session at: Mon Sep  1 11:09:08 2025
# Process ID: 27976
# Current directory: C:/Users/susan/OneDrive/Dokumenter/studiene/DDS1/TFE4141_Digital_Design_1/oving/oving_2/Vivado_Tutorial/Vivado_Tutorial/Tutorial_Created_Data/project_bft/project_bft.runs/impl_1
# Command line: vivado.exe -log bft.vdi -applog -product Vivado -messageDb vivado.pb -mode batch -source bft.tcl -notrace
# Log file: C:/Users/susan/OneDrive/Dokumenter/studiene/DDS1/TFE4141_Digital_Design_1/oving/oving_2/Vivado_Tutorial/Vivado_Tutorial/Tutorial_Created_Data/project_bft/project_bft.runs/impl_1/bft.vdi
# Journal file: C:/Users/susan/OneDrive/Dokumenter/studiene/DDS1/TFE4141_Digital_Design_1/oving/oving_2/Vivado_Tutorial/Vivado_Tutorial/Tutorial_Created_Data/project_bft/project_bft.runs/impl_1\vivado.jou
# Running On        :SusannesPC
# Platform          :Windows Server 2016 or Windows 10
# Operating System  :26100
# Processor Detail  :Intel(R) Core(TM) Ultra 9 185H
# CPU Frequency     :3072 MHz
# CPU Physical cores:16
# CPU Logical cores :22
# Host memory       :33752 MB
# Swap memory       :2147 MB
# Total Virtual     :35900 MB
# Available Virtual :12858 MB
#-----------------------------------------------------------
source bft.tcl -notrace
