#-----------------------------------------------------------
# Vivado v2024.1 (64-bit)
# SW Build 5076996 on Wed May 22 18:37:14 MDT 2024
# IP Build 5075265 on Wed May 22 21:45:21 MDT 2024
# SharedData Build 5076995 on Wed May 22 18:29:18 MDT 2024
# Start of session at: Wed Aug 27 16:32:54 2025
# Process ID: 27124
# Current directory: C:/Users/susan/OneDrive/Dokumenter/studiene/DDS1/TFE4141_Digital_Design_1/oving/oving_2/Vivado_Tutorial
# Command line: vivado.exe -gui_launcher_event rodinguilauncherevent30884
# Log file: C:/Users/susan/OneDrive/Dokumenter/studiene/DDS1/TFE4141_Digital_Design_1/oving/oving_2/Vivado_Tutorial/vivado.log
# Journal file: C:/Users/susan/OneDrive/Dokumenter/studiene/DDS1/TFE4141_Digital_Design_1/oving/oving_2/Vivado_Tutorial\vivado.jou
# Running On        :SusannesPC
# Platform          :Windows Server 2016 or Windows 10
# Operating System  :26100
# Processor Detail  :Intel(R) Core(TM) Ultra 9 185H
# CPU Frequency     :3072 MHz
# CPU Physical cores:16
# CPU Logical cores :22
# Host memory       :33752 MB
# Swap memory       :2147 MB
# Total Virtual     :35900 MB
# Available Virtual :7232 MB
#-----------------------------------------------------------
start_guiWexit
WARNING: [Board 49-26] cannot add Board Part xilinx.com:ac701:part0:1.4 available at C:/Xilinx/Vivado/2024.1/data/xhub/boards/XilinxBoardStore/boards/Xilinx/ac701/1.4/board.xml as part xc7a200tfbg676-2 specified in board_part file is either invalid or not available
WARNING: [Board 49-26] cannot add Board Part xilinx.com:kc705:part0:1.6 available at C:/Xilinx/Vivado/2024.1/data/xhub/boards/XilinxBoardStore/boards/Xilinx/kc705/1.6/board.xml as part xc7k325tffg900-2 specified in board_part file is either invalid or not available
WARNING: [Board 49-26] cannot add Board Part xilinx.com:kcu105:part0:1.6 available at C:/Xilinx/Vivado/2024.1/data/xhub/boards/XilinxBoardStore/boards/Xilinx/kcu105/1.6/board.xml as part xcku040-ffva1156-2-e specified in board_part file is either invalid or not available
WARNING: [Board 49-26] cannot add Board Part xilinx.com:kcu105:part0:1.7 available at C:/Xilinx/Vivado/2024.1/data/xhub/boards/XilinxBoardStore/boards/Xilinx/kcu105/1.7/board.xml as part xcku040-ffva1156-2-e specified in board_part file is either invalid or not available
WARNING: [Board 49-26] cannot add Board Part xilinx.com:kcu116:part0:1.4 available at C:/Xilinx/Vivado/2024.1/data/xhub/boards/XilinxBoardStore/boards/Xilinx/kcu116/1.4/board.xml as part xcku5p-ffvb676-2-e specified in board_part file is either invalid or not available
WARNING: [Board 49-26] cannot add Board Part xilinx.com:kcu116:part0:1.5 available at C:/Xilinx/Vivado/2024.1/data/xhub/boards/XilinxBoardStore/boards/Xilinx/kcu116/1.5/board.xml as part xcku5p-ffvb676-2-e specified in board_part file is either invalid or not available
WARNING: [Board 49-26] cannot add Board Part xilinx.com:kcu1500:part0:1.2 available at C:/Xilinx/Vivado/2024.1/data/xhub/boards/XilinxBoardStore/boards/Xilinx/kcu1500/1.2/board.xml as part xcku115-flvb2104-2-e specified in board_part file is either invalid or not available
WARNING: [Board 49-26] cannot add Board Part xilinx.com:sp701:part0:1.0 available at C:/Xilinx/Vivado/2024.1/data/xhub/boards/XilinxBoardStore/boards/Xilinx/sp701/1.0/board.xml as part xc7s100fgga676-2 specified in board_part file is either invalid or not available
WARNING: [Board 49-26] cannot add Board Part xilinx.com:sp701:part0:1.1 available at C:/Xilinx/Vivado/2024.1/data/xhub/boards/XilinxBoardStore/boards/Xilinx/sp701/1.1/board.xml as part xc7s100fgga676-2 specified in board_part file is either invalid or not available
WARNING: [Board 49-26] cannot add Board Part xilinx.com:vc707:part0:1.4 available at C:/Xilinx/Vivado/2024.1/data/xhub/boards/XilinxBoardStore/boards/Xilinx/vc707/1.4/board.xml as part xc7vx485tffg1761-2 specified in board_part file is either invalid or not available
WARNING: [Board 49-26] cannot add Board Part xilinx.com:vc709:part0:1.8 available at C:/Xilinx/Vivado/2024.1/data/xhub/boards/XilinxBoardStore/boards/Xilinx/vc709/1.8/board.xml as part xc7vx690tffg1761-2 specified in board_part file is either invalid or not available
WARNING: [Board 49-26] cannot add Board Part xilinx.com:vck190:part0:2.2 available at C:/Xilinx/Vivado/2024.1/data/xhub/boards/XilinxBoardStore/boards/Xilinx/vck190/production/2.2/board.xml as part xcvc1902-vsva2197-2mp-e-s specified in board_part file is either invalid or not available
WARNING: [Board 49-26] cannot add Board Part xilinx.com:vck190:part0:3.0 available at C:/Xilinx/Vivado/2024.1/data/xhub/boards/XilinxBoardStore/boards/Xilinx/vck190/production/3.0/board.xml as part xcvc1902-vsva2197-2mp-e-s specified in board_part file is either invalid or not available
WARNING: [Board 49-26] cannot add Board Part xilinx.com:vck190:part0:3.1 available at C:/Xilinx/Vivado/2024.1/data/xhub/boards/XilinxBoardStore/boards/Xilinx/vck190/production/3.1/board.xml as part xcvc1902-vsva2197-2mp-e-s specified in board_part file is either invalid or not available
WARNING: [Board 49-26] cannot add Board Part xilinx.com:vck190:part0:3.2 available at C:/Xilinx/Vivado/2024.1/data/xhub/boards/XilinxBoardStore/boards/Xilinx/vck190/production/3.2/board.xml as part xcvc1902-vsva2197-2mp-e-s specified in board_part file is either invalid or not available
WARNING: [Board 49-26] cannot add Board Part xilinx.com:vck190:part0:3.3 available at C:/Xilinx/Vivado/2024.1/data/xhub/boards/XilinxBoardStore/boards/Xilinx/vck190/production/3.3/board.xml as part xcvc1902-vsva2197-2mp-e-s specified in board_part file is either invalid or not available
WARNING: [Board 49-26] cannot add Board Part xilinx.com:vck190_newl:part0:1.0 available at C:/Xilinx/Vivado/2024.1/data/xhub/boards/XilinxBoardStore/boards/Xilinx/vck190_newl/production/1.0/board.xml as part xcvc1902-vsva2197-2mp-e-s specified in board_part file is either invalid or not available
WARNING: [Board 49-26] cannot add Board Part xilinx.com:vck190_newl:part0:1.1 available at C:/Xilinx/Vivado/2024.1/data/xhub/boards/XilinxBoardStore/boards/Xilinx/vck190_newl/production/1.1/board.xml as part xcvc1902-vsva2197-2mp-e-s specified in board_part file is either invalid or not available
WARNING: [Board 49-26] cannot add Board Part xilinx.com:vck190_newl:part0:1.2 available at C:/Xilinx/Vivado/2024.1/data/xhub/boards/XilinxBoardStore/boards/Xilinx/vck190_newl/production/1.2/board.xml as part xcvc1902-vsva2197-2mp-e-s specified in board_part file is either invalid or not available
WARNING: [Board 49-26] cannot add Board Part xilinx.com:vcu108:part0:1.6 available at C:/Xilinx/Vivado/2024.1/data/xhub/boards/XilinxBoardStore/boards/Xilinx/vcu108/1.6/board.xml as part xcvu095-ffva2104-2-e specified in board_part file is either invalid or not available
WARNING: [Board 49-26] cannot add Board Part xilinx.com:vcu108:part0:1.7 available at C:/Xilinx/Vivado/2024.1/data/xhub/boards/XilinxBoardStore/boards/Xilinx/vcu108/1.7/board.xml as part xcvu095-ffva2104-2-e specified in board_part file is either invalid or not available
WARNING: [Board 49-26] cannot add Board Part xilinx.com:vcu110:part0:1.4 available at C:/Xilinx/Vivado/2024.1/data/xhub/boards/XilinxBoardStore/boards/Xilinx/vcu110/1.4/board.xml as part xcvu190-flgc2104-2-e specified in board_part file is either invalid or not available
WARNING: [Board 49-26] cannot add Board Part xilinx.com:vcu118:part0:2.0 available at C:/Xilinx/Vivado/2024.1/data/xhub/boards/XilinxBoardStore/boards/Xilinx/vcu118/2.0/board.xml as part xcvu9p-flga2104-2l-e specified in board_part file is either invalid or not available
WARNING: [Board 49-26] cannot add Board Part xilinx.com:vcu118:part0:2.3 available at C:/Xilinx/Vivado/2024.1/data/xhub/boards/XilinxBoardStore/boards/Xilinx/vcu118/2.3/board.xml as part xcvu9p-flga2104-2l-e specified in board_part file is either invalid or not available
WARNING: [Board 49-26] cannot add Board Part xilinx.com:vcu118:part0:2.4 available at C:/Xilinx/Vivado/2024.1/data/xhub/boards/XilinxBoardStore/boards/Xilinx/vcu118/2.4/board.xml as part xcvu9p-flga2104-2l-e specified in board_part file is either invalid or not available
WARNING: [Board 49-26] cannot add Board Part xilinx.com:vcu128:part0:1.0 available at C:/Xilinx/Vivado/2024.1/data/xhub/boards/XilinxBoardStore/boards/Xilinx/vcu128/production/1.0/board.xml as part xcvu37p-fsvh2892-2l-e specified in board_part file is either invalid or not available
WARNING: [Board 49-26] cannot add Board Part xilinx.com:vcu129:part0:1.0 available at C:/Xilinx/Vivado/2024.1/data/xhub/boards/XilinxBoardStore/boards/Xilinx/vcu129/production/1.0/board.xml as part xcvu29p-fsga2577-2l-e specified in board_part file is either invalid or not available
WARNING: [Board 49-26] cannot add Board Part xilinx.com:vcu1525:part0:1.3 available at C:/Xilinx/Vivado/2024.1/data/xhub/boards/XilinxBoardStore/boards/Xilinx/vcu1525/1.3/board.xml as part xcvu9p-fsgd2104-2l-e specified in board_part file is either invalid or not available
WARNING: [Board 49-26] cannot add Board Part xilinx.com:vek280:part0:1.0 available at C:/Xilinx/Vivado/2024.1/data/xhub/boards/XilinxBoardStore/boards/Xilinx/vek280/production/1.0/board.xml as part xcve2802-vsvh1760-2mp-e-s specified in board_part file is either invalid or not available
WARNING: [Board 49-26] cannot add Board Part xilinx.com:vek280:part0:1.1 available at C:/Xilinx/Vivado/2024.1/data/xhub/boards/XilinxBoardStore/boards/Xilinx/vek280/production/1.1/board.xml as part xcve2802-vsvh1760-2mp-e-s specified in board_part file is either invalid or not available
WARNING: [Board 49-26] cannot add Board Part xilinx.com:vek280:part0:1.2 available at C:/Xilinx/Vivado/2024.1/data/xhub/boards/XilinxBoardStore/boards/Xilinx/vek280/production/1.2/board.xml as part xcve2802-vsvh1760-2mp-e-s specified in board_part file is either invalid or not available
WARNING: [Board 49-26] cannot add Board Part xilinx.com:vek280_es:part0:1.0 available at C:/Xilinx/Vivado/2024.1/data/xhub/boards/XilinxBoardStore/boards/Xilinx/vek280/es/rev_a/1.0/board.xml as part xcve2802-vsvh1760-2lp-e-s-es1 specified in board_part file is either invalid or not available
WARNING: [Board 49-26] cannot add Board Part xilinx.com:vek280_es:part0:1.1 available at C:/Xilinx/Vivado/2024.1/data/xhub/boards/XilinxBoardStore/boards/Xilinx/vek280/es/rev_a/1.1/board.xml as part xcve2802-vsvh1760-2lp-e-s-es1 specified in board_part file is either invalid or not available
WARNING: [Board 49-26] cannot add Board Part xilinx.com:vek280_es_revb:part0:1.0 available at C:/Xilinx/Vivado/2024.1/data/xhub/boards/XilinxBoardStore/boards/Xilinx/vek280/es/rev_b/1.0/board.xml as part xcve2802-vsvh1760-2mp-e-s-es1 specified in board_part file is either invalid or not available
WARNING: [Board 49-26] cannot add Board Part xilinx.com:vek280_es_revb:part0:1.1 available at C:/Xilinx/Vivado/2024.1/data/xhub/boards/XilinxBoardStore/boards/Xilinx/vek280/es/rev_b/1.1/board.xml as part xcve2802-vsvh1760-2mp-e-s-es1 specified in board_part file is either invalid or not available
WARNING: [Board 49-26] cannot add Board Part xilinx.com:vermeo_t1_mpsoc:part0:1.0 available at C:/Xilinx/Vivado/2024.1/data/xhub/boards/XilinxBoardStore/boards/Xilinx/vermeo_t1_mpsoc/1.0/board.xml as part xczu19eg-ffvd1760-2l-e specified in board_part file is either invalid or not available
WARNING: [Board 49-26] cannot add Board Part xilinx.com:vermeo_t1_rfsoc:part0:1.0 available at C:/Xilinx/Vivado/2024.1/data/xhub/boards/XilinxBoardStore/boards/Xilinx/vermeo_t1_rfsoc/1.0/board.xml as part xczu21dr-ffvd1156-2l-e specified in board_part file is either invalid or not available
WARNING: [Board 49-26] cannot add Board Part xilinx.com:vhk158:part0:1.0 available at C:/Xilinx/Vivado/2024.1/data/xhub/boards/XilinxBoardStore/boards/Xilinx/vhk158/production/1.0/board.xml as part xcvh1582-vsva3697-2mp-e-s specified in board_part file is either invalid or not available
WARNING: [Board 49-26] cannot add Board Part xilinx.com:vhk158:part0:1.1 available at C:/Xilinx/Vivado/2024.1/data/xhub/boards/XilinxBoardStore/boards/Xilinx/vhk158/production/1.1/board.xml as part xcvh1582-vsva3697-2mp-e-s specified in board_part file is either invalid or not available
WARNING: [Board 49-26] cannot add Board Part xilinx.com:vhk158_es:part0:1.0 available at C:/Xilinx/Vivado/2024.1/data/xhub/boards/XilinxBoardStore/boards/Xilinx/vhk158/es/1.0/board.xml as part xcvh1582-vsva3697-2mp-e-s-es1 specified in board_part file is either invalid or not available
WARNING: [Board 49-26] cannot add Board Part xilinx.com:vhk158_es:part0:1.1 available at C:/Xilinx/Vivado/2024.1/data/xhub/boards/XilinxBoardStore/boards/Xilinx/vhk158/es/1.1/board.xml as part xcvh1582-vsva3697-2mp-e-s-es1 specified in board_part file is either invalid or not available
WARNING: [Board 49-26] cannot add Board Part xilinx.com:vmk180:part0:2.2 available at C:/Xilinx/Vivado/2024.1/data/xhub/boards/XilinxBoardStore/boards/Xilinx/vmk180/production/2.2/board.xml as part xcvm1802-vsva2197-2mp-e-s specified in board_part file is either invalid or not available
WARNING: [Board 49-26] cannot add Board Part xilinx.com:vmk180:part0:3.0 available at C:/Xilinx/Vivado/2024.1/data/xhub/boards/XilinxBoardStore/boards/Xilinx/vmk180/production/3.0/board.xml as part xcvm1802-vsva2197-2mp-e-s specified in board_part file is either invalid or not available
WARNING: [Board 49-26] cannot add Board Part xilinx.com:vmk180:part0:3.1 available at C:/Xilinx/Vivado/2024.1/data/xhub/boards/XilinxBoardStore/boards/Xilinx/vmk180/production/3.1/board.xml as part xcvm1802-vsva2197-2mp-e-s specified in board_part file is either invalid or not available
WARNING: [Board 49-26] cannot add Board Part xilinx.com:vmk180:part0:3.2 available at C:/Xilinx/Vivado/2024.1/data/xhub/boards/XilinxBoardStore/boards/Xilinx/vmk180/production/3.2/board.xml as part xcvm1802-vsva2197-2mp-e-s specified in board_part file is either invalid or not available
WARNING: [Board 49-26] cannot add Board Part xilinx.com:vmk180_newl:part0:1.0 available at C:/Xilinx/Vivado/2024.1/data/xhub/boards/XilinxBoardStore/boards/Xilinx/vmk180_newl/production/1.0/board.xml as part xcvm1802-vsva2197-2mp-e-s specified in board_part file is either invalid or not available
WARNING: [Board 49-26] cannot add Board Part xilinx.com:vmk180_newl:part0:1.1 available at C:/Xilinx/Vivado/2024.1/data/xhub/boards/XilinxBoardStore/boards/Xilinx/vmk180_newl/production/1.1/board.xml as part xcvm1802-vsva2197-2mp-e-s specified in board_part file is either invalid or not available
WARNING: [Board 49-26] cannot add Board Part xilinx.com:vpk120:part0:1.0 available at C:/Xilinx/Vivado/2024.1/data/xhub/boards/XilinxBoardStore/boards/Xilinx/vpk120/production/1.0/board.xml as part xcvp1202-vsva2785-2mp-e-s specified in board_part file is either invalid or not available
WARNING: [Board 49-26] cannot add Board Part xilinx.com:vpk120:part0:1.1 available at C:/Xilinx/Vivado/2024.1/data/xhub/boards/XilinxBoardStore/boards/Xilinx/vpk120/production/1.1/board.xml as part xcvp1202-vsva2785-2mp-e-s specified in board_part file is either invalid or not available
WARNING: [Board 49-26] cannot add Board Part xilinx.com:vpk120:part0:1.2 available at C:/Xilinx/Vivado/2024.1/data/xhub/boards/XilinxBoardStore/boards/Xilinx/vpk120/production/1.2/board.xml as part xcvp1202-vsva2785-2mp-e-s specified in board_part file is either invalid or not available
WARNING: [Board 49-26] cannot add Board Part xilinx.com:vpk180:part0:1.0 available at C:/Xilinx/Vivado/2024.1/data/xhub/boards/XilinxBoardStore/boards/Xilinx/vpk180/production/1.0/board.xml as part xcvp1802-lsvc4072-2mp-e-s specified in board_part file is either invalid or not available
WARNING: [Board 49-26] cannot add Board Part xilinx.com:vpk180:part0:1.1 available at C:/Xilinx/Vivado/2024.1/data/xhub/boards/XilinxBoardStore/boards/Xilinx/vpk180/production/1.1/board.xml as part xcvp1802-lsvc4072-2mp-e-s specified in board_part file is either invalid or not available
WARNING: [Board 49-26] cannot add Board Part xilinx.com:vpk180:part0:1.2 available at C:/Xilinx/Vivado/2024.1/data/xhub/boards/XilinxBoardStore/boards/Xilinx/vpk180/production/1.2/board.xml as part xcvp1802-lsvc4072-2mp-e-s specified in board_part file is either invalid or not available
WARNING: [Board 49-26] cannot add Board Part xilinx.com:zc706:part0:1.4 available at C:/Xilinx/Vivado/2024.1/data/xhub/boards/XilinxBoardStore/boards/Xilinx/zc706/1.4/board.xml as part xc7z045ffg900-2 specified in board_part file is either invalid or not available
WARNING: [Board 49-26] cannot add Board Part xilinx.com:zcu102:part0:3.3 available at C:/Xilinx/Vivado/2024.1/data/xhub/boards/XilinxBoardStore/boards/Xilinx/zcu102/3.3/board.xml as part xczu9eg-ffvb1156-2-e specified in board_part file is either invalid or not available
WARNING: [Board 49-26] cannot add Board Part xilinx.com:zcu102:part0:3.4 available at C:/Xilinx/Vivado/2024.1/data/xhub/boards/XilinxBoardStore/boards/Xilinx/zcu102/3.4/board.xml as part xczu9eg-ffvb1156-2-e specified in board_part file is either invalid or not available
WARNING: [Board 49-26] cannot add Board Part xilinx.com:zcu104:part0:1.1 available at C:/Xilinx/Vivado/2024.1/data/xhub/boards/XilinxBoardStore/boards/Xilinx/zcu104/1.1/board.xml as part xczu7ev-ffvc1156-2-e specified in board_part file is either invalid or not available
WARNING: [Board 49-26] cannot add Board Part xilinx.com:zcu106:part0:2.4 available at C:/Xilinx/Vivado/2024.1/data/xhub/boards/XilinxBoardStore/boards/Xilinx/zcu106/2.4/board.xml as part xczu7ev-ffvc1156-2-e specified in board_part file is either invalid or not available
WARNING: [Board 49-26] cannot add Board Part xilinx.com:zcu106:part0:2.5 available at C:/Xilinx/Vivado/2024.1/data/xhub/boards/XilinxBoardStore/boards/Xilinx/zcu106/2.5/board.xml as part xczu7ev-ffvc1156-2-e specified in board_part file is either invalid or not available
WARNING: [Board 49-26] cannot add Board Part xilinx.com:zcu106:part0:2.6 available at C:/Xilinx/Vivado/2024.1/data/xhub/boards/XilinxBoardStore/boards/Xilinx/zcu106/2.6/board.xml as part xczu7ev-ffvc1156-2-e specified in board_part file is either invalid or not available
WARNING: [Board 49-26] cannot add Board Part xilinx.com:zcu111:part0:1.2 available at C:/Xilinx/Vivado/2024.1/data/xhub/boards/XilinxBoardStore/boards/Xilinx/zcu111/1.2/board.xml as part xczu28dr-ffvg1517-2-e specified in board_part file is either invalid or not available
WARNING: [Board 49-26] cannot add Board Part xilinx.com:zcu111:part0:1.3 available at C:/Xilinx/Vivado/2024.1/data/xhub/boards/XilinxBoardStore/boards/Xilinx/zcu111/1.3/board.xml as part xczu28dr-ffvg1517-2-e specified in board_part file is either invalid or not available
WARNING: [Board 49-26] cannot add Board Part xilinx.com:zcu111:part0:1.4 available at C:/Xilinx/Vivado/2024.1/data/xhub/boards/XilinxBoardStore/boards/Xilinx/zcu111/1.4/board.xml as part xczu28dr-ffvg1517-2-e specified in board_part file is either invalid or not available
WARNING: [Board 49-26] cannot add Board Part xilinx.com:zcu1275:part0:1.0 available at C:/Xilinx/Vivado/2024.1/data/xhub/boards/XilinxBoardStore/boards/Xilinx/zcu1275/1.0/board.xml as part xczu29dr-ffvf1760-2-e specified in board_part file is either invalid or not available
WARNING: [Board 49-26] cannot add Board Part xilinx.com:zcu1285:part0:1.0 available at C:/Xilinx/Vivado/2024.1/data/xhub/boards/XilinxBoardStore/boards/Xilinx/zcu1285/1.0/board.xml as part xczu39dr-ffvf1760-2-i specified in board_part file is either invalid or not available
WARNING: [Board 49-26] cannot add Board Part xilinx.com:zcu208:part0:2.0 available at C:/Xilinx/Vivado/2024.1/data/xhub/boards/XilinxBoardStore/boards/Xilinx/zcu208/production/2.0/board.xml as part xczu48dr-fsvg1517-2-e specified in board_part file is either invalid or not available
WARNING: [Board 49-26] cannot add Board Part xilinx.com:zcu208ld:part0:2.0 available at C:/Xilinx/Vivado/2024.1/data/xhub/boards/XilinxBoardStore/boards/Xilinx/zcu208ld/production/2.0/board.xml as part xczu58dr-fsvg1517-2-i specified in board_part file is either invalid or not available
WARNING: [Board 49-26] cannot add Board Part xilinx.com:zcu216:part0:2.0 available at C:/Xilinx/Vivado/2024.1/data/xhub/boards/XilinxBoardStore/boards/Xilinx/zcu216/production/2.0/board.xml as part xczu49dr-ffvf1760-2-e specified in board_part file is either invalid or not available
WARNING: [Board 49-26] cannot add Board Part xilinx.com:zcu216ld:part0:2.0 available at C:/Xilinx/Vivado/2024.1/data/xhub/boards/XilinxBoardStore/boards/Xilinx/zcu216ld/production/2.0/board.xml as part xczu59dr-ffvf1760-2-i specified in board_part file is either invalid or not available
WARNING: [Board 49-26] cannot add Board Part xilinx.com:zcu670:part0:2.0 available at C:/Xilinx/Vivado/2024.1/data/xhub/boards/XilinxBoardStore/boards/Xilinx/zcu670/2.0/board.xml as part xczu67dr-fsve1156-2-i specified in board_part file is either invalid or not available
WARNING: [Board 49-26] cannot add Board Part xilinx.com:zcu670ld:part0:1.0 available at C:/Xilinx/Vivado/2024.1/data/xhub/boards/XilinxBoardStore/boards/Xilinx/zcu670ld/1.0/board.xml as part xczu57dr-fsve1156-2-i specified in board_part file is either invalid or not availopen_project C:/Users/susan/OneDrive/Dokumenter/studiene/DDS1/TFE4141_Digital_Design_1/oving/oving_2/Vivado_Tutorial/Vivado_Tutorial/Tutorial_Created_Data/project_bft/project_bft.xpr
INFO: [ProjectBase 1-489] The host OS only allows 260 characters in a normal path. The project is stored in a path with more than 80 characters. If you experience issues with IP, Block Designs, or files not being found, please consider moving the project to a location with a shorter path. Alternately consider using the OS subst command to map part of the path to a drive letter.
Current project path is 'C:/Users/susan/OneDrive/Dokumenter/studiene/DDS1/TFE4141_Digital_Design_1/oving/oving_2/Vivado_Tutorial/Vivado_Tutorial/Tutorial_Created_Data/project_bft'
INFO: [filemgmt 56-3] Default IP Output Path : Could not find the directory 'C:/Users/susan/OneDrive/Dokumenter/studiene/DDS1/TFE4141_Digital_Design_1/oving/oving_2/Vivado_Tutorial/Vivado_Tutorial/Tutorial_Created_Data/project_bft/project_bft.gen/sources_1'.
Scanning sources...
Finished scanning sources
INFO: [IP_Flow 19-234] Refreshing IP repositories
INFO: [IP_Flow 19-1704] No user IP repositories specified
INFO: [IP_Flow 19-2313] Loaded Vivado IP repository 'C:/Xilinx/Vivado/2024.1/data/ip'.
update_compile_order -fileset sources_1
synth_design -rtl -rtl_skip_mlo -name rtl_1
Command: synth_design -rtl -rtl_skip_mlo -name rtl_1
Starting synth_design
Using part: xc7z020clg400-1
Top: bft
INFO: [Device 21-403] Loading part xc7z020clg400-1
INFO: [Device 21-9227] Part: xc7z020clg400-1 does not have CEAM library.
INFO: [Synth 8-7079] Multithreading enabled for synth_design using a maximum of 2 processes.
INFO: [Synth 8-7078] Launching helper process for spawning children vivado processes
INFO: [Synth 8-7075] Helper process launched with PID 32796
---------------------------------------------------------------------------------
Starting RTL Elaboration : Time (s): cpu = 00:00:06 ; elapsed = 00:00:06 . Memory (MB): peak = 2248.805 ; gain = 449.988
---------------------------------------------------------------------------------
INFO: [Synth 8-11241] undeclared symbol 'RDERR', assumed default net type 'wire' [C:/Users/susan/OneDrive/Dokumenter/studiene/DDS1/TFE4141_Digital_Design_1/oving/oving_2/Vivado_Tutorial/Vivado_Tutorial/Tutorial_Created_Data/project_bft/project_bft.srcs/sources_1/imports/hdl/async_fifo.v:211]
INFO: [Synth 8-11241] undeclared symbol 'WRER', assumed default net type 'wire' [C:/Users/susan/OneDrive/Dokumenter/studiene/DDS1/TFE4141_Digital_Design_1/oving/oving_2/Vivado_Tutorial/Vivado_Tutorial/Tutorial_Created_Data/project_bft/project_bft.srcs/sources_1/imports/hdl/async_fifo.v:212]
INFO: [Synth 8-11241] undeclared symbol 'RDERR', assumed default net type 'wire' [C:/Users/susan/OneDrive/Dokumenter/studiene/DDS1/TFE4141_Digital_Design_1/oving/oving_2/Vivado_Tutorial/Vivado_Tutorial/Tutorial_Created_Data/project_bft/project_bft.srcs/sources_1/imports/hdl/async_fifo.v:218]
INFO: [Synth 8-11241] undeclared symbol 'WRER', assumed default net type 'wire' [C:/Users/susan/OneDrive/Dokumenter/studiene/DDS1/TFE4141_Digital_Design_1/oving/oving_2/Vivado_Tutorial/Vivado_Tutorial/Tutorial_Created_Data/project_bft/project_bft.srcs/sources_1/imports/hdl/async_fifo.v:219]
ERROR: [Synth 8-4169] error in use clause: package 'bftpackage' not found in library 'bftlib' [C:/Users/susan/OneDrive/Dokumenter/studiene/DDS1/TFE4141_Digital_Design_1/oving/oving_2/Vivado_Tutorial/Vivado_Tutorial/Tutorial_Created_Data/project_bft/project_bft.srcs/sources_1/imports/hdl/bft.vhdl:35]
INFO: [Synth 8-11252] unit 'bft' is ignored due to previous errors [C:/Users/susan/OneDrive/Dokumenter/studiene/DDS1/TFE4141_Digital_Design_1/oving/oving_2/Vivado_Tutorial/Vivado_Tutorial/Tutorial_Created_Data/project_bft/project_bft.srcs/sources_1/imports/hdl/bft.vhdl:50]
INFO: [Synth 8-10443] VHDL file 'C:/Users/susan/OneDrive/Dokumenter/studiene/DDS1/TFE4141_Digital_Design_1/oving/oving_2/Vivado_Tutorial/Vivado_Tutorial/Tutorial_Created_Data/project_bft/project_bft.srcs/sources_1/imports/hdl/bft.vhdl' is ignored due to errors
ERROR: [Synth 8-439] module 'bft' not found
---------------------------------------------------------------------------------
Finished RTL Elaboration : Time (s): cpu = 00:00:07 ; elapsed = 00:00:08 . Memory (MB): peak = 2358.012 ; gain = 559.195
---------------------------------------------------------------------------------
RTL Elaboration failed
11 Infos, 0 Warnings, 0 Critical Warnings and 3 Errors encountered.
synth_design failed
ERROR: [Vivado_Tcl 4-5] Elaboration failed - please see the console for details
import_files {C:/Users/susan/OneDrive/Dokumenter/studiene/DDS1/TFE4141_Digital_Design_1/oving/oving_2/Vivado_Tutorial/Vivado_Tutorial/Sources/hdl/bftLib/round_1.vhdl C:/Users/susan/OneDrive/Dokumenter/studiene/DDS1/TFE4141_Digital_Design_1/oving/oving_2/Vivado_Tutorial/Vivado_Tutorial/Sources/hdl/bftLib/round_4.vhdl C:/Users/susan/OneDrive/Dokumenter/studiene/DDS1/TFE4141_Digital_Design_1/oving/oving_2/Vivado_Tutorial/Vivado_Tutorial/Sources/hdl/bftLib/core_transform.vhdl C:/Users/susan/OneDrive/Dokumenter/studiene/DDS1/TFE4141_Digital_Design_1/oving/oving_2/Vivado_Tutorial/Vivado_Tutorial/Sources/hdl/bftLib/bft_package.vhdl C:/Users/susan/OneDrive/Dokumenter/studiene/DDS1/TFE4141_Digital_Design_1/oving/oving_2/Vivado_Tutorial/Vivado_Tutorial/Sources/hdl/bftLib/round_3.vhdl C:/Users/susan/OneDrive/Dokumenter/studiene/DDS1/TFE4141_Digital_Design_1/oving/oving_2/Vivado_Tutorial/Vivado_Tutorial/Sources/hdl/bftLib/round_2.vhdl}
set_property library bftLib [get_files  {C:/Users/susan/OneDrive/Dokumenter/studiene/DDS1/TFE4141_Digital_Design_1/oving/oving_2/Vivado_Tutorial/Vivado_Tutorial/Tutorial_Created_Data/project_bft/project_bft.srcs/sources_1/imports/bftLib/round_1.vhdl C:/Users/susan/OneDrive/Dokumenter/studiene/DDS1/TFE4141_Digital_Design_1/oving/oving_2/Vivado_Tutorial/Vivado_Tutorial/Tutorial_Created_Data/project_bft/project_bft.srcs/sources_1/imports/bftLib/round_4.vhdl C:/Users/susan/OneDrive/Dokumenter/studiene/DDS1/TFE4141_Digital_Design_1/oving/oving_2/Vivado_Tutorial/Vivado_Tutorial/Tutorial_Created_Data/project_bft/project_bft.srcs/sources_1/imports/bftLib/core_transform.vhdl C:/Users/susan/OneDrive/Dokumenter/studiene/DDS1/TFE4141_Digital_Design_1/oving/oving_2/Vivado_Tutorial/Vivado_Tutorial/Tutorial_Created_Data/project_bft/project_bft.srcs/sources_1/imports/bftLib/bft_package.vhdl C:/Users/susan/OneDrive/Dokumenter/studiene/DDS1/TFE4141_Digital_Design_1/oving/oving_2/Vivado_Tutorial/Vivado_Tutorial/Tutorial_Created_Data/project_bft/project_bft.srcs/sources_1/imports/bftLib/round_3.vhdl C:/Users/susan/OneDrive/Dokumenter/studiene/DDS1/TFE4141_Digital_Design_1/oving/oving_2/Vivado_Tutorial/Vivado_Tutorial/Tutorial_Created_Data/project_bft/project_bft.srcs/sources_1/imports/bftLib/round_2.vhdl}]
update_compile_order -fileset sources_1
synth_design -rtl -rtl_skip_mlo -name rtl_1
Command: synth_design -rtl -rtl_skip_mlo -name rtl_1
Starting synth_design
Using part: xc7z020clg400-1
Top: bft
INFO: [Synth 8-7079] Multithreading enabled for synth_design using a maximum of 2 processes.
---------------------------------------------------------------------------------
Starting RTL Elaboration : Time (s): cpu = 00:00:06 ; elapsed = 00:00:06 . Memory (MB): peak = 2358.012 ; gain = 0.000
---------------------------------------------------------------------------------
INFO: [Synth 8-11241] undeclared symbol 'RDERR', assumed default net type 'wire' [C:/Users/susan/OneDrive/Dokumenter/studiene/DDS1/TFE4141_Digital_Design_1/oving/oving_2/Vivado_Tutorial/Vivado_Tutorial/Tutorial_Created_Data/project_bft/project_bft.srcs/sources_1/imports/hdl/async_fifo.v:211]
INFO: [Synth 8-11241] undeclared symbol 'WRER', assumed default net type 'wire' [C:/Users/susan/OneDrive/Dokumenter/studiene/DDS1/TFE4141_Digital_Design_1/oving/oving_2/Vivado_Tutorial/Vivado_Tutorial/Tutorial_Created_Data/project_bft/project_bft.srcs/sources_1/imports/hdl/async_fifo.v:212]
INFO: [Synth 8-11241] undeclared symbol 'RDERR', assumed default net type 'wire' [C:/Users/susan/OneDrive/Dokumenter/studiene/DDS1/TFE4141_Digital_Design_1/oving/oving_2/Vivado_Tutorial/Vivado_Tutorial/Tutorial_Created_Data/project_bft/project_bft.srcs/sources_1/imports/hdl/async_fifo.v:218]
INFO: [Synth 8-11241] undeclared symbol 'WRER', assumed default net type 'wire' [C:/Users/susan/OneDrive/Dokumenter/studiene/DDS1/TFE4141_Digital_Design_1/oving/oving_2/Vivado_Tutorial/Vivado_Tutorial/Tutorial_Created_Data/project_bft/project_bft.srcs/sources_1/imports/hdl/async_fifo.v:219]
INFO: [Synth 8-638] synthesizing module 'bft' [C:/Users/susan/OneDrive/Dokumenter/studiene/DDS1/TFE4141_Digital_Design_1/oving/oving_2/Vivado_Tutorial/Vivado_Tutorial/Tutorial_Created_Data/project_bft/project_bft.srcs/sources_1/imports/hdl/bft.vhdl:52]
WARNING: [Synth 8-614] signal 'wbInputData' is read in the process but is not in the sensitivity list [C:/Users/susan/OneDrive/Dokumenter/studiene/DDS1/TFE4141_Digital_Design_1/oving/oving_2/Vivado_Tutorial/Vivado_Tutorial/Tutorial_Created_Data/project_bft/project_bft.srcs/sources_1/imports/hdl/bft.vhdl:94]
WARNING: [Synth 8-614] signal 'wbInputDataStage0' is read in the process but is not in the sensitivity list [C:/Users/susan/OneDrive/Dokumenter/studiene/DDS1/TFE4141_Digital_Design_1/oving/oving_2/Vivado_Tutorial/Vivado_Tutorial/Tutorial_Created_Data/project_bft/project_bft.srcs/sources_1/imports/hdl/bft.vhdl:94]
INFO: [Synth 8-226] default block is never used [C:/Users/susan/OneDrive/Dokumenter/studiene/DDS1/TFE4141_Digital_Design_1/oving/oving_2/Vivado_Tutorial/Vivado_Tutorial/Tutorial_Created_Data/project_bft/project_bft.srcs/sources_1/imports/hdl/bft.vhdl:122]
INFO: [Synth 8-638] synthesizing module 'round_1' [C:/Users/susan/OneDrive/Dokumenter/studiene/DDS1/TFE4141_Digital_Design_1/oving/oving_2/Vivado_Tutorial/Vivado_Tutorial/Tutorial_Created_Data/project_bft/project_bft.srcs/sources_1/imports/bftLib/round_1.vhdl:50]
INFO: [Synth 8-638] synthesizing module 'coreTransform' [C:/Users/susan/OneDrive/Dokumenter/studiene/DDS1/TFE4141_Digital_Design_1/oving/oving_2/Vivado_Tutorial/Vivado_Tutorial/Tutorial_Created_Data/project_bft/project_bft.srcs/sources_1/imports/bftLib/core_transform.vhdl:60]
	Parameter DATA_WIDTH bound to: 16 - type: integer 
WARNING: [Synth 8-5974] attribute "use_dsp48" has been deprecated, please use "use_dsp" instead 
INFO: [Synth 8-256] done synthesizing module 'coreTransform' (0#1) [C:/Users/susan/OneDrive/Dokumenter/studiene/DDS1/TFE4141_Digital_Design_1/oving/oving_2/Vivado_Tutorial/Vivado_Tutorial/Tutorial_Created_Data/project_bft/project_bft.srcs/sources_1/imports/bftLib/core_transform.vhdl:60]
INFO: [Synth 8-256] done synthesizing module 'round_1' (0#1) [C:/Users/susan/OneDrive/Dokumenter/studiene/DDS1/TFE4141_Digital_Design_1/oving/oving_2/Vivado_Tutorial/Vivado_Tutorial/Tutorial_Created_Data/project_bft/project_bft.srcs/sources_1/imports/bftLib/round_1.vhdl:50]
INFO: [Synth 8-638] synthesizing module 'round_2' [C:/Users/susan/OneDrive/Dokumenter/studiene/DDS1/TFE4141_Digital_Design_1/oving/oving_2/Vivado_Tutorial/Vivado_Tutorial/Tutorial_Created_Data/project_bft/project_bft.srcs/sources_1/imports/bftLib/round_2.vhdl:50]
INFO: [Synth 8-256] done synthesizing module 'round_2' (0#1) [C:/Users/susan/OneDrive/Dokumenter/studiene/DDS1/TFE4141_Digital_Design_1/oving/oving_2/Vivado_Tutorial/Vivado_Tutorial/Tutorial_Created_Data/project_bft/project_bft.srcs/sources_1/imports/bftLib/round_2.vhdl:50]
INFO: [Synth 8-638] synthesizing module 'round_3' [C:/Users/susan/OneDrive/Dokumenter/studiene/DDS1/TFE4141_Digital_Design_1/oving/oving_2/Vivado_Tutorial/Vivado_Tutorial/Tutorial_Created_Data/project_bft/project_bft.srcs/sources_1/imports/bftLib/round_3.vhdl:50]
INFO: [Synth 8-256] done synthesizing module 'round_3' (0#1) [C:/Users/susan/OneDrive/Dokumenter/studiene/DDS1/TFE4141_Digital_Design_1/oving/oving_2/Vivado_Tutorial/Vivado_Tutorial/Tutorial_Created_Data/project_bft/project_bft.srcs/sources_1/imports/bftLib/round_3.vhdl:50]
INFO: [Synth 8-638] synthesizing module 'round_4' [C:/Users/susan/OneDrive/Dokumenter/studiene/DDS1/TFE4141_Digital_Design_1/oving/oving_2/Vivado_Tutorial/Vivado_Tutorial/Tutorial_Created_Data/project_bft/project_bft.srcs/sources_1/imports/bftLib/round_4.vhdl:53]
INFO: [Synth 8-256] done synthesizing module 'round_4' (0#1) [C:/Users/susan/OneDrive/Dokumenter/studiene/DDS1/TFE4141_Digital_Design_1/oving/oving_2/Vivado_Tutorial/Vivado_Tutorial/Tutorial_Created_Data/project_bft/project_bft.srcs/sources_1/imports/bftLib/round_4.vhdl:53]
INFO: [Synth 8-3491] module 'FifoBuffer' declared at 'C:/Users/susan/OneDrive/Dokumenter/studiene/DDS1/TFE4141_Digital_Design_1/oving/oving_2/Vivado_Tutorial/Vivado_Tutorial/Tutorial_Created_Data/project_bft/project_bft.srcs/sources_1/imports/hdl/FifoBuffer.v:31' bound to instance 'ingressFifo' of component 'FifoBuffer' [C:/Users/susan/OneDrive/Dokumenter/studiene/DDS1/TFE4141_Digital_Design_1/oving/oving_2/Vivado_Tutorial/Vivado_Tutorial/Tutorial_Created_Data/project_bft/project_bft.srcs/sources_1/imports/hdl/bft.vhdl:249]
INFO: [Synth 8-6157] synthesizing module 'FifoBuffer' [C:/Users/susan/OneDrive/Dokumenter/studiene/DDS1/TFE4141_Digital_Design_1/oving/oving_2/Vivado_Tutorial/Vivado_Tutorial/Tutorial_Created_Data/project_bft/project_bft.srcs/sources_1/imports/hdl/FifoBuffer.v:31]
INFO: [Synth 8-6157] synthesizing module 'async_fifo' [C:/Users/susan/OneDrive/Dokumenter/studiene/DDS1/TFE4141_Digital_Design_1/oving/oving_2/Vivado_Tutorial/Vivado_Tutorial/Tutorial_Created_Data/project_bft/project_bft.srcs/sources_1/imports/hdl/async_fifo.v:38]
	Parameter DEVICE bound to: 7SERIES - type: string 
	Parameter FIFO_WIDTH bound to: 32 - type: integer 
	Parameter FIFO_DEPTH bound to: 10 - type: integer 
	Parameter FIFO_RAM_TYPE bound to: BLOCKRAM - type: string 
INFO: [Synth 8-6155] done synthesizing module 'async_fifo' (0#1) [C:/Users/susan/OneDrive/Dokumenter/studiene/DDS1/TFE4141_Digital_Design_1/oving/oving_2/Vivado_Tutorial/Vivado_Tutorial/Tutorial_Created_Data/project_bft/project_bft.srcs/sources_1/imports/hdl/async_fifo.v:38]
WARNING: [Synth 8-7071] port 'prog_empty' of module 'async_fifo' is unconnected for instance 'buffer_fifo' [C:/Users/susan/OneDrive/Dokumenter/studiene/DDS1/TFE4141_Digital_Design_1/oving/oving_2/Vivado_Tutorial/Vivado_Tutorial/Tutorial_Created_Data/project_bft/project_bft.srcs/sources_1/imports/hdl/FifoBuffer.v:55]
WARNING: [Synth 8-7071] port 'prog_full' of module 'async_fifo' is unconnected for instance 'buffer_fifo' [C:/Users/susan/OneDrive/Dokumenter/studiene/DDS1/TFE4141_Digital_Design_1/oving/oving_2/Vivado_Tutorial/Vivado_Tutorial/Tutorial_Created_Data/project_bft/project_bft.srcs/sources_1/imports/hdl/FifoBuffer.v:55]
WARNING: [Synth 8-7023] instance 'buffer_fifo' of module 'async_fifo' has 12 connections declared, but only 10 given [C:/Users/susan/OneDrive/Dokumenter/studiene/DDS1/TFE4141_Digital_Design_1/oving/oving_2/Vivado_Tutorial/Vivado_Tutorial/Tutorial_Created_Data/project_bft/project_bft.srcs/sources_1/imports/hdl/FifoBuffer.v:55]
INFO: [Synth 8-6155] done synthesizing module 'FifoBuffer' (0#1) [C:/Users/susan/OneDrive/Dokumenter/studiene/DDS1/TFE4141_Digital_Design_1/oving/oving_2/Vivado_Tutorial/Vivado_Tutorial/Tutorial_Created_Data/project_bft/project_bft.srcs/sources_1/imports/hdl/FifoBuffer.v:31]
INFO: [Synth 8-3491] module 'FifoBuffer' declared at 'C:/Users/susan/OneDrive/Dokumenter/studiene/DDS1/TFE4141_Digital_Design_1/oving/oving_2/Vivado_Tutorial/Vivado_Tutorial/Tutorial_Created_Data/project_bft/project_bft.srcs/sources_1/imports/hdl/FifoBuffer.v:31' bound to instance 'ingressFifo' of component 'FifoBuffer' [C:/Users/susan/OneDrive/Dokumenter/studiene/DDS1/TFE4141_Digital_Design_1/oving/oving_2/Vivado_Tutorial/Vivado_Tutorial/Tutorial_Created_Data/project_bft/project_bft.srcs/sources_1/imports/hdl/bft.vhdl:249]
INFO: [Synth 8-3491] module 'FifoBuffer' declared at 'C:/Users/susan/OneDrive/Dokumenter/studiene/DDS1/TFE4141_Digital_Design_1/oving/oving_2/Vivado_Tutorial/Vivado_Tutorial/Tutorial_Created_Data/project_bft/project_bft.srcs/sources_1/imports/hdl/FifoBuffer.v:31' bound to instance 'ingressFifo' of component 'FifoBuffer' [C:/Users/susan/OneDrive/Dokumenter/studiene/DDS1/TFE4141_Digital_Design_1/oving/oving_2/Vivado_Tutorial/Vivado_Tutorial/Tutorial_Created_Data/project_bft/project_bft.srcs/sources_1/imports/hdl/bft.vhdl:249]
INFO: [Synth 8-3491] module 'FifoBuffer' declared at 'C:/Users/susan/OneDrive/Dokumenter/studiene/DDS1/TFE4141_Digital_Design_1/oving/oving_2/Vivado_Tutorial/Vivado_Tutorial/Tutorial_Created_Data/project_bft/project_bft.srcs/sources_1/imports/hdl/FifoBuffer.v:31' bound to instance 'ingressFifo' of component 'FifoBuffer' [C:/Users/susan/OneDrive/Dokumenter/studiene/DDS1/TFE4141_Digital_Design_1/oving/oving_2/Vivado_Tutorial/Vivado_Tutorial/Tutorial_Created_Data/project_bft/project_bft.srcs/sources_1/imports/hdl/bft.vhdl:249]
INFO: [Synth 8-3491] module 'FifoBuffer' declared at 'C:/Users/susan/OneDrive/Dokumenter/studiene/DDS1/TFE4141_Digital_Design_1/oving/oving_2/Vivado_Tutorial/Vivado_Tutorial/Tutorial_Created_Data/project_bft/project_bft.srcs/sources_1/imports/hdl/FifoBuffer.v:31' bound to instance 'ingressFifo' of component 'FifoBuffer' [C:/Users/susan/OneDrive/Dokumenter/studiene/DDS1/TFE4141_Digital_Design_1/oving/oving_2/Vivado_Tutorial/Vivado_Tutorial/Tutorial_Created_Data/project_bft/project_bft.srcs/sources_1/imports/hdl/bft.vhdl:249]
INFO: [Synth 8-3491] module 'FifoBuffer' declared at 'C:/Users/susan/OneDrive/Dokumenter/studiene/DDS1/TFE4141_Digital_Design_1/oving/oving_2/Vivado_Tutorial/Vivado_Tutorial/Tutorial_Created_Data/project_bft/project_bft.srcs/sources_1/imports/hdl/FifoBuffer.v:31' bound to instance 'ingressFifo' of component 'FifoBuffer' [C:/Users/susan/OneDrive/Dokumenter/studiene/DDS1/TFE4141_Digital_Design_1/oving/oving_2/Vivado_Tutorial/Vivado_Tutorial/Tutorial_Created_Data/project_bft/project_bft.srcs/sources_1/imports/hdl/bft.vhdl:249]
INFO: [Synth 8-3491] module 'FifoBuffer' declared at 'C:/Users/susan/OneDrive/Dokumenter/studiene/DDS1/TFE4141_Digital_Design_1/oving/oving_2/Vivado_Tutorial/Vivado_Tutorial/Tutorial_Created_Data/project_bft/project_bft.srcs/sources_1/imports/hdl/FifoBuffer.v:31' bound to instance 'ingressFifo' of component 'FifoBuffer' [C:/Users/susan/OneDrive/Dokumenter/studiene/DDS1/TFE4141_Digital_Design_1/oving/oving_2/Vivado_Tutorial/Vivado_Tutorial/Tutorial_Created_Data/project_bft/project_bft.srcs/sources_1/imports/hdl/bft.vhdl:249]
INFO: [Synth 8-3491] module 'FifoBuffer' declared at 'C:/Users/susan/OneDrive/Dokumenter/studiene/DDS1/TFE4141_Digital_Design_1/oving/oving_2/Vivado_Tutorial/Vivado_Tutorial/Tutorial_Created_Data/project_bft/project_bft.srcs/sources_1/imports/hdl/FifoBuffer.v:31' bound to instance 'ingressFifo' of component 'FifoBuffer' [C:/Users/susan/OneDrive/Dokumenter/studiene/DDS1/TFE4141_Digital_Design_1/oving/oving_2/Vivado_Tutorial/Vivado_Tutorial/Tutorial_Created_Data/project_bft/project_bft.srcs/sources_1/imports/hdl/bft.vhdl:249]
INFO: [Synth 8-3491] module 'FifoBuffer' declared at 'C:/Users/susan/OneDrive/Dokumenter/studiene/DDS1/TFE4141_Digital_Design_1/oving/oving_2/Vivado_Tutorial/Vivado_Tutorial/Tutorial_Created_Data/project_bft/project_bft.srcs/sources_1/imports/hdl/FifoBuffer.v:31' bound to instance 'egressFifo' of component 'FifoBuffer' [C:/Users/susan/OneDrive/Dokumenter/studiene/DDS1/TFE4141_Digital_Design_1/oving/oving_2/Vivado_Tutorial/Vivado_Tutorial/Tutorial_Created_Data/project_bft/project_bft.srcs/sources_1/imports/hdl/bft.vhdl:255]
INFO: [Synth 8-3491] module 'FifoBuffer' declared at 'C:/Users/susan/OneDrive/Dokumenter/studiene/DDS1/TFE4141_Digital_Design_1/oving/oving_2/Vivado_Tutorial/Vivado_Tutorial/Tutorial_Created_Data/project_bft/project_bft.srcs/sources_1/imports/hdl/FifoBuffer.v:31' bound to instance 'egressFifo' of component 'FifoBuffer' [C:/Users/susan/OneDrive/Dokumenter/studiene/DDS1/TFE4141_Digital_Design_1/oving/oving_2/Vivado_Tutorial/Vivado_Tutorial/Tutorial_Created_Data/project_bft/project_bft.srcs/sources_1/imports/hdl/bft.vhdl:255]
INFO: [Synth 8-3491] module 'FifoBuffer' declared at 'C:/Users/susan/OneDrive/Dokumenter/studiene/DDS1/TFE4141_Digital_Design_1/oving/oving_2/Vivado_Tutorial/Vivado_Tutorial/Tutorial_Created_Data/project_bft/project_bft.srcs/sources_1/imports/hdl/FifoBuffer.v:31' bound to instance 'egressFifo' of component 'FifoBuffer' [C:/Users/susan/OneDrive/Dokumenter/studiene/DDS1/TFE4141_Digital_Design_1/oving/oving_2/Vivado_Tutorial/Vivado_Tutorial/Tutorial_Created_Data/project_bft/project_bft.srcs/sources_1/imports/hdl/bft.vhdl:255]
INFO: [Synth 8-3491] module 'FifoBuffer' declared at 'C:/Users/susan/OneDrive/Dokumenter/studiene/DDS1/TFE4141_Digital_Design_1/oving/oving_2/Vivado_Tutorial/Vivado_Tutorial/Tutorial_Created_Data/project_bft/project_bft.srcs/sources_1/imports/hdl/FifoBuffer.v:31' bound to instance 'egressFifo' of component 'FifoBuffer' [C:/Users/susan/OneDrive/Dokumenter/studiene/DDS1/TFE4141_Digital_Design_1/oving/oving_2/Vivado_Tutorial/Vivado_Tutorial/Tutorial_Created_Data/project_bft/project_bft.srcs/sources_1/imports/hdl/bft.vhdl:255]
INFO: [Synth 8-3491] module 'FifoBuffer' declared at 'C:/Users/susan/OneDrive/Dokumenter/studiene/DDS1/TFE4141_Digital_Design_1/oving/oving_2/Vivado_Tutorial/Vivado_Tutorial/Tutorial_Created_Data/project_bft/project_bft.srcs/sources_1/imports/hdl/FifoBuffer.v:31' bound to instance 'egressFifo' of component 'FifoBuffer' [C:/Users/susan/OneDrive/Dokumenter/studiene/DDS1/TFE4141_Digital_Design_1/oving/oving_2/Vivado_Tutorial/Vivado_Tutorial/Tutorial_Created_Data/project_bft/project_bft.srcs/sources_1/imports/hdl/bft.vhdl:255]
INFO: [Synth 8-3491] module 'FifoBuffer' declared at 'C:/Users/susan/OneDrive/Dokumenter/studiene/DDS1/TFE4141_Digital_Design_1/oving/oving_2/Vivado_Tutorial/Vivado_Tutorial/Tutorial_Created_Data/project_bft/project_bft.srcs/sources_1/imports/hdl/FifoBuffer.v:31' bound to instance 'egressFifo' of component 'FifoBuffer' [C:/Users/susan/OneDrive/Dokumenter/studiene/DDS1/TFE4141_Digital_Design_1/oving/oving_2/Vivado_Tutorial/Vivado_Tutorial/Tutorial_Created_Data/project_bft/project_bft.srcs/sources_1/imports/hdl/bft.vhdl:255]
INFO: [Synth 8-3491] module 'FifoBuffer' declared at 'C:/Users/susan/OneDrive/Dokumenter/studiene/DDS1/TFE4141_Digital_Design_1/oving/oving_2/Vivado_Tutorial/Vivado_Tutorial/Tutorial_Created_Data/project_bft/project_bft.srcs/sources_1/imports/hdl/FifoBuffer.v:31' bound to instance 'egressFifo' of component 'FifoBuffer' [C:/Users/susan/OneDrive/Dokumenter/studiene/DDS1/TFE4141_Digital_Design_1/oving/oving_2/Vivado_Tutorial/Vivado_Tutorial/Tutorial_Created_Data/project_bft/project_bft.srcs/sources_1/imports/hdl/bft.vhdl:255]
INFO: [Synth 8-3491] module 'FifoBuffer' declared at 'C:/Users/susan/OneDrive/Dokumenter/studiene/DDS1/TFE4141_Digital_Design_1/oving/oving_2/Vivado_Tutorial/Vivado_Tutorial/Tutorial_Created_Data/project_bft/project_bft.srcs/sources_1/imports/hdl/FifoBuffer.v:31' bound to instance 'egressFifo' of component 'FifoBuffer' [C:/Users/susan/OneDrive/Dokumenter/studiene/DDS1/TFE4141_Digital_Design_1/oving/oving_2/Vivado_Tutorial/Vivado_Tutorial/Tutorial_Created_Data/project_bft/project_bft.srcs/sources_1/imports/hdl/bft.vhdl:255]
INFO: [Synth 8-226] default block is never used [C:/Users/susan/OneDrive/Dokumenter/studiene/DDS1/TFE4141_Digital_Design_1/oving/oving_2/Vivado_Tutorial/Vivado_Tutorial/Tutorial_Created_Data/project_bft/project_bft.srcs/sources_1/imports/hdl/bft.vhdl:288]
INFO: [Synth 8-256] done synthesizing module 'bft' (0#1) [C:/Users/susan/OneDrive/Dokumenter/studiene/DDS1/TFE4141_Digital_Design_1/oving/oving_2/Vivado_Tutorial/Vivado_Tutorial/Tutorial_Created_Data/project_bft/project_bft.srcs/sources_1/imports/hdl/bft.vhdl:52]
WARNING: [Synth 8-6014] Unused sequential element readIngressFifo_reg was removed.  [C:/Users/susan/OneDrive/Dokumenter/studiene/DDS1/TFE4141_Digital_Design_1/oving/oving_2/Vivado_Tutorial/Vivado_Tutorial/Tutorial_Created_Data/project_bft/project_bft.srcs/sources_1/imports/hdl/bft.vhdl:106]
WARNING: [Synth 8-6014] Unused sequential element loadEgressFifo_reg was removed.  [C:/Users/susan/OneDrive/Dokumenter/studiene/DDS1/TFE4141_Digital_Design_1/oving/oving_2/Vivado_Tutorial/Vivado_Tutorial/Tutorial_Created_Data/project_bft/project_bft.srcs/sources_1/imports/hdl/bft.vhdl:208]
---------------------------------------------------------------------------------
Finished RTL Elaboration : Time (s): cpu = 00:00:08 ; elapsed = 00:00:08 . Memory (MB): peak = 2384.707 ; gain = 26.695
---------------------------------------------------------------------------------
---------------------------------------------------------------------------------
Start Handling Custom Attributes
---------------------------------------------------------------------------------
---------------------------------------------------------------------------------
Finished Handling Custom Attributes : Time (s): cpu = 00:00:08 ; elapsed = 00:00:08 . Memory (MB): peak = 2384.707 ; gain = 26.695
---------------------------------------------------------------------------------
---------------------------------------------------------------------------------
Finished RTL Optimization Phase 1 : Time (s): cpu = 00:00:08 ; elapsed = 00:00:08 . Memory (MB): peak = 2384.707 ; gain = 26.695
---------------------------------------------------------------------------------
Netlist sorting complete. Time (s): cpu = 00:00:00 ; elapsed = 00:00:00.087 . Memory (MB): peak = 2384.707 ; gain = 0.000
INFO: [Project 1-570] Preparing netlist for logic optimization

Processing XDC Constraints
Initializing timing engine
Parsing XDC File [C:/Users/susan/OneDrive/Dokumenter/studiene/DDS1/TFE4141_Digital_Design_1/oving/oving_2/Vivado_Tutorial/Vivado_Tutorial/Tutorial_Created_Data/project_bft/project_bft.srcs/constrs_1/imports/oving_2/bft_zynq.xdc]
Finished Parsing XDC File [C:/Users/susan/OneDrive/Dokumenter/studiene/DDS1/TFE4141_Digital_Design_1/oving/oving_2/Vivado_Tutorial/Vivado_Tutorial/Tutorial_Created_Data/project_bft/project_bft.srcs/constrs_1/imports/oving_2/bft_zynq.xdc]
Completed Processing XDC Constraints

Netlist sorting complete. Time (s): cpu = 00:00:00 ; elapsed = 00:00:00.001 . Memory (MB): peak = 2487.242 ; gain = 0.000
INFO: [Project 1-111] Unisim Transformation Summary:
No Unisim elements were transformed.

RTL Elaboration Complete:  : Time (s): cpu = 00:00:23 ; elapsed = 00:00:15 . Memory (MB): peak = 2563.602 ; gain = 205.590
41 Infos, 8 Warnings, 0 Critical Warnings and 0 Errors encountered.
synth_design completed successfully
synth_design: Time (s): cpu = 00:00:23 ; elapsed = 00:00:15 . Memory (MB): peak = 2563.602 ; gain = 205.590
