Vivado Simulator v2024.1
Copyright 1986-2022 Xilinx, Inc. All Rights Reserved.
Copyright 2022-2024 Advanced Micro Devices, Inc. All Rights Reserved.
Running: C:/Xilinx/Vivado/2024.1/bin/unwrapped/win64.o/xelab.exe --incr --debug typical --relax --mt 2 -L xil_defaultlib -L secureip --snapshot assignment_5_tb_func_impl xil_defaultlib.assignment_5_tb -log elaborate.log 
Using 2 slave threads.
Starting static elaboration
Completed static elaboration
Starting simulation data flow analysis
Completed simulation data flow analysis
Time Resolution for simulation is 1ps
Compiling package std.standard
Compiling package std.textio
Compiling package ieee.std_logic_1164
Compiling package ieee.numeric_std
Compiling package ieee.math_real
Compiling package unisim.vcomponents
Compiling package ieee.vital_timing
Compiling package ieee.vital_primitives
Compiling package unisim.vpkg
Compiling architecture bufg_v of entity unisim.BUFG [bufg_default]
Compiling architecture ibuf_v of entity unisim.IBUF [\IBUF(1,9)(1,1)(1,4)(1,7)\]
Compiling architecture obuf_v of entity unisim.OBUF [\OBUF(1,9)(1,7)(1,4)\]
Compiling architecture fdce_v of entity unisim.FDCE [fdce_default]
Compiling architecture carry4_v of entity unisim.CARRY4 [carry4_default]
Compiling architecture structure of entity xil_defaultlib.ALU [alu_default]
Compiling architecture lut6_v of entity unisim.LUT6 [\LUT6(init="11111111111111111111...]
Compiling architecture lut6_v of entity unisim.LUT6 [\LUT6(init="00000000000000000000...]
Compiling architecture lut6_v of entity unisim.LUT6 [\LUT6(init="00000000000000000000...]
Compiling architecture lut1_v of entity unisim.LUT1 [\LUT1(init="0001")(0,3)\]
Compiling architecture lut4_v of entity unisim.LUT4 [\LUT4(init="1101100110011001")(0...]
Compiling architecture fdpe_v of entity unisim.FDPE [\FDPE(init='0')\]
Compiling architecture lut3_v of entity unisim.LUT3 [\LUT3(init="00100100")(0,7)\]
Compiling architecture lut5_v of entity unisim.LUT5 [\LUT5(init="11101111111001000100...]
Compiling architecture lut5_v of entity unisim.LUT5 [\LUT5(init="11110000101010101100...]
Compiling architecture lut6_v of entity unisim.LUT6 [\LUT6(init="11101111000110111110...]
Compiling architecture lut6_v of entity unisim.LUT6 [\LUT6(init="11111011001001111111...]
Compiling architecture lut5_v of entity unisim.LUT5 [\LUT5(init="10101100101011001111...]
Compiling architecture lut5_v of entity unisim.LUT5 [\LUT5(init="10111000101110001111...]
Compiling architecture lut6_v of entity unisim.LUT6 [\LUT6(init="10110111111011011011...]
Compiling architecture lut6_v of entity unisim.LUT6 [\LUT6(init="11101111010011111110...]
Compiling architecture lut6_v of entity unisim.LUT6 [\LUT6(init="10110111101110001011...]
Compiling architecture lut5_v of entity unisim.LUT5 [\LUT5(init="11001111101011111100...]
Compiling architecture lut6_v of entity unisim.LUT6 [\LUT6(init="10011010111110101001...]
Compiling architecture lut6_v of entity unisim.LUT6 [\LUT6(init="11111011001110111111...]
Compiling architecture lut6_v of entity unisim.LUT6 [\LUT6(init="00100000000000100010...]
Compiling architecture lut6_v of entity unisim.LUT6 [\LUT6(init="00010000111001000001...]
Compiling architecture lut6_v of entity unisim.LUT6 [\LUT6(init="01100101011010100000...]
Compiling architecture lut6_v of entity unisim.LUT6 [\LUT6(init="00000000000000000000...]
Compiling architecture lut6_v of entity unisim.LUT6 [\LUT6(init="00011101111000100000...]
Compiling architecture lut6_v of entity unisim.LUT6 [\LUT6(init="10000010100010001000...]
Compiling architecture lut6_v of entity unisim.LUT6 [\LUT6(init="00000010101000100000...]
Compiling architecture lut6_v of entity unisim.LUT6 [\LUT6(init="00100010001000100010...]
Compiling architecture lut5_v of entity unisim.LUT5 [\LUT5(init="00110000010100000011...]
Compiling architecture lut5_v of entity unisim.LUT5 [\LUT5(init="01010101010001010101...]
Compiling architecture lut5_v of entity unisim.LUT5 [\LUT5(init="00000000000100001111...]
Compiling architecture lut6_v of entity unisim.LUT6 [\LUT6(init="00000000001100001010...]
Compiling architecture lut6_v of entity unisim.LUT6 [\LUT6(init="01000100110101000100...]
Compiling architecture lut6_v of entity unisim.LUT6 [\LUT6(init="10001000100010001000...]
Compiling architecture lut6_v of entity unisim.LUT6 [\LUT6(init="11111111111111110000...]
Compiling architecture lut2_v of entity unisim.LUT2 [\LUT2(init="0010")(0,3)\]
Compiling architecture lut5_v of entity unisim.LUT5 [\LUT5(init="00000000000000001110...]
Compiling architecture lut5_v of entity unisim.LUT5 [\LUT5(init="00000010101000101010...]
Compiling architecture lut6_v of entity unisim.LUT6 [\LUT6(init="00100010101100100010...]
Compiling architecture lut6_v of entity unisim.LUT6 [\LUT6(init="11111111111111110010...]
Compiling architecture lut5_v of entity unisim.LUT5 [\LUT5(init="11100010000111010000...]
Compiling architecture lut5_v of entity unisim.LUT5 [\LUT5(init="00101000001000100010...]
Compiling architecture lut5_v of entity unisim.LUT5 [\LUT5(init="10000010100010001000...]
Compiling architecture lut3_v of entity unisim.LUT3 [\LUT3(init="00000110")(0,7)\]
Compiling architecture lut4_v of entity unisim.LUT4 [\LUT4(init="0000000001000000")(0...]
Compiling architecture lut5_v of entity unisim.LUT5 [\LUT5(init="11111011111011110000...]
Compiling architecture lut5_v of entity unisim.LUT5 [\LUT5(init="00001000001000001111...]
Compiling architecture lut5_v of entity unisim.LUT5 [\LUT5(init="01010011010100110000...]
Compiling architecture lut6_v of entity unisim.LUT6 [\LUT6(init="10111010101110101011...]
Compiling architecture lut3_v of entity unisim.LUT3 [\LUT3(init="00000100")(0,7)\]
Compiling architecture lut3_v of entity unisim.LUT3 [\LUT3(init="11011111")(0,7)\]
Compiling architecture lut4_v of entity unisim.LUT4 [\LUT4(init="1111110111011111")(0...]
Compiling architecture lut3_v of entity unisim.LUT3 [\LUT3(init="00001000")(0,7)\]
Compiling architecture structure of entity xil_defaultlib.controller [controller_default]
Compiling architecture structure of entity xil_defaultlib.assignment_5 [assignment_5_default]
Compiling architecture behavioral of entity xil_defaultlib.assignment_5_tb
Built simulation snapshot assignment_5_tb_func_impl
