INFO: [VRFC 10-2263] Analyzing Verilog file "/home/lorang/Documents/TFE4141_Design_av_Digitale_Systemer_1/oving/oving_2/Vivado_Tutorial/Tutorial_Created_Data/project_btf/project_btf.srcs/sources_1/imports/hdl/FifoBuffer.v" into library xil_defaultlib
INFO: [VRFC 10-311] analyzing module FifoBuffer
INFO: [VRFC 10-2263] Analyzing Verilog file "/home/lorang/Documents/TFE4141_Design_av_Digitale_Systemer_1/oving/oving_2/Vivado_Tutorial/Tutorial_Created_Data/project_btf/project_btf.srcs/sources_1/imports/hdl/async_fifo.v" into library xil_defaultlib
INFO: [VRFC 10-311] analyzing module async_fifo
INFO: [VRFC 10-2263] Analyzing Verilog file "/home/lorang/Documents/TFE4141_Design_av_Digitale_Systemer_1/oving/oving_2/Vivado_Tutorial/Tutorial_Created_Data/project_btf/project_btf.srcs/sim_1/imports/hdl/bft_tb.v" into library xil_defaultlib
INFO: [VRFC 10-311] analyzing module bft_tb
INFO: [VRFC 10-2263] Analyzing Verilog file "/home/lorang/Documents/TFE4141_Design_av_Digitale_Systemer_1/oving/oving_2/Vivado_Tutorial/Tutorial_Created_Data/project_btf/project_btf.sim/sim_1/behav/xsim/glbl.v" into library xil_defaultlib
INFO: [VRFC 10-311] analyzing module glbl
INFO: [VRFC 10-163] Analyzing VHDL file "/home/lorang/Documents/TFE4141_Design_av_Digitale_Systemer_1/oving/oving_2/Vivado_Tutorial/Tutorial_Created_Data/project_btf/project_btf.srcs/sources_1/imports/bftLib/bft_package.vhdl" into library bftLib
INFO: [VRFC 10-163] Analyzing VHDL file "/home/lorang/Documents/TFE4141_Design_av_Digitale_Systemer_1/oving/oving_2/Vivado_Tutorial/Tutorial_Created_Data/project_btf/project_btf.srcs/sources_1/imports/bftLib/core_transform.vhdl" into library bftLib
INFO: [VRFC 10-3107] analyzing entity 'coreTransform'
INFO: [VRFC 10-163] Analyzing VHDL file "/home/lorang/Documents/TFE4141_Design_av_Digitale_Systemer_1/oving/oving_2/Vivado_Tutorial/Tutorial_Created_Data/project_btf/project_btf.srcs/sources_1/imports/bftLib/round_1.vhdl" into library bftLib
INFO: [VRFC 10-3107] analyzing entity 'round_1'
INFO: [VRFC 10-163] Analyzing VHDL file "/home/lorang/Documents/TFE4141_Design_av_Digitale_Systemer_1/oving/oving_2/Vivado_Tutorial/Tutorial_Created_Data/project_btf/project_btf.srcs/sources_1/imports/bftLib/round_2.vhdl" into library bftLib
INFO: [VRFC 10-3107] analyzing entity 'round_2'
INFO: [VRFC 10-163] Analyzing VHDL file "/home/lorang/Documents/TFE4141_Design_av_Digitale_Systemer_1/oving/oving_2/Vivado_Tutorial/Tutorial_Created_Data/project_btf/project_btf.srcs/sources_1/imports/bftLib/round_3.vhdl" into library bftLib
INFO: [VRFC 10-3107] analyzing entity 'round_3'
INFO: [VRFC 10-163] Analyzing VHDL file "/home/lorang/Documents/TFE4141_Design_av_Digitale_Systemer_1/oving/oving_2/Vivado_Tutorial/Tutorial_Created_Data/project_btf/project_btf.srcs/sources_1/imports/bftLib/round_4.vhdl" into library bftLib
INFO: [VRFC 10-3107] analyzing entity 'round_4'
INFO: [VRFC 10-163] Analyzing VHDL file "/home/lorang/Documents/TFE4141_Design_av_Digitale_Systemer_1/oving/oving_2/Vivado_Tutorial/Tutorial_Created_Data/project_btf/project_btf.srcs/sources_1/imports/hdl/bft.vhdl" into library xil_defaultlib
INFO: [VRFC 10-3107] analyzing entity 'bft'
