Copyright 1986-2022 Xilinx, Inc. All Rights Reserved. Copyright 2022-2025 Advanced Micro Devices, Inc. All Rights Reserved.
-----------------------------------------------------------------------------------------------------------------------------------------------
| Tool Version : Vivado v.2025.1 (lin64) Build 6140274 Wed May 21 22:58:25 MDT 2025
| Date         : Mon Sep  1 10:36:32 2025
| Host         : laptop running 64-bit Ubuntu 24.04.3 LTS
| Command      : report_methodology -file bft_methodology_drc_routed.rpt -pb bft_methodology_drc_routed.pb -rpx bft_methodology_drc_routed.rpx
| Design       : bft
| Device       : xc7z007sclg400-1
| Speed File   : -1
| Design State : Fully Routed
-----------------------------------------------------------------------------------------------------------------------------------------------

Report Methodology

Table of Contents
-----------------
1. REPORT SUMMARY
2. REPORT DETAILS

1. REPORT SUMMARY
-----------------
            Netlist: netlist
          Floorplan: design_1
      Design limits: <entire design considered>
             Max checks: <unlimited>
             Checks found: 86
+-----------+----------+--------------------------------------------+--------+
| Rule      | Severity | Description                                | Checks |
+-----------+----------+--------------------------------------------+--------+
| SYNTH-6   | Warning  | Timing of a RAM block might be sub-optimal | 16     |
| TIMING-9  | Warning  | Unknown CDC Logic                          | 1      |
| TIMING-18 | Warning  | Missing input or output delay              | 69     |
+-----------+----------+--------------------------------------------+--------+

2. REPORT DETAILS
-----------------
SYNTH-6#1 Warning
Timing of a RAM block might be sub-optimal  
The timing for the instance egressLoop[0].egressFifo/buffer_fifo/infer_fifo.block_ram_performance.fifo_ram_reg, implemented as a RAM block, might be sub-optimal as no output register was merged into the block.
Related violations: <none>

SYNTH-6#2 Warning
Timing of a RAM block might be sub-optimal  
The timing for the instance egressLoop[1].egressFifo/buffer_fifo/infer_fifo.block_ram_performance.fifo_ram_reg, implemented as a RAM block, might be sub-optimal as no output register was merged into the block.
Related violations: <none>

SYNTH-6#3 Warning
Timing of a RAM block might be sub-optimal  
The timing for the instance egressLoop[2].egressFifo/buffer_fifo/infer_fifo.block_ram_performance.fifo_ram_reg, implemented as a RAM block, might be sub-optimal as no output register was merged into the block.
Related violations: <none>

SYNTH-6#4 Warning
Timing of a RAM block might be sub-optimal  
The timing for the instance egressLoop[3].egressFifo/buffer_fifo/infer_fifo.block_ram_performance.fifo_ram_reg, implemented as a RAM block, might be sub-optimal as no output register was merged into the block.
Related violations: <none>

SYNTH-6#5 Warning
Timing of a RAM block might be sub-optimal  
The timing for the instance egressLoop[4].egressFifo/buffer_fifo/infer_fifo.block_ram_performance.fifo_ram_reg, implemented as a RAM block, might be sub-optimal as no output register was merged into the block.
Related violations: <none>

SYNTH-6#6 Warning
Timing of a RAM block might be sub-optimal  
The timing for the instance egressLoop[5].egressFifo/buffer_fifo/infer_fifo.block_ram_performance.fifo_ram_reg, implemented as a RAM block, might be sub-optimal as no output register was merged into the block.
Related violations: <none>

SYNTH-6#7 Warning
Timing of a RAM block might be sub-optimal  
The timing for the instance egressLoop[6].egressFifo/buffer_fifo/infer_fifo.block_ram_performance.fifo_ram_reg, implemented as a RAM block, might be sub-optimal as no output register was merged into the block.
Related violations: <none>

SYNTH-6#8 Warning
Timing of a RAM block might be sub-optimal  
The timing for the instance egressLoop[7].egressFifo/buffer_fifo/infer_fifo.block_ram_performance.fifo_ram_reg, implemented as a RAM block, might be sub-optimal as no output register was merged into the block.
Related violations: <none>

SYNTH-6#9 Warning
Timing of a RAM block might be sub-optimal  
The timing for the instance ingressLoop[0].ingressFifo/buffer_fifo/infer_fifo.block_ram_performance.fifo_ram_reg, implemented as a RAM block, might be sub-optimal as no output register was merged into the block.
Related violations: <none>

SYNTH-6#10 Warning
Timing of a RAM block might be sub-optimal  
The timing for the instance ingressLoop[1].ingressFifo/buffer_fifo/infer_fifo.block_ram_performance.fifo_ram_reg, implemented as a RAM block, might be sub-optimal as no output register was merged into the block.
Related violations: <none>

SYNTH-6#11 Warning
Timing of a RAM block might be sub-optimal  
The timing for the instance ingressLoop[2].ingressFifo/buffer_fifo/infer_fifo.block_ram_performance.fifo_ram_reg, implemented as a RAM block, might be sub-optimal as no output register was merged into the block.
Related violations: <none>

SYNTH-6#12 Warning
Timing of a RAM block might be sub-optimal  
The timing for the instance ingressLoop[3].ingressFifo/buffer_fifo/infer_fifo.block_ram_performance.fifo_ram_reg, implemented as a RAM block, might be sub-optimal as no output register was merged into the block.
Related violations: <none>

SYNTH-6#13 Warning
Timing of a RAM block might be sub-optimal  
The timing for the instance ingressLoop[4].ingressFifo/buffer_fifo/infer_fifo.block_ram_performance.fifo_ram_reg, implemented as a RAM block, might be sub-optimal as no output register was merged into the block.
Related violations: <none>

SYNTH-6#14 Warning
Timing of a RAM block might be sub-optimal  
The timing for the instance ingressLoop[5].ingressFifo/buffer_fifo/infer_fifo.block_ram_performance.fifo_ram_reg, implemented as a RAM block, might be sub-optimal as no output register was merged into the block.
Related violations: <none>

SYNTH-6#15 Warning
Timing of a RAM block might be sub-optimal  
The timing for the instance ingressLoop[6].ingressFifo/buffer_fifo/infer_fifo.block_ram_performance.fifo_ram_reg, implemented as a RAM block, might be sub-optimal as no output register was merged into the block.
Related violations: <none>

SYNTH-6#16 Warning
Timing of a RAM block might be sub-optimal  
The timing for the instance ingressLoop[7].ingressFifo/buffer_fifo/infer_fifo.block_ram_performance.fifo_ram_reg, implemented as a RAM block, might be sub-optimal as no output register was merged into the block.
Related violations: <none>

TIMING-9#1 Warning
Unknown CDC Logic  
One or more asynchronous Clock Domain Crossing has been detected between 2 clock domains through a set_false_path or a set_clock_groups or set_max_delay -datapath_only constraint but no double-registers logic synchronizer has been found on the side of the capture clock. It is recommended to run report_cdc for a complete and detailed CDC coverage. Please consider using XPM_CDC to avoid Critical severities
Related violations: <none>

TIMING-18#1 Warning
Missing input or output delay  
An input delay is missing on reset relative to the rising and/or falling clock edge(s) of bftClk, wbClk.
Related violations: <none>

TIMING-18#2 Warning
Missing input or output delay  
An input delay is missing on wbDataForInput relative to the rising and/or falling clock edge(s) of bftClk, wbClk.
Related violations: <none>

TIMING-18#3 Warning
Missing input or output delay  
An input delay is missing on wbInputData[0] relative to the rising and/or falling clock edge(s) of wbClk.
Related violations: <none>

TIMING-18#4 Warning
Missing input or output delay  
An input delay is missing on wbInputData[10] relative to the rising and/or falling clock edge(s) of wbClk.
Related violations: <none>

TIMING-18#5 Warning
Missing input or output delay  
An input delay is missing on wbInputData[11] relative to the rising and/or falling clock edge(s) of wbClk.
Related violations: <none>

TIMING-18#6 Warning
Missing input or output delay  
An input delay is missing on wbInputData[12] relative to the rising and/or falling clock edge(s) of wbClk.
Related violations: <none>

TIMING-18#7 Warning
Missing input or output delay  
An input delay is missing on wbInputData[13] relative to the rising and/or falling clock edge(s) of wbClk.
Related violations: <none>

TIMING-18#8 Warning
Missing input or output delay  
An input delay is missing on wbInputData[14] relative to the rising and/or falling clock edge(s) of wbClk.
Related violations: <none>

TIMING-18#9 Warning
Missing input or output delay  
An input delay is missing on wbInputData[15] relative to the rising and/or falling clock edge(s) of wbClk.
Related violations: <none>

TIMING-18#10 Warning
Missing input or output delay  
An input delay is missing on wbInputData[16] relative to the rising and/or falling clock edge(s) of wbClk.
Related violations: <none>

TIMING-18#11 Warning
Missing input or output delay  
An input delay is missing on wbInputData[17] relative to the rising and/or falling clock edge(s) of wbClk.
Related violations: <none>

TIMING-18#12 Warning
Missing input or output delay  
An input delay is missing on wbInputData[18] relative to the rising and/or falling clock edge(s) of wbClk.
Related violations: <none>

TIMING-18#13 Warning
Missing input or output delay  
An input delay is missing on wbInputData[19] relative to the rising and/or falling clock edge(s) of wbClk.
Related violations: <none>

TIMING-18#14 Warning
Missing input or output delay  
An input delay is missing on wbInputData[1] relative to the rising and/or falling clock edge(s) of wbClk.
Related violations: <none>

TIMING-18#15 Warning
Missing input or output delay  
An input delay is missing on wbInputData[20] relative to the rising and/or falling clock edge(s) of wbClk.
Related violations: <none>

TIMING-18#16 Warning
Missing input or output delay  
An input delay is missing on wbInputData[21] relative to the rising and/or falling clock edge(s) of wbClk.
Related violations: <none>

TIMING-18#17 Warning
Missing input or output delay  
An input delay is missing on wbInputData[22] relative to the rising and/or falling clock edge(s) of wbClk.
Related violations: <none>

TIMING-18#18 Warning
Missing input or output delay  
An input delay is missing on wbInputData[23] relative to the rising and/or falling clock edge(s) of wbClk.
Related violations: <none>

TIMING-18#19 Warning
Missing input or output delay  
An input delay is missing on wbInputData[24] relative to the rising and/or falling clock edge(s) of wbClk.
Related violations: <none>

TIMING-18#20 Warning
Missing input or output delay  
An input delay is missing on wbInputData[25] relative to the rising and/or falling clock edge(s) of wbClk.
Related violations: <none>

TIMING-18#21 Warning
Missing input or output delay  
An input delay is missing on wbInputData[26] relative to the rising and/or falling clock edge(s) of wbClk.
Related violations: <none>

TIMING-18#22 Warning
Missing input or output delay  
An input delay is missing on wbInputData[27] relative to the rising and/or falling clock edge(s) of wbClk.
Related violations: <none>

TIMING-18#23 Warning
Missing input or output delay  
An input delay is missing on wbInputData[28] relative to the rising and/or falling clock edge(s) of wbClk.
Related violations: <none>

TIMING-18#24 Warning
Missing input or output delay  
An input delay is missing on wbInputData[29] relative to the rising and/or falling clock edge(s) of wbClk.
Related violations: <none>

TIMING-18#25 Warning
Missing input or output delay  
An input delay is missing on wbInputData[2] relative to the rising and/or falling clock edge(s) of wbClk.
Related violations: <none>

TIMING-18#26 Warning
Missing input or output delay  
An input delay is missing on wbInputData[30] relative to the rising and/or falling clock edge(s) of wbClk.
Related violations: <none>

TIMING-18#27 Warning
Missing input or output delay  
An input delay is missing on wbInputData[31] relative to the rising and/or falling clock edge(s) of wbClk.
Related violations: <none>

TIMING-18#28 Warning
Missing input or output delay  
An input delay is missing on wbInputData[3] relative to the rising and/or falling clock edge(s) of wbClk.
Related violations: <none>

TIMING-18#29 Warning
Missing input or output delay  
An input delay is missing on wbInputData[4] relative to the rising and/or falling clock edge(s) of wbClk.
Related violations: <none>

TIMING-18#30 Warning
Missing input or output delay  
An input delay is missing on wbInputData[5] relative to the rising and/or falling clock edge(s) of wbClk.
Related violations: <none>

TIMING-18#31 Warning
Missing input or output delay  
An input delay is missing on wbInputData[6] relative to the rising and/or falling clock edge(s) of wbClk.
Related violations: <none>

TIMING-18#32 Warning
Missing input or output delay  
An input delay is missing on wbInputData[7] relative to the rising and/or falling clock edge(s) of wbClk.
Related violations: <none>

TIMING-18#33 Warning
Missing input or output delay  
An input delay is missing on wbInputData[8] relative to the rising and/or falling clock edge(s) of wbClk.
Related violations: <none>

TIMING-18#34 Warning
Missing input or output delay  
An input delay is missing on wbInputData[9] relative to the rising and/or falling clock edge(s) of wbClk.
Related violations: <none>

TIMING-18#35 Warning
Missing input or output delay  
An input delay is missing on wbWriteOut relative to the rising and/or falling clock edge(s) of wbClk.
Related violations: <none>

TIMING-18#36 Warning
Missing input or output delay  
An output delay is missing on error relative to the rising and/or falling clock edge(s) of wbClk.
Related violations: <none>

TIMING-18#37 Warning
Missing input or output delay  
An output delay is missing on wbDataForOutput relative to the rising and/or falling clock edge(s) of wbClk.
Related violations: <none>

TIMING-18#38 Warning
Missing input or output delay  
An output delay is missing on wbOutputData[0] relative to the rising and/or falling clock edge(s) of wbClk.
Related violations: <none>

TIMING-18#39 Warning
Missing input or output delay  
An output delay is missing on wbOutputData[10] relative to the rising and/or falling clock edge(s) of wbClk.
Related violations: <none>

TIMING-18#40 Warning
Missing input or output delay  
An output delay is missing on wbOutputData[11] relative to the rising and/or falling clock edge(s) of wbClk.
Related violations: <none>

TIMING-18#41 Warning
Missing input or output delay  
An output delay is missing on wbOutputData[12] relative to the rising and/or falling clock edge(s) of wbClk.
Related violations: <none>

TIMING-18#42 Warning
Missing input or output delay  
An output delay is missing on wbOutputData[13] relative to the rising and/or falling clock edge(s) of wbClk.
Related violations: <none>

TIMING-18#43 Warning
Missing input or output delay  
An output delay is missing on wbOutputData[14] relative to the rising and/or falling clock edge(s) of wbClk.
Related violations: <none>

TIMING-18#44 Warning
Missing input or output delay  
An output delay is missing on wbOutputData[15] relative to the rising and/or falling clock edge(s) of wbClk.
Related violations: <none>

TIMING-18#45 Warning
Missing input or output delay  
An output delay is missing on wbOutputData[16] relative to the rising and/or falling clock edge(s) of wbClk.
Related violations: <none>

TIMING-18#46 Warning
Missing input or output delay  
An output delay is missing on wbOutputData[17] relative to the rising and/or falling clock edge(s) of wbClk.
Related violations: <none>

TIMING-18#47 Warning
Missing input or output delay  
An output delay is missing on wbOutputData[18] relative to the rising and/or falling clock edge(s) of wbClk.
Related violations: <none>

TIMING-18#48 Warning
Missing input or output delay  
An output delay is missing on wbOutputData[19] relative to the rising and/or falling clock edge(s) of wbClk.
Related violations: <none>

TIMING-18#49 Warning
Missing input or output delay  
An output delay is missing on wbOutputData[1] relative to the rising and/or falling clock edge(s) of wbClk.
Related violations: <none>

TIMING-18#50 Warning
Missing input or output delay  
An output delay is missing on wbOutputData[20] relative to the rising and/or falling clock edge(s) of wbClk.
Related violations: <none>

TIMING-18#51 Warning
Missing input or output delay  
An output delay is missing on wbOutputData[21] relative to the rising and/or falling clock edge(s) of wbClk.
Related violations: <none>

TIMING-18#52 Warning
Missing input or output delay  
An output delay is missing on wbOutputData[22] relative to the rising and/or falling clock edge(s) of wbClk.
Related violations: <none>

TIMING-18#53 Warning
Missing input or output delay  
An output delay is missing on wbOutputData[23] relative to the rising and/or falling clock edge(s) of wbClk.
Related violations: <none>

TIMING-18#54 Warning
Missing input or output delay  
An output delay is missing on wbOutputData[24] relative to the rising and/or falling clock edge(s) of wbClk.
Related violations: <none>

TIMING-18#55 Warning
Missing input or output delay  
An output delay is missing on wbOutputData[25] relative to the rising and/or falling clock edge(s) of wbClk.
Related violations: <none>

TIMING-18#56 Warning
Missing input or output delay  
An output delay is missing on wbOutputData[26] relative to the rising and/or falling clock edge(s) of wbClk.
Related violations: <none>

TIMING-18#57 Warning
Missing input or output delay  
An output delay is missing on wbOutputData[27] relative to the rising and/or falling clock edge(s) of wbClk.
Related violations: <none>

TIMING-18#58 Warning
Missing input or output delay  
An output delay is missing on wbOutputData[28] relative to the rising and/or falling clock edge(s) of wbClk.
Related violations: <none>

TIMING-18#59 Warning
Missing input or output delay  
An output delay is missing on wbOutputData[29] relative to the rising and/or falling clock edge(s) of wbClk.
Related violations: <none>

TIMING-18#60 Warning
Missing input or output delay  
An output delay is missing on wbOutputData[2] relative to the rising and/or falling clock edge(s) of wbClk.
Related violations: <none>

TIMING-18#61 Warning
Missing input or output delay  
An output delay is missing on wbOutputData[30] relative to the rising and/or falling clock edge(s) of wbClk.
Related violations: <none>

TIMING-18#62 Warning
Missing input or output delay  
An output delay is missing on wbOutputData[31] relative to the rising and/or falling clock edge(s) of wbClk.
Related violations: <none>

TIMING-18#63 Warning
Missing input or output delay  
An output delay is missing on wbOutputData[3] relative to the rising and/or falling clock edge(s) of wbClk.
Related violations: <none>

TIMING-18#64 Warning
Missing input or output delay  
An output delay is missing on wbOutputData[4] relative to the rising and/or falling clock edge(s) of wbClk.
Related violations: <none>

TIMING-18#65 Warning
Missing input or output delay  
An output delay is missing on wbOutputData[5] relative to the rising and/or falling clock edge(s) of wbClk.
Related violations: <none>

TIMING-18#66 Warning
Missing input or output delay  
An output delay is missing on wbOutputData[6] relative to the rising and/or falling clock edge(s) of wbClk.
Related violations: <none>

TIMING-18#67 Warning
Missing input or output delay  
An output delay is missing on wbOutputData[7] relative to the rising and/or falling clock edge(s) of wbClk.
Related violations: <none>

TIMING-18#68 Warning
Missing input or output delay  
An output delay is missing on wbOutputData[8] relative to the rising and/or falling clock edge(s) of wbClk.
Related violations: <none>

TIMING-18#69 Warning
Missing input or output delay  
An output delay is missing on wbOutputData[9] relative to the rising and/or falling clock edge(s) of wbClk.
Related violations: <none>


